164.52.206.209 - - [04/Apr/2021:10:50:44 +0530] "POST /psc/interserverapi/saveimage HTTP/1.1" 200 410 "-" "-"
164.52.206.209 - - [04/Apr/2021:10:51:35 +0530] "POST /psc/interserverapi/saveimage HTTP/1.1" 200 410 "-" "-"
164.52.206.209 - - [04/Apr/2021:10:51:46 +0530] "POST /psc/interserverapi/saveimage HTTP/1.1" 200 410 "-" "-"
164.52.206.209 - - [04/Apr/2021:10:51:46 +0530] "POST /psc/interserverapi/saveimage HTTP/1.1" 200 410 "-" "-"
164.52.207.234 - - [04/Apr/2021:10:51:59 +0530] "GET /psc/upload/wardboundary/allWard.geojson HTTP/1.0" 200 1657006 "-" "-"
164.52.207.234 - - [04/Apr/2021:10:52:00 +0530] "GET /psc/download/weekly_data_2021-04-04.json HTTP/1.0" 200 412 "-" "-"
106.210.116.2 - - [04/Apr/2021:10:51:59 +0530] "GET /psc/dashboard HTTP/1.1" 200 563303 "http://164.52.207.234/psc/home" "Mozilla/5.0 (Linux; Android 9; SM-A730F) AppleWebKit/537.36 (KHTML, like Gecko) Chrome/89.0.4389.90 Mobile Safari/537.36"
106.210.116.2 - - [04/Apr/2021:10:52:07 +0530] "GET /psc/assets/images/favicon.png HTTP/1.1" 200 15817 "http://164.52.207.234/psc/dashboard" "Mozilla/5.0 (Linux; Android 9; SM-A730F) AppleWebKit/537.36 (KHTML, like Gecko) Chrome/89.0.4389.90 Mobile Safari/537.36"
164.52.206.209 - - [04/Apr/2021:10:52:22 +0530] "POST /psc/interserverapi/saveimage HTTP/1.1" 200 410 "-" "-"
164.52.206.209 - - [04/Apr/2021:10:52:34 +0530] "POST /psc/interserverapi/saveimage HTTP/1.1" 200 410 "-" "-"
164.52.206.209 - - [04/Apr/2021:10:52:34 +0530] "POST /psc/interserverapi/saveimage HTTP/1.1" 200 410 "-" "-"
164.52.206.209 - - [04/Apr/2021:10:52:44 +0530] "POST /psc/interserverapi/saveimage HTTP/1.1" 200 410 "-" "-"
164.52.206.209 - - [04/Apr/2021:10:52:44 +0530] "POST /psc/interserverapi/saveimage HTTP/1.1" 200 410 "-" "-"
106.210.116.2 - - [04/Apr/2021:10:52:51 +0530] "-" 408 0 "-" "-"
164.52.206.209 - - [04/Apr/2021:10:53:09 +0530] "POST /psc/interserverapi/saveimage HTTP/1.1" 200 410 "-" "-"
164.52.206.209 - - [04/Apr/2021:10:53:15 +0530] "POST /psc/interserverapi/saveimage HTTP/1.1" 200 410 "-" "-"
164.52.206.209 - - [04/Apr/2021:10:53:16 +0530] "POST /psc/interserverapi/saveimage HTTP/1.1" 200 410 "-" "-"
164.52.206.209 - - [04/Apr/2021:10:53:33 +0530] "POST /psc/interserverapi/saveimage HTTP/1.1" 200 410 "-" "-"
164.52.206.209 - - [04/Apr/2021:10:53:39 +0530] "POST /psc/interserverapi/saveimage HTTP/1.1" 200 410 "-" "-"
164.52.206.209 - - [04/Apr/2021:10:53:52 +0530] "POST /psc/interserverapi/saveimage HTTP/1.1" 200 410 "-" "-"
164.52.206.209 - - [04/Apr/2021:10:54:22 +0530] "POST /psc/interserverapi/saveimage HTTP/1.1" 200 410 "-" "-"
164.52.206.209 - - [04/Apr/2021:10:55:18 +0530] "POST /psc/interserverapi/saveimage HTTP/1.1" 200 410 "-" "-"
164.52.206.209 - - [04/Apr/2021:10:55:33 +0530] "POST /psc/interserverapi/saveimage HTTP/1.1" 200 410 "-" "-"
164.52.206.209 - - [04/Apr/2021:10:56:09 +0530] "POST /psc/interserverapi/saveimage HTTP/1.1" 200 410 "-" "-"
164.52.206.209 - - [04/Apr/2021:10:56:19 +0530] "POST /psc/interserverapi/saveimage HTTP/1.1" 200 410 "-" "-"
164.52.206.209 - - [04/Apr/2021:10:56:26 +0530] "POST /psc/interserverapi/saveimage HTTP/1.1" 200 410 "-" "-"
164.52.206.209 - - [04/Apr/2021:10:56:37 +0530] "POST /psc/interserverapi/saveimage HTTP/1.1" 200 410 "-" "-"
164.52.206.209 - - [04/Apr/2021:10:56:37 +0530] "POST /psc/interserverapi/isDuplicate HTTP/1.1" 200 397 "-" "-"
164.52.206.209 - - [04/Apr/2021:10:56:37 +0530] "POST /psc/interserverapi/saveimage HTTP/1.1" 200 410 "-" "-"
164.52.206.209 - - [04/Apr/2021:10:57:24 +0530] "POST /psc/interserverapi/saveimage HTTP/1.1" 200 410 "-" "-"
164.52.206.209 - - [04/Apr/2021:10:57:27 +0530] "POST /psc/interserverapi/saveimage HTTP/1.1" 200 410 "-" "-"
164.52.206.209 - - [04/Apr/2021:10:58:20 +0530] "POST /psc/interserverapi/saveimage HTTP/1.1" 200 410 "-" "-"
164.52.206.209 - - [04/Apr/2021:10:58:26 +0530] "POST /psc/interserverapi/saveimage HTTP/1.1" 200 410 "-" "-"
164.52.206.209 - - [04/Apr/2021:10:58:51 +0530] "POST /psc/interserverapi/saveimage HTTP/1.1" 200 410 "-" "-"
164.52.207.234 - - [04/Apr/2021:10:59:12 +0530] "GET /psc/upload/wardboundary/allWard.geojson HTTP/1.0" 200 1657006 "-" "-"
164.52.206.209 - - [04/Apr/2021:10:59:12 +0530] "POST /psc/interserverapi/saveimage HTTP/1.1" 200 410 "-" "-"
164.52.207.234 - - [04/Apr/2021:10:59:12 +0530] "GET /psc/download/weekly_data_2021-04-04.json HTTP/1.0" 200 412 "-" "-"
164.52.207.234 - - [04/Apr/2021:10:59:15 +0530] "GET /psc/upload/wardboundary/allWard.geojson HTTP/1.0" 200 1657006 "-" "-"
164.52.207.234 - - [04/Apr/2021:10:59:15 +0530] "GET /psc/download/weekly_data_2021-04-04.json HTTP/1.0" 200 412 "-" "-"
106.210.116.2 - - [04/Apr/2021:10:59:12 +0530] "GET /psc/dashboard HTTP/1.1" 200 56267 "http://164.52.207.234/psc/home" "Mozilla/5.0 (Linux; Android 9; SM-A730F) AppleWebKit/537.36 (KHTML, like Gecko) Chrome/89.0.4389.90 Mobile Safari/537.36"
106.210.116.2 - - [04/Apr/2021:10:59:15 +0530] "GET /psc/dashboard HTTP/1.1" 200 563175 "http://164.52.207.234/psc/home" "Mozilla/5.0 (Linux; Android 9; SM-A730F) AppleWebKit/537.36 (KHTML, like Gecko) Chrome/89.0.4389.90 Mobile Safari/537.36"
106.210.116.2 - - [04/Apr/2021:10:59:18 +0530] "GET /psc/assets/images/favicon.png HTTP/1.1" 200 15817 "http://164.52.207.234/psc/dashboard" "Mozilla/5.0 (Linux; Android 9; SM-A730F) AppleWebKit/537.36 (KHTML, like Gecko) Chrome/89.0.4389.90 Mobile Safari/537.36"
164.52.206.209 - - [04/Apr/2021:10:59:33 +0530] "POST /psc/interserverapi/saveimage HTTP/1.1" 200 410 "-" "-"
164.52.206.209 - - [04/Apr/2021:10:59:56 +0530] "POST /psc/interserverapi/saveimage HTTP/1.1" 200 410 "-" "-"
164.52.206.209 - - [04/Apr/2021:11:00:04 +0530] "POST /psc/interserverapi/saveimage HTTP/1.1" 200 410 "-" "-"
164.52.206.209 - - [04/Apr/2021:11:00:06 +0530] "POST /psc/interserverapi/saveimage HTTP/1.1" 200 410 "-" "-"
106.210.116.2 - - [04/Apr/2021:11:00:06 +0530] "-" 408 0 "-" "-"
223.230.142.14 - - [04/Apr/2021:11:00:51 +0530] "GET /psc/ HTTP/1.1" 200 2029 "-" "Mozilla/5.0 (Linux; Android 11; RMX2161) AppleWebKit/537.36 (KHTML, like Gecko) Chrome/87.0.4280.141 Mobile Safari/537.36"
223.230.142.14 - - [04/Apr/2021:11:00:57 +0530] "POST /psc/home/authorizationnosql HTTP/1.1" 303 367 "http://164.52.207.234/psc/" "Mozilla/5.0 (Linux; Android 11; RMX2161) AppleWebKit/537.36 (KHTML, like Gecko) Chrome/87.0.4280.141 Mobile Safari/537.36"
164.52.207.234 - - [04/Apr/2021:11:00:58 +0530] "GET /psc/upload/wardboundary/allWard.geojson HTTP/1.0" 200 1657006 "-" "-"
164.52.207.234 - - [04/Apr/2021:11:00:58 +0530] "GET /psc/download/weekly_data_2021-04-04.json HTTP/1.0" 200 412 "-" "-"
223.230.142.14 - - [04/Apr/2021:11:00:58 +0530] "GET /psc/dashboard HTTP/1.1" 200 563167 "http://164.52.207.234/psc/" "Mozilla/5.0 (Linux; Android 11; RMX2161) AppleWebKit/537.36 (KHTML, like Gecko) Chrome/87.0.4280.141 Mobile Safari/537.36"
164.52.207.234 - - [04/Apr/2021:11:01:12 +0530] "GET /psc/upload/wardboundary/ward8.geojson HTTP/1.0" 200 30726 "-" "-"
223.230.142.14 - - [04/Apr/2021:11:01:12 +0530] "POST /psc/dashboard/getWardMapDetails/8 HTTP/1.1" 200 11554 "http://164.52.207.234/psc/dashboard" "Mozilla/5.0 (Linux; Android 11; RMX2161) AppleWebKit/537.36 (KHTML, like Gecko) Chrome/87.0.4280.141 Mobile Safari/537.36"
164.52.207.234 - - [04/Apr/2021:11:01:30 +0530] "GET /psc/upload/wardboundary/ward8.geojson HTTP/1.0" 200 30726 "-" "-"
223.230.142.14 - - [04/Apr/2021:11:01:29 +0530] "GET /psc/dashboard/overallwardinfo/8 HTTP/1.1" 200 69940 "http://164.52.207.234/psc/dashboard" "Mozilla/5.0 (Linux; Android 11; RMX2161) AppleWebKit/537.36 (KHTML, like Gecko) Chrome/87.0.4280.141 Mobile Safari/537.36"
164.52.206.209 - - [04/Apr/2021:11:01:47 +0530] "POST /psc/interserverapi/saveimage HTTP/1.1" 200 410 "-" "-"
45.85.90.13 - - [04/Apr/2021:11:01:56 +0530] "POST /boaform/admin/formLogin HTTP/1.1" 404 493 "http://164.52.207.234:80/admin/login.asp" "Mozilla/5.0 (X11; Ubuntu; Linux x86_64; rv:71.0) Gecko/20100101 Firefox/71.0"
164.52.206.209 - - [04/Apr/2021:11:02:15 +0530] "GET /psc/upload/wardboundary/ward65.geojson HTTP/1.0" 200 26100 "-" "-"
164.52.206.209 - - [04/Apr/2021:11:02:34 +0530] "POST /psc/interserverapi/saveimage HTTP/1.1" 200 410 "-" "-"
164.52.206.209 - - [04/Apr/2021:11:03:24 +0530] "POST /psc/interserverapi/isDuplicate HTTP/1.1" 200 397 "-" "-"
164.52.206.209 - - [04/Apr/2021:11:03:24 +0530] "POST /psc/interserverapi/saveimage HTTP/1.1" 200 410 "-" "-"
164.52.206.209 - - [04/Apr/2021:11:03:46 +0530] "POST /psc/interserverapi/saveimage HTTP/1.1" 200 410 "-" "-"
164.52.206.209 - - [04/Apr/2021:11:03:59 +0530] "POST /psc/interserverapi/saveimage HTTP/1.1" 200 410 "-" "-"
164.52.206.209 - - [04/Apr/2021:11:04:31 +0530] "POST /psc/interserverapi/saveimage HTTP/1.1" 200 410 "-" "-"
164.52.206.209 - - [04/Apr/2021:11:04:51 +0530] "POST /psc/interserverapi/saveimage HTTP/1.1" 200 410 "-" "-"
164.52.206.209 - - [04/Apr/2021:11:04:52 +0530] "POST /psc/interserverapi/saveimage HTTP/1.1" 200 410 "-" "-"
164.52.206.209 - - [04/Apr/2021:11:05:03 +0530] "POST /psc/interserverapi/saveimage HTTP/1.1" 200 410 "-" "-"
164.52.206.209 - - [04/Apr/2021:11:05:15 +0530] "POST /psc/interserverapi/saveimage HTTP/1.1" 200 410 "-" "-"
164.52.206.209 - - [04/Apr/2021:11:05:22 +0530] "POST /psc/interserverapi/saveimage HTTP/1.1" 200 410 "-" "-"
164.52.206.209 - - [04/Apr/2021:11:05:28 +0530] "POST /psc/interserverapi/saveimage HTTP/1.1" 200 410 "-" "-"
164.52.206.209 - - [04/Apr/2021:11:05:39 +0530] "POST /psc/interserverapi/saveimage HTTP/1.1" 200 410 "-" "-"
164.52.206.209 - - [04/Apr/2021:11:06:27 +0530] "POST /psc/interserverapi/isDuplicate HTTP/1.1" 200 397 "-" "-"
164.52.206.209 - - [04/Apr/2021:11:06:27 +0530] "POST /psc/interserverapi/saveimage HTTP/1.1" 200 410 "-" "-"
164.52.206.209 - - [04/Apr/2021:11:06:55 +0530] "POST /psc/interserverapi/saveimage HTTP/1.1" 200 410 "-" "-"
164.52.206.209 - - [04/Apr/2021:11:07:33 +0530] "POST /psc/interserverapi/saveimage HTTP/1.1" 200 410 "-" "-"
164.52.206.209 - - [04/Apr/2021:11:07:59 +0530] "POST /psc/interserverapi/saveimage HTTP/1.1" 200 410 "-" "-"
164.52.206.209 - - [04/Apr/2021:11:08:06 +0530] "POST /psc/interserverapi/saveimage HTTP/1.1" 200 410 "-" "-"
164.52.206.209 - - [04/Apr/2021:11:08:32 +0530] "POST /psc/interserverapi/saveimage HTTP/1.1" 200 410 "-" "-"
164.52.206.209 - - [04/Apr/2021:11:08:34 +0530] "POST /psc/interserverapi/saveimage HTTP/1.1" 200 410 "-" "-"
164.52.206.209 - - [04/Apr/2021:11:08:37 +0530] "POST /psc/interserverapi/saveimage HTTP/1.1" 200 410 "-" "-"
164.52.206.209 - - [04/Apr/2021:11:08:42 +0530] "POST /psc/interserverapi/saveimage HTTP/1.1" 200 410 "-" "-"
164.52.206.209 - - [04/Apr/2021:11:08:55 +0530] "POST /psc/interserverapi/saveimage HTTP/1.1" 200 410 "-" "-"
164.52.206.209 - - [04/Apr/2021:11:08:59 +0530] "POST /psc/interserverapi/saveimage HTTP/1.1" 200 410 "-" "-"
164.52.206.209 - - [04/Apr/2021:11:09:20 +0530] "POST /psc/interserverapi/saveimage HTTP/1.1" 200 410 "-" "-"
164.52.206.209 - - [04/Apr/2021:11:09:31 +0530] "POST /psc/interserverapi/saveimage HTTP/1.1" 200 410 "-" "-"
164.52.206.209 - - [04/Apr/2021:11:09:32 +0530] "POST /psc/interserverapi/saveimage HTTP/1.1" 200 410 "-" "-"
164.52.206.209 - - [04/Apr/2021:11:09:49 +0530] "POST /psc/interserverapi/saveimage HTTP/1.1" 200 410 "-" "-"
157.42.8.21 - - [04/Apr/2021:11:10:38 +0530] "GET /psc HTTP/1.1" 301 577 "-" "Mozilla/5.0 (Linux; Android 10; CPH1819) AppleWebKit/537.36 (KHTML, like Gecko) Chrome/89.0.4389.86 Mobile Safari/537.36"
157.42.8.21 - - [04/Apr/2021:11:10:38 +0530] "GET /psc/ HTTP/1.1" 200 2028 "-" "Mozilla/5.0 (Linux; Android 10; CPH1819) AppleWebKit/537.36 (KHTML, like Gecko) Chrome/89.0.4389.86 Mobile Safari/537.36"
157.42.8.21 - - [04/Apr/2021:11:10:38 +0530] "GET /psc/css/stylenew.css HTTP/1.1" 200 2997 "http://164.52.207.234/psc/" "Mozilla/5.0 (Linux; Android 10; CPH1819) AppleWebKit/537.36 (KHTML, like Gecko) Chrome/89.0.4389.86 Mobile Safari/537.36"
157.42.8.21 - - [04/Apr/2021:11:10:40 +0530] "GET /psc/images/logo.png HTTP/1.1" 200 13263 "http://164.52.207.234/psc/" "Mozilla/5.0 (Linux; Android 10; CPH1819) AppleWebKit/537.36 (KHTML, like Gecko) Chrome/89.0.4389.86 Mobile Safari/537.36"
157.42.8.21 - - [04/Apr/2021:11:10:40 +0530] "GET /psc/images/showcase.jpg HTTP/1.1" 200 88238 "http://164.52.207.234/psc/css/stylenew.css" "Mozilla/5.0 (Linux; Android 10; CPH1819) AppleWebKit/537.36 (KHTML, like Gecko) Chrome/89.0.4389.86 Mobile Safari/537.36"
157.42.8.21 - - [04/Apr/2021:11:10:40 +0530] "GET /psc/images/favicon.png HTTP/1.1" 200 8335 "http://164.52.207.234/psc/" "Mozilla/5.0 (Linux; Android 10; CPH1819) AppleWebKit/537.36 (KHTML, like Gecko) Chrome/89.0.4389.86 Mobile Safari/537.36"
157.42.8.21 - - [04/Apr/2021:11:11:01 +0530] "POST /psc/home/authorizationnosql HTTP/1.1" 303 367 "http://164.52.207.234/psc/" "Mozilla/5.0 (Linux; Android 10; CPH1819) AppleWebKit/537.36 (KHTML, like Gecko) Chrome/89.0.4389.86 Mobile Safari/537.36"
164.52.207.234 - - [04/Apr/2021:11:11:01 +0530] "GET /psc/upload/wardboundary/allWard.geojson HTTP/1.0" 200 1657006 "-" "-"
164.52.207.234 - - [04/Apr/2021:11:11:01 +0530] "GET /psc/download/weekly_data_2021-04-04.json HTTP/1.0" 200 412 "-" "-"
157.42.8.21 - - [04/Apr/2021:11:11:06 +0530] "GET /psc/assets/libs/flot/css/float-chart.css HTTP/1.1" 200 717 "http://164.52.207.234/psc/dashboard" "Mozilla/5.0 (Linux; Android 10; CPH1819) AppleWebKit/537.36 (KHTML, like Gecko) Chrome/89.0.4389.86 Mobile Safari/537.36"
157.42.8.21 - - [04/Apr/2021:11:11:07 +0530] "GET /psc/dist/css/custom.css HTTP/1.1" 200 764 "http://164.52.207.234/psc/dashboard" "Mozilla/5.0 (Linux; Android 10; CPH1819) AppleWebKit/537.36 (KHTML, like Gecko) Chrome/89.0.4389.86 Mobile Safari/537.36"
157.42.8.21 - - [04/Apr/2021:11:11:07 +0530] "GET /psc/dist/css/stylealt.css HTTP/1.1" 200 38604 "http://164.52.207.234/psc/dashboard" "Mozilla/5.0 (Linux; Android 10; CPH1819) AppleWebKit/537.36 (KHTML, like Gecko) Chrome/89.0.4389.86 Mobile Safari/537.36"
157.42.8.21 - - [04/Apr/2021:11:11:07 +0530] "GET /psc/css/jquery-ui.css HTTP/1.1" 200 8716 "http://164.52.207.234/psc/dashboard" "Mozilla/5.0 (Linux; Android 10; CPH1819) AppleWebKit/537.36 (KHTML, like Gecko) Chrome/89.0.4389.86 Mobile Safari/537.36"
157.42.8.21 - - [04/Apr/2021:11:11:07 +0530] "GET /psc/assets/fontawesome/css/all.css HTTP/1.1" 200 11406 "http://164.52.207.234/psc/dashboard" "Mozilla/5.0 (Linux; Android 10; CPH1819) AppleWebKit/537.36 (KHTML, like Gecko) Chrome/89.0.4389.86 Mobile Safari/537.36"
157.42.8.21 - - [04/Apr/2021:11:11:07 +0530] "GET /psc/js/leaflet/leaflet.label.css HTTP/1.1" 200 787 "http://164.52.207.234/psc/dashboard" "Mozilla/5.0 (Linux; Android 10; CPH1819) AppleWebKit/537.36 (KHTML, like Gecko) Chrome/89.0.4389.86 Mobile Safari/537.36"
157.42.8.21 - - [04/Apr/2021:11:11:07 +0530] "GET /psc/js/leaflet/leaflet.fullscreen.css HTTP/1.1" 200 722 "http://164.52.207.234/psc/dashboard" "Mozilla/5.0 (Linux; Android 10; CPH1819) AppleWebKit/537.36 (KHTML, like Gecko) Chrome/89.0.4389.86 Mobile Safari/537.36"
157.42.8.21 - - [04/Apr/2021:11:11:07 +0530] "GET /psc/js/jquery.min.js HTTP/1.1" 200 30660 "http://164.52.207.234/psc/dashboard" "Mozilla/5.0 (Linux; Android 10; CPH1819) AppleWebKit/537.36 (KHTML, like Gecko) Chrome/89.0.4389.86 Mobile Safari/537.36"
157.42.8.21 - - [04/Apr/2021:11:11:07 +0530] "GET /psc/dist/chart/utils.js HTTP/1.1" 200 1776 "http://164.52.207.234/psc/dashboard" "Mozilla/5.0 (Linux; Android 10; CPH1819) AppleWebKit/537.36 (KHTML, like Gecko) Chrome/89.0.4389.86 Mobile Safari/537.36"
157.42.8.21 - - [04/Apr/2021:11:11:07 +0530] "GET /psc/dist/css/icons/font-awesome/css/fontawesome-all.css HTTP/1.1" 200 8834 "http://164.52.207.234/psc/dist/css/stylealt.css" "Mozilla/5.0 (Linux; Android 10; CPH1819) AppleWebKit/537.36 (KHTML, like Gecko) Chrome/89.0.4389.86 Mobile Safari/537.36"
157.42.8.21 - - [04/Apr/2021:11:11:07 +0530] "GET /psc/dist/css/icons/themify-icons/themify-icons.css HTTP/1.1" 200 3347 "http://164.52.207.234/psc/dist/css/stylealt.css" "Mozilla/5.0 (Linux; Android 10; CPH1819) AppleWebKit/537.36 (KHTML, like Gecko) Chrome/89.0.4389.86 Mobile Safari/537.36"
157.42.8.21 - - [04/Apr/2021:11:11:07 +0530] "GET /psc/dist/css/icons/material-design-iconic-font/css/materialdesignicons.min.css HTTP/1.1" 200 14960 "http://164.52.207.234/psc/dist/css/stylealt.css" "Mozilla/5.0 (Linux; Android 10; CPH1819) AppleWebKit/537.36 (KHTML, like Gecko) Chrome/89.0.4389.86 Mobile Safari/537.36"
157.42.8.21 - - [04/Apr/2021:11:11:07 +0530] "GET /psc/js/jquery-ui.js HTTP/1.1" 200 108395 "http://164.52.207.234/psc/dashboard" "Mozilla/5.0 (Linux; Android 10; CPH1819) AppleWebKit/537.36 (KHTML, like Gecko) Chrome/89.0.4389.86 Mobile Safari/537.36"
157.42.8.21 - - [04/Apr/2021:11:11:07 +0530] "GET /psc/dist/chart/Chart.js HTTP/1.1" 200 106157 "http://164.52.207.234/psc/dashboard" "Mozilla/5.0 (Linux; Android 10; CPH1819) AppleWebKit/537.36 (KHTML, like Gecko) Chrome/89.0.4389.86 Mobile Safari/537.36"
157.42.8.21 - - [04/Apr/2021:11:11:07 +0530] "GET /psc/js/leaflet/leaflet.label.js HTTP/1.1" 200 2608 "http://164.52.207.234/psc/dashboard" "Mozilla/5.0 (Linux; Android 10; CPH1819) AppleWebKit/537.36 (KHTML, like Gecko) Chrome/89.0.4389.86 Mobile Safari/537.36"
157.42.8.21 - - [04/Apr/2021:11:11:07 +0530] "GET /psc/js/leaflet/Leaflet.fullscreen.min.js HTTP/1.1" 200 1431 "http://164.52.207.234/psc/dashboard" "Mozilla/5.0 (Linux; Android 10; CPH1819) AppleWebKit/537.36 (KHTML, like Gecko) Chrome/89.0.4389.86 Mobile Safari/537.36"
157.42.8.21 - - [04/Apr/2021:11:11:01 +0530] "GET /psc/dashboard HTTP/1.1" 200 563177 "http://164.52.207.234/psc/" "Mozilla/5.0 (Linux; Android 10; CPH1819) AppleWebKit/537.36 (KHTML, like Gecko) Chrome/89.0.4389.86 Mobile Safari/537.36"
157.42.8.21 - - [04/Apr/2021:11:11:08 +0530] "GET /psc/dist/css/icons/themify-icons/fonts/themify.woff HTTP/1.1" 200 56407 "http://164.52.207.234/psc/dist/css/icons/themify-icons/themify-icons.css" "Mozilla/5.0 (Linux; Android 10; CPH1819) AppleWebKit/537.36 (KHTML, like Gecko) Chrome/89.0.4389.86 Mobile Safari/537.36"
157.42.8.21 - - [04/Apr/2021:11:11:08 +0530] "GET /psc/assets/images/logo-icon.png HTTP/1.1" 200 15359 "http://164.52.207.234/psc/dashboard" "Mozilla/5.0 (Linux; Android 10; CPH1819) AppleWebKit/537.36 (KHTML, like Gecko) Chrome/89.0.4389.86 Mobile Safari/537.36"
157.42.8.21 - - [04/Apr/2021:11:11:08 +0530] "GET /psc/assets/images/users/1.jpg HTTP/1.1" 200 10496 "http://164.52.207.234/psc/dashboard" "Mozilla/5.0 (Linux; Android 10; CPH1819) AppleWebKit/537.36 (KHTML, like Gecko) Chrome/89.0.4389.86 Mobile Safari/537.36"
157.42.8.21 - - [04/Apr/2021:11:11:08 +0530] "GET /psc/assets/images/psc.png HTTP/1.1" 200 1782 "http://164.52.207.234/psc/dashboard" "Mozilla/5.0 (Linux; Android 10; CPH1819) AppleWebKit/537.36 (KHTML, like Gecko) Chrome/89.0.4389.86 Mobile Safari/537.36"
157.42.8.21 - - [04/Apr/2021:11:11:08 +0530] "GET /psc/dist/css/icons/material-design-iconic-font//fonts/materialdesignicons-webfont.woff2?v=1.8.36 HTTP/1.1" 200 99999 "http://164.52.207.234/psc/dist/css/icons/material-design-iconic-font/css/materialdesignicons.min.css" "Mozilla/5.0 (Linux; Android 10; CPH1819) AppleWebKit/537.36 (KHTML, like Gecko) Chrome/89.0.4389.86 Mobile Safari/537.36"
157.42.8.21 - - [04/Apr/2021:11:11:08 +0530] "GET /psc/assets/libs/popper.js/dist/umd/popper.min.js HTTP/1.1" 200 7596 "http://164.52.207.234/psc/dashboard" "Mozilla/5.0 (Linux; Android 10; CPH1819) AppleWebKit/537.36 (KHTML, like Gecko) Chrome/89.0.4389.86 Mobile Safari/537.36"
157.42.8.21 - - [04/Apr/2021:11:11:08 +0530] "GET /psc/assets/libs/bootstrap/dist/js/bootstrap.min.js HTTP/1.1" 200 14397 "http://164.52.207.234/psc/dashboard" "Mozilla/5.0 (Linux; Android 10; CPH1819) AppleWebKit/537.36 (KHTML, like Gecko) Chrome/89.0.4389.86 Mobile Safari/537.36"
157.42.8.21 - - [04/Apr/2021:11:11:08 +0530] "GET /psc/assets/libs/perfect-scrollbar/dist/perfect-scrollbar.jquery.min.js HTTP/1.1" 200 9400 "http://164.52.207.234/psc/dashboard" "Mozilla/5.0 (Linux; Android 10; CPH1819) AppleWebKit/537.36 (KHTML, like Gecko) Chrome/89.0.4389.86 Mobile Safari/537.36"
157.42.8.21 - - [04/Apr/2021:11:11:08 +0530] "GET /psc/assets/extra-libs/sparkline/sparkline.js HTTP/1.1" 200 13380 "http://164.52.207.234/psc/dashboard" "Mozilla/5.0 (Linux; Android 10; CPH1819) AppleWebKit/537.36 (KHTML, like Gecko) Chrome/89.0.4389.86 Mobile Safari/537.36"
157.42.8.21 - - [04/Apr/2021:11:11:08 +0530] "GET /psc/images/infinity.gif HTTP/1.1" 200 64922 "http://164.52.207.234/psc/dashboard" "Mozilla/5.0 (Linux; Android 10; CPH1819) AppleWebKit/537.36 (KHTML, like Gecko) Chrome/89.0.4389.86 Mobile Safari/537.36"
157.42.8.21 - - [04/Apr/2021:11:11:09 +0530] "GET /psc/dist/js/waves.js HTTP/1.1" 200 1870 "http://164.52.207.234/psc/dashboard" "Mozilla/5.0 (Linux; Android 10; CPH1819) AppleWebKit/537.36 (KHTML, like Gecko) Chrome/89.0.4389.86 Mobile Safari/537.36"
164.52.206.209 - - [04/Apr/2021:11:11:09 +0530] "POST /psc/interserverapi/saveimage HTTP/1.1" 200 410 "-" "-"
157.42.8.21 - - [04/Apr/2021:11:11:09 +0530] "GET /psc/dist/js/sidebarmenu.js HTTP/1.1" 200 1000 "http://164.52.207.234/psc/dashboard" "Mozilla/5.0 (Linux; Android 10; CPH1819) AppleWebKit/537.36 (KHTML, like Gecko) Chrome/89.0.4389.86 Mobile Safari/537.36"
157.42.8.21 - - [04/Apr/2021:11:11:09 +0530] "GET /psc/dist/js/custom.min.js HTTP/1.1" 200 1393 "http://164.52.207.234/psc/dashboard" "Mozilla/5.0 (Linux; Android 10; CPH1819) AppleWebKit/537.36 (KHTML, like Gecko) Chrome/89.0.4389.86 Mobile Safari/537.36"
157.42.8.21 - - [04/Apr/2021:11:11:09 +0530] "GET /psc/assets/libs/flot/excanvas.js HTTP/1.1" 200 12988 "http://164.52.207.234/psc/dashboard" "Mozilla/5.0 (Linux; Android 10; CPH1819) AppleWebKit/537.36 (KHTML, like Gecko) Chrome/89.0.4389.86 Mobile Safari/537.36"
157.42.8.21 - - [04/Apr/2021:11:11:09 +0530] "GET /psc/assets/libs/flot/jquery.flot.pie.js HTTP/1.1" 200 7488 "http://164.52.207.234/psc/dashboard" "Mozilla/5.0 (Linux; Android 10; CPH1819) AppleWebKit/537.36 (KHTML, like Gecko) Chrome/89.0.4389.86 Mobile Safari/537.36"
157.42.8.21 - - [04/Apr/2021:11:11:09 +0530] "GET /psc/assets/libs/flot/jquery.flot.js HTTP/1.1" 200 27905 "http://164.52.207.234/psc/dashboard" "Mozilla/5.0 (Linux; Android 10; CPH1819) AppleWebKit/537.36 (KHTML, like Gecko) Chrome/89.0.4389.86 Mobile Safari/537.36"
157.42.8.21 - - [04/Apr/2021:11:11:09 +0530] "GET /psc/assets/libs/flot/jquery.flot.time.js HTTP/1.1" 200 4068 "http://164.52.207.234/psc/dashboard" "Mozilla/5.0 (Linux; Android 10; CPH1819) AppleWebKit/537.36 (KHTML, like Gecko) Chrome/89.0.4389.86 Mobile Safari/537.36"
157.42.8.21 - - [04/Apr/2021:11:11:09 +0530] "GET /psc/assets/libs/flot/jquery.flot.stack.js HTTP/1.1" 200 2387 "http://164.52.207.234/psc/dashboard" "Mozilla/5.0 (Linux; Android 10; CPH1819) AppleWebKit/537.36 (KHTML, like Gecko) Chrome/89.0.4389.86 Mobile Safari/537.36"
157.42.8.21 - - [04/Apr/2021:11:11:09 +0530] "GET /psc/assets/libs/flot/jquery.flot.crosshair.js HTTP/1.1" 200 2118 "http://164.52.207.234/psc/dashboard" "Mozilla/5.0 (Linux; Android 10; CPH1819) AppleWebKit/537.36 (KHTML, like Gecko) Chrome/89.0.4389.86 Mobile Safari/537.36"
157.42.8.21 - - [04/Apr/2021:11:11:09 +0530] "GET /psc/assets/libs/flot.tooltip/js/jquery.flot.tooltip.min.js HTTP/1.1" 200 3116 "http://164.52.207.234/psc/dashboard" "Mozilla/5.0 (Linux; Android 10; CPH1819) AppleWebKit/537.36 (KHTML, like Gecko) Chrome/89.0.4389.86 Mobile Safari/537.36"
157.42.8.21 - - [04/Apr/2021:11:11:09 +0530] "GET /psc/dist/js/pages/chart/chart-page-init.js HTTP/1.1" 200 1645 "http://164.52.207.234/psc/dashboard" "Mozilla/5.0 (Linux; Android 10; CPH1819) AppleWebKit/537.36 (KHTML, like Gecko) Chrome/89.0.4389.86 Mobile Safari/537.36"
157.42.8.21 - - [04/Apr/2021:11:11:09 +0530] "GET /psc/js/leaflet/fullscreen.svg HTTP/1.1" 200 6322 "http://164.52.207.234/psc/js/leaflet/leaflet.fullscreen.css" "Mozilla/5.0 (Linux; Android 10; CPH1819) AppleWebKit/537.36 (KHTML, like Gecko) Chrome/89.0.4389.86 Mobile Safari/537.36"
157.42.8.21 - - [04/Apr/2021:11:11:10 +0530] "GET /psc/assets/images/favicon.png HTTP/1.1" 200 15817 "http://164.52.207.234/psc/dashboard" "Mozilla/5.0 (Linux; Android 10; CPH1819) AppleWebKit/537.36 (KHTML, like Gecko) Chrome/89.0.4389.86 Mobile Safari/537.36"
::1 - - [04/Apr/2021:11:11:17 +0530] "OPTIONS * HTTP/1.0" 200 126 "-" "Apache/2.4.29 (Ubuntu) mod_wsgi/4.5.17 Python/3.6 (internal dummy connection)"
164.52.206.209 - - [04/Apr/2021:11:11:18 +0530] "POST /psc/interserverapi/saveimage HTTP/1.1" 200 410 "-" "-"
164.52.206.209 - - [04/Apr/2021:11:11:25 +0530] "POST /psc/interserverapi/saveimage HTTP/1.1" 200 410 "-" "-"
164.52.207.234 - - [04/Apr/2021:11:11:32 +0530] "GET /psc/upload/wardboundary/ward32.geojson HTTP/1.0" 200 43474 "-" "-"
157.42.8.21 - - [04/Apr/2021:11:11:32 +0530] "POST /psc/dashboard/getWardMapDetails/32 HTTP/1.1" 200 14111 "http://164.52.207.234/psc/dashboard" "Mozilla/5.0 (Linux; Android 10; CPH1819) AppleWebKit/537.36 (KHTML, like Gecko) Chrome/89.0.4389.86 Mobile Safari/537.36"
164.52.206.209 - - [04/Apr/2021:11:11:44 +0530] "POST /psc/interserverapi/saveimage HTTP/1.1" 200 410 "-" "-"
164.52.206.209 - - [04/Apr/2021:11:11:48 +0530] "POST /psc/interserverapi/saveimage HTTP/1.1" 200 410 "-" "-"
164.52.207.234 - - [04/Apr/2021:11:12:39 +0530] "GET /psc/upload/wardboundary/ward32.geojson HTTP/1.0" 200 43474 "-" "-"
157.42.8.21 - - [04/Apr/2021:11:12:37 +0530] "GET /psc/dashboard/overallwardinfo/32 HTTP/1.1" 200 115091 "http://164.52.207.234/psc/dashboard" "Mozilla/5.0 (Linux; Android 10; CPH1819) AppleWebKit/537.36 (KHTML, like Gecko) Chrome/89.0.4389.86 Mobile Safari/537.36"
157.42.8.21 - - [04/Apr/2021:11:12:43 +0530] "GET /psc/images/green.png HTTP/1.1" 200 2107 "http://164.52.207.234/psc/dashboard/overallwardinfo/32" "Mozilla/5.0 (Linux; Android 10; CPH1819) AppleWebKit/537.36 (KHTML, like Gecko) Chrome/89.0.4389.86 Mobile Safari/537.36"
157.42.8.21 - - [04/Apr/2021:11:12:43 +0530] "GET /psc/images/marker-shadow.png HTTP/1.1" 200 893 "http://164.52.207.234/psc/dashboard/overallwardinfo/32" "Mozilla/5.0 (Linux; Android 10; CPH1819) AppleWebKit/537.36 (KHTML, like Gecko) Chrome/89.0.4389.86 Mobile Safari/537.36"
164.52.206.209 - - [04/Apr/2021:11:12:51 +0530] "POST /psc/interserverapi/saveimage HTTP/1.1" 200 410 "-" "-"
164.52.206.209 - - [04/Apr/2021:11:12:55 +0530] "POST /psc/interserverapi/saveimage HTTP/1.1" 200 410 "-" "-"
164.52.206.209 - - [04/Apr/2021:11:12:56 +0530] "POST /psc/interserverapi/saveimage HTTP/1.1" 200 410 "-" "-"
164.52.206.209 - - [04/Apr/2021:11:13:48 +0530] "GET /psc/upload/wardboundary/ward69.geojson HTTP/1.0" 200 7932 "-" "-"
164.52.206.209 - - [04/Apr/2021:11:13:50 +0530] "POST /psc/interserverapi/saveimage HTTP/1.1" 200 410 "-" "-"
164.52.206.209 - - [04/Apr/2021:11:14:05 +0530] "POST /psc/interserverapi/saveimage HTTP/1.1" 200 410 "-" "-"
164.52.206.209 - - [04/Apr/2021:11:14:22 +0530] "POST /psc/interserverapi/saveimage HTTP/1.1" 200 410 "-" "-"
164.52.206.209 - - [04/Apr/2021:11:14:35 +0530] "POST /psc/interserverapi/saveimage HTTP/1.1" 200 410 "-" "-"
164.52.206.209 - - [04/Apr/2021:11:14:37 +0530] "POST /psc/interserverapi/saveimage HTTP/1.1" 200 410 "-" "-"
164.52.206.209 - - [04/Apr/2021:11:15:07 +0530] "POST /psc/interserverapi/saveimage HTTP/1.1" 200 410 "-" "-"
164.52.206.209 - - [04/Apr/2021:11:15:23 +0530] "GET /psc/upload/wardboundary/ward67.geojson HTTP/1.0" 200 27647 "-" "-"
164.52.206.209 - - [04/Apr/2021:11:15:26 +0530] "POST /psc/interserverapi/saveimage HTTP/1.1" 200 410 "-" "-"
157.42.8.21 - - [04/Apr/2021:11:15:36 +0530] "-" 408 0 "-" "-"
157.42.8.21 - - [04/Apr/2021:11:15:37 +0530] "-" 408 0 "-" "-"
164.52.206.209 - - [04/Apr/2021:11:15:38 +0530] "GET /psc/upload/wardboundary/ward8.geojson HTTP/1.0" 200 30726 "-" "-"
164.52.206.209 - - [04/Apr/2021:11:15:45 +0530] "POST /psc/interserverapi/saveimage HTTP/1.1" 200 410 "-" "-"
164.52.206.209 - - [04/Apr/2021:11:15:57 +0530] "POST /psc/interserverapi/saveimage HTTP/1.1" 200 410 "-" "-"
164.52.206.209 - - [04/Apr/2021:11:16:32 +0530] "POST /psc/interserverapi/saveimage HTTP/1.1" 200 410 "-" "-"
157.42.8.21 - - [04/Apr/2021:11:16:36 +0530] "-" 408 0 "-" "-"
157.42.8.21 - - [04/Apr/2021:11:16:36 +0530] "-" 408 0 "-" "-"
164.52.206.209 - - [04/Apr/2021:11:16:40 +0530] "POST /psc/interserverapi/saveimage HTTP/1.1" 200 410 "-" "-"
164.52.206.209 - - [04/Apr/2021:11:16:43 +0530] "POST /psc/interserverapi/saveimage HTTP/1.1" 200 410 "-" "-"
157.42.8.21 - - [04/Apr/2021:11:17:36 +0530] "-" 408 0 "-" "-"
157.42.8.21 - - [04/Apr/2021:11:17:36 +0530] "-" 408 0 "-" "-"
164.52.206.209 - - [04/Apr/2021:11:17:44 +0530] "POST /psc/interserverapi/saveimage HTTP/1.1" 200 410 "-" "-"
164.52.206.209 - - [04/Apr/2021:11:17:52 +0530] "POST /psc/interserverapi/saveimage HTTP/1.1" 200 410 "-" "-"
164.52.206.209 - - [04/Apr/2021:11:18:01 +0530] "POST /psc/interserverapi/saveimage HTTP/1.1" 200 410 "-" "-"
164.52.206.209 - - [04/Apr/2021:11:18:29 +0530] "POST /psc/interserverapi/saveimage HTTP/1.1" 200 410 "-" "-"
164.52.206.209 - - [04/Apr/2021:11:18:32 +0530] "POST /psc/interserverapi/saveimage HTTP/1.1" 200 410 "-" "-"
164.52.206.209 - - [04/Apr/2021:11:19:00 +0530] "POST /psc/interserverapi/saveimage HTTP/1.1" 200 410 "-" "-"
157.42.8.21 - - [04/Apr/2021:11:19:14 +0530] "-" 408 0 "-" "-"
157.42.8.21 - - [04/Apr/2021:11:19:14 +0530] "-" 408 0 "-" "-"
164.52.206.209 - - [04/Apr/2021:11:19:17 +0530] "POST /psc/interserverapi/saveimage HTTP/1.1" 200 410 "-" "-"
164.52.206.209 - - [04/Apr/2021:11:19:25 +0530] "POST /psc/interserverapi/saveimage HTTP/1.1" 200 410 "-" "-"
157.42.8.21 - - [04/Apr/2021:11:20:14 +0530] "-" 408 0 "-" "-"
157.42.8.21 - - [04/Apr/2021:11:20:14 +0530] "-" 408 0 "-" "-"
164.52.206.209 - - [04/Apr/2021:11:20:20 +0530] "POST /psc/interserverapi/saveimage HTTP/1.1" 200 410 "-" "-"
164.52.206.209 - - [04/Apr/2021:11:21:54 +0530] "POST /psc/interserverapi/saveimage HTTP/1.1" 200 410 "-" "-"
164.52.206.209 - - [04/Apr/2021:11:22:12 +0530] "POST /psc/interserverapi/saveimage HTTP/1.1" 200 410 "-" "-"
164.52.206.209 - - [04/Apr/2021:11:22:27 +0530] "POST /psc/interserverapi/saveimage HTTP/1.1" 200 410 "-" "-"
164.52.206.209 - - [04/Apr/2021:11:22:32 +0530] "POST /psc/interserverapi/saveimage HTTP/1.1" 200 410 "-" "-"
164.52.206.209 - - [04/Apr/2021:11:23:19 +0530] "POST /psc/interserverapi/saveimage HTTP/1.1" 200 410 "-" "-"
164.52.206.209 - - [04/Apr/2021:11:23:55 +0530] "POST /psc/interserverapi/saveimage HTTP/1.1" 200 410 "-" "-"
164.52.206.209 - - [04/Apr/2021:11:24:53 +0530] "POST /psc/interserverapi/saveimage HTTP/1.1" 200 410 "-" "-"
164.52.206.209 - - [04/Apr/2021:11:25:26 +0530] "POST /psc/interserverapi/saveimage HTTP/1.1" 200 410 "-" "-"
164.52.206.209 - - [04/Apr/2021:11:25:45 +0530] "POST /psc/interserverapi/saveimage HTTP/1.1" 200 410 "-" "-"
164.52.206.209 - - [04/Apr/2021:11:25:46 +0530] "POST /psc/interserverapi/saveimage HTTP/1.1" 200 410 "-" "-"
164.52.206.209 - - [04/Apr/2021:11:25:58 +0530] "POST /psc/interserverapi/saveimage HTTP/1.1" 200 410 "-" "-"
164.52.206.209 - - [04/Apr/2021:11:26:30 +0530] "POST /psc/interserverapi/saveimage HTTP/1.1" 200 410 "-" "-"
164.52.206.209 - - [04/Apr/2021:11:27:33 +0530] "POST /psc/interserverapi/saveimage HTTP/1.1" 200 410 "-" "-"
164.52.206.209 - - [04/Apr/2021:11:27:38 +0530] "POST /psc/interserverapi/saveimage HTTP/1.1" 200 410 "-" "-"
164.52.206.209 - - [04/Apr/2021:11:27:56 +0530] "POST /psc/interserverapi/saveimage HTTP/1.1" 200 410 "-" "-"
164.52.206.209 - - [04/Apr/2021:11:28:44 +0530] "POST /psc/interserverapi/saveimage HTTP/1.1" 200 410 "-" "-"
164.52.206.209 - - [04/Apr/2021:11:28:48 +0530] "POST /psc/interserverapi/saveimage HTTP/1.1" 200 410 "-" "-"
164.52.206.209 - - [04/Apr/2021:11:28:51 +0530] "POST /psc/interserverapi/saveimage HTTP/1.1" 200 410 "-" "-"
106.207.59.51 - - [04/Apr/2021:11:29:32 +0530] "POST /psc/mydata/postinfo HTTP/1.1" 200 441 "-" "SIMCOM_MODULE"
164.52.206.209 - - [04/Apr/2021:11:29:46 +0530] "POST /psc/interserverapi/saveimage HTTP/1.1" 200 410 "-" "-"
164.52.206.209 - - [04/Apr/2021:11:29:47 +0530] "POST /psc/interserverapi/saveimage HTTP/1.1" 200 410 "-" "-"
106.207.59.51 - - [04/Apr/2021:11:29:48 +0530] "POST /psc/mydata/postinfo HTTP/1.1" 200 441 "-" "SIMCOM_MODULE"
164.52.206.209 - - [04/Apr/2021:11:29:50 +0530] "GET /psc/upload/wardboundary/ward8.geojson HTTP/1.0" 200 30726 "-" "-"
106.207.59.51 - - [04/Apr/2021:11:30:05 +0530] "POST /psc/mydata/postinfo HTTP/1.1" 200 441 "-" "SIMCOM_MODULE"
164.52.206.209 - - [04/Apr/2021:11:30:08 +0530] "POST /psc/interserverapi/saveimage HTTP/1.1" 200 410 "-" "-"
164.52.206.209 - - [04/Apr/2021:11:30:16 +0530] "POST /psc/interserverapi/saveimage HTTP/1.1" 200 410 "-" "-"
164.52.206.209 - - [04/Apr/2021:11:30:17 +0530] "POST /psc/interserverapi/saveimage HTTP/1.1" 200 410 "-" "-"
106.207.59.51 - - [04/Apr/2021:11:30:22 +0530] "POST /psc/mydata/postinfo HTTP/1.1" 200 441 "-" "SIMCOM_MODULE"
164.52.206.209 - - [04/Apr/2021:11:30:36 +0530] "POST /psc/interserverapi/saveimage HTTP/1.1" 200 410 "-" "-"
106.207.59.51 - - [04/Apr/2021:11:30:39 +0530] "POST /psc/mydata/postinfo HTTP/1.1" 200 441 "-" "SIMCOM_MODULE"
164.52.206.209 - - [04/Apr/2021:11:30:50 +0530] "POST /psc/interserverapi/saveimage HTTP/1.1" 200 410 "-" "-"
106.207.59.51 - - [04/Apr/2021:11:30:55 +0530] "POST /psc/mydata/postinfo HTTP/1.1" 200 441 "-" "SIMCOM_MODULE"
164.52.206.209 - - [04/Apr/2021:11:31:10 +0530] "POST /psc/interserverapi/saveimage HTTP/1.1" 200 410 "-" "-"
106.207.59.51 - - [04/Apr/2021:11:31:12 +0530] "POST /psc/mydata/postinfo HTTP/1.1" 200 441 "-" "SIMCOM_MODULE"
106.207.59.51 - - [04/Apr/2021:11:31:29 +0530] "POST /psc/mydata/postinfo HTTP/1.1" 200 441 "-" "SIMCOM_MODULE"
106.207.59.51 - - [04/Apr/2021:11:31:46 +0530] "POST /psc/mydata/postinfo HTTP/1.1" 200 441 "-" "SIMCOM_MODULE"
164.52.206.209 - - [04/Apr/2021:11:31:46 +0530] "POST /psc/interserverapi/saveimage HTTP/1.1" 200 410 "-" "-"
106.207.59.51 - - [04/Apr/2021:11:32:02 +0530] "POST /psc/mydata/postinfo HTTP/1.1" 200 441 "-" "SIMCOM_MODULE"
106.207.59.51 - - [04/Apr/2021:11:32:19 +0530] "POST /psc/mydata/postinfo HTTP/1.1" 200 441 "-" "SIMCOM_MODULE"
164.52.206.209 - - [04/Apr/2021:11:32:28 +0530] "POST /psc/interserverapi/saveimage HTTP/1.1" 200 410 "-" "-"
106.207.59.51 - - [04/Apr/2021:11:32:37 +0530] "POST /psc/mydata/postinfo HTTP/1.1" 200 441 "-" "SIMCOM_MODULE"
164.52.207.234 - - [04/Apr/2021:11:32:51 +0530] "GET /psc/upload/wardboundary/allWard.geojson HTTP/1.0" 200 1657006 "-" "-"
164.52.207.234 - - [04/Apr/2021:11:32:51 +0530] "GET /psc/download/weekly_data_2021-04-04.json HTTP/1.0" 200 412 "-" "-"
106.207.59.51 - - [04/Apr/2021:11:32:53 +0530] "POST /psc/mydata/postinfo HTTP/1.1" 200 441 "-" "SIMCOM_MODULE"
164.52.207.234 - - [04/Apr/2021:11:32:55 +0530] "GET /psc/upload/wardboundary/allWard.geojson HTTP/1.0" 200 1657006 "-" "-"
164.52.207.234 - - [04/Apr/2021:11:32:55 +0530] "GET /psc/download/weekly_data_2021-04-04.json HTTP/1.0" 200 412 "-" "-"
106.210.116.2 - - [04/Apr/2021:11:32:51 +0530] "GET /psc/dashboard HTTP/1.1" 200 56267 "http://164.52.207.234/psc/home" "Mozilla/5.0 (Linux; Android 9; SM-A730F) AppleWebKit/537.36 (KHTML, like Gecko) Chrome/89.0.4389.90 Mobile Safari/537.36"
106.210.116.2 - - [04/Apr/2021:11:32:55 +0530] "GET /psc/dashboard HTTP/1.1" 200 563184 "http://164.52.207.234/psc/home" "Mozilla/5.0 (Linux; Android 9; SM-A730F) AppleWebKit/537.36 (KHTML, like Gecko) Chrome/89.0.4389.90 Mobile Safari/537.36"
106.210.116.2 - - [04/Apr/2021:11:33:00 +0530] "GET /psc/assets/images/favicon.png HTTP/1.1" 200 15817 "http://164.52.207.234/psc/dashboard" "Mozilla/5.0 (Linux; Android 9; SM-A730F) AppleWebKit/537.36 (KHTML, like Gecko) Chrome/89.0.4389.90 Mobile Safari/537.36"
106.207.59.51 - - [04/Apr/2021:11:33:10 +0530] "POST /psc/mydata/postinfo HTTP/1.1" 200 441 "-" "SIMCOM_MODULE"
164.52.206.209 - - [04/Apr/2021:11:33:12 +0530] "POST /psc/interserverapi/saveimage HTTP/1.1" 200 410 "-" "-"
164.52.206.209 - - [04/Apr/2021:11:33:21 +0530] "POST /psc/interserverapi/saveimage HTTP/1.1" 200 410 "-" "-"
164.52.206.209 - - [04/Apr/2021:11:33:23 +0530] "POST /psc/interserverapi/saveimage HTTP/1.1" 200 410 "-" "-"
106.207.59.51 - - [04/Apr/2021:11:33:26 +0530] "POST /psc/mydata/postinfo HTTP/1.1" 200 441 "-" "SIMCOM_MODULE"
164.52.206.209 - - [04/Apr/2021:11:33:33 +0530] "POST /psc/interserverapi/saveimage HTTP/1.1" 200 410 "-" "-"
106.207.59.51 - - [04/Apr/2021:11:33:43 +0530] "POST /psc/mydata/postinfo HTTP/1.1" 200 441 "-" "SIMCOM_MODULE"
106.210.116.2 - - [04/Apr/2021:11:33:47 +0530] "-" 408 0 "-" "-"
106.207.59.51 - - [04/Apr/2021:11:34:00 +0530] "POST /psc/mydata/postinfo HTTP/1.1" 200 441 "-" "SIMCOM_MODULE"
106.207.59.51 - - [04/Apr/2021:11:34:17 +0530] "POST /psc/mydata/postinfo HTTP/1.1" 200 441 "-" "SIMCOM_MODULE"
164.52.206.209 - - [04/Apr/2021:11:34:33 +0530] "POST /psc/interserverapi/saveimage HTTP/1.1" 200 410 "-" "-"
106.207.59.51 - - [04/Apr/2021:11:34:33 +0530] "POST /psc/mydata/postinfo HTTP/1.1" 200 441 "-" "SIMCOM_MODULE"
164.52.206.209 - - [04/Apr/2021:11:34:41 +0530] "POST /psc/interserverapi/saveimage HTTP/1.1" 200 410 "-" "-"
164.52.206.209 - - [04/Apr/2021:11:34:43 +0530] "POST /psc/interserverapi/saveimage HTTP/1.1" 200 410 "-" "-"
164.52.206.209 - - [04/Apr/2021:11:34:46 +0530] "POST /psc/interserverapi/saveimage HTTP/1.1" 200 410 "-" "-"
106.207.59.51 - - [04/Apr/2021:11:34:50 +0530] "POST /psc/mydata/postinfo HTTP/1.1" 200 441 "-" "SIMCOM_MODULE"
103.194.71.81 - - [04/Apr/2021:11:34:53 +0530] "GET /psc/ HTTP/1.1" 200 2029 "-" "Mozilla/5.0 (Windows NT 10.0; Win64; x64; rv:87.0) Gecko/20100101 Firefox/87.0"
103.194.71.81 - - [04/Apr/2021:11:34:53 +0530] "GET /psc/images/logo.png HTTP/1.1" 200 13264 "http://164.52.207.234/psc/" "Mozilla/5.0 (Windows NT 10.0; Win64; x64; rv:87.0) Gecko/20100101 Firefox/87.0"
103.194.71.81 - - [04/Apr/2021:11:34:53 +0530] "GET /psc/images/favicon.png HTTP/1.1" 200 8335 "http://164.52.207.234/psc/" "Mozilla/5.0 (Windows NT 10.0; Win64; x64; rv:87.0) Gecko/20100101 Firefox/87.0"
103.194.71.81 - - [04/Apr/2021:11:34:53 +0530] "GET /psc/images/showcase.jpg HTTP/1.1" 200 88237 "http://164.52.207.234/psc/css/stylenew.css" "Mozilla/5.0 (Windows NT 10.0; Win64; x64; rv:87.0) Gecko/20100101 Firefox/87.0"
106.207.59.51 - - [04/Apr/2021:11:35:07 +0530] "POST /psc/mydata/postinfo HTTP/1.1" 200 441 "-" "SIMCOM_MODULE"
106.207.59.51 - - [04/Apr/2021:11:35:24 +0530] "POST /psc/mydata/postinfo HTTP/1.1" 200 441 "-" "SIMCOM_MODULE"
106.207.59.51 - - [04/Apr/2021:11:35:40 +0530] "POST /psc/mydata/postinfo HTTP/1.1" 200 441 "-" "SIMCOM_MODULE"
164.52.206.209 - - [04/Apr/2021:11:35:55 +0530] "POST /psc/interserverapi/saveimage HTTP/1.1" 200 410 "-" "-"
106.207.59.51 - - [04/Apr/2021:11:35:58 +0530] "POST /psc/mydata/postinfo HTTP/1.1" 200 441 "-" "SIMCOM_MODULE"
106.207.59.51 - - [04/Apr/2021:11:36:14 +0530] "POST /psc/mydata/postinfo HTTP/1.1" 200 441 "-" "SIMCOM_MODULE"
164.52.206.209 - - [04/Apr/2021:11:36:28 +0530] "POST /psc/interserverapi/saveimage HTTP/1.1" 200 410 "-" "-"
106.207.59.51 - - [04/Apr/2021:11:36:31 +0530] "POST /psc/mydata/postinfo HTTP/1.1" 200 441 "-" "SIMCOM_MODULE"
164.52.206.209 - - [04/Apr/2021:11:36:45 +0530] "POST /psc/interserverapi/saveimage HTTP/1.1" 200 410 "-" "-"
106.207.59.51 - - [04/Apr/2021:11:36:47 +0530] "POST /psc/mydata/postinfo HTTP/1.1" 200 441 "-" "SIMCOM_MODULE"
106.207.59.51 - - [04/Apr/2021:11:37:05 +0530] "POST /psc/mydata/postinfo HTTP/1.1" 200 441 "-" "SIMCOM_MODULE"
106.207.59.51 - - [04/Apr/2021:11:37:21 +0530] "POST /psc/mydata/postinfo HTTP/1.1" 200 441 "-" "SIMCOM_MODULE"
106.207.59.51 - - [04/Apr/2021:11:37:38 +0530] "POST /psc/mydata/postinfo HTTP/1.1" 200 441 "-" "SIMCOM_MODULE"
164.52.206.209 - - [04/Apr/2021:11:37:45 +0530] "POST /psc/interserverapi/saveimage HTTP/1.1" 200 410 "-" "-"
164.52.206.209 - - [04/Apr/2021:11:37:52 +0530] "POST /psc/interserverapi/saveimage HTTP/1.1" 200 410 "-" "-"
106.207.59.51 - - [04/Apr/2021:11:37:55 +0530] "POST /psc/mydata/postinfo HTTP/1.1" 200 441 "-" "SIMCOM_MODULE"
106.207.59.51 - - [04/Apr/2021:11:38:11 +0530] "POST /psc/mydata/postinfo HTTP/1.1" 200 441 "-" "SIMCOM_MODULE"
164.52.206.209 - - [04/Apr/2021:11:38:18 +0530] "POST /psc/interserverapi/saveimage HTTP/1.1" 200 410 "-" "-"
106.207.59.51 - - [04/Apr/2021:11:38:28 +0530] "POST /psc/mydata/postinfo HTTP/1.1" 200 441 "-" "SIMCOM_MODULE"
106.207.59.51 - - [04/Apr/2021:11:38:45 +0530] "POST /psc/mydata/postinfo HTTP/1.1" 200 441 "-" "SIMCOM_MODULE"
106.207.59.51 - - [04/Apr/2021:11:39:02 +0530] "POST /psc/mydata/postinfo HTTP/1.1" 200 441 "-" "SIMCOM_MODULE"
106.207.59.51 - - [04/Apr/2021:11:39:19 +0530] "POST /psc/mydata/postinfo HTTP/1.1" 200 441 "-" "SIMCOM_MODULE"
106.207.59.51 - - [04/Apr/2021:11:39:35 +0530] "POST /psc/mydata/postinfo HTTP/1.1" 200 441 "-" "SIMCOM_MODULE"
164.52.206.209 - - [04/Apr/2021:11:39:41 +0530] "POST /psc/interserverapi/saveimage HTTP/1.1" 200 410 "-" "-"
106.207.59.51 - - [04/Apr/2021:11:39:52 +0530] "POST /psc/mydata/postinfo HTTP/1.1" 200 441 "-" "SIMCOM_MODULE"
106.207.59.51 - - [04/Apr/2021:11:40:09 +0530] "POST /psc/mydata/postinfo HTTP/1.1" 200 441 "-" "SIMCOM_MODULE"
164.52.206.209 - - [04/Apr/2021:11:40:14 +0530] "GET /psc/upload/wardboundary/ward4.geojson HTTP/1.0" 200 25445 "-" "-"
164.52.206.209 - - [04/Apr/2021:11:40:15 +0530] "POST /psc/interserverapi/saveimage HTTP/1.1" 200 410 "-" "-"
106.207.59.51 - - [04/Apr/2021:11:40:26 +0530] "POST /psc/mydata/postinfo HTTP/1.1" 200 441 "-" "SIMCOM_MODULE"
106.207.59.51 - - [04/Apr/2021:11:40:53 +0530] "POST /psc/mydata/postinfo HTTP/1.1" 200 441 "-" "SIMCOM_MODULE"
164.52.206.209 - - [04/Apr/2021:11:40:55 +0530] "POST /psc/interserverapi/saveimage HTTP/1.1" 200 410 "-" "-"
106.207.59.51 - - [04/Apr/2021:11:40:59 +0530] "POST /psc/mydata/postinfo HTTP/1.1" 200 441 "-" "SIMCOM_MODULE"
106.207.59.51 - - [04/Apr/2021:11:41:16 +0530] "POST /psc/mydata/postinfo HTTP/1.1" 200 441 "-" "SIMCOM_MODULE"
164.52.206.209 - - [04/Apr/2021:11:41:32 +0530] "POST /psc/interserverapi/saveimage HTTP/1.1" 200 410 "-" "-"
106.207.59.51 - - [04/Apr/2021:11:41:33 +0530] "POST /psc/mydata/postinfo HTTP/1.1" 200 441 "-" "SIMCOM_MODULE"
106.207.59.51 - - [04/Apr/2021:11:41:50 +0530] "POST /psc/mydata/postinfo HTTP/1.1" 200 441 "-" "SIMCOM_MODULE"
164.52.206.209 - - [04/Apr/2021:11:42:05 +0530] "POST /psc/interserverapi/saveimage HTTP/1.1" 200 410 "-" "-"
106.207.59.51 - - [04/Apr/2021:11:42:28 +0530] "POST /psc/mydata/postinfo HTTP/1.1" 200 441 "-" "SIMCOM_MODULE"
106.207.59.51 - - [04/Apr/2021:11:42:45 +0530] "POST /psc/mydata/postinfo HTTP/1.1" 200 441 "-" "SIMCOM_MODULE"
164.52.206.209 - - [04/Apr/2021:11:42:59 +0530] "POST /psc/interserverapi/saveimage HTTP/1.1" 200 410 "-" "-"
106.207.59.51 - - [04/Apr/2021:11:43:01 +0530] "POST /psc/mydata/postinfo HTTP/1.1" 200 441 "-" "SIMCOM_MODULE"
164.52.206.209 - - [04/Apr/2021:11:43:12 +0530] "POST /psc/interserverapi/saveimage HTTP/1.1" 200 410 "-" "-"
106.207.59.51 - - [04/Apr/2021:11:43:18 +0530] "POST /psc/mydata/postinfo HTTP/1.1" 200 441 "-" "SIMCOM_MODULE"
164.52.206.209 - - [04/Apr/2021:11:43:21 +0530] "POST /psc/interserverapi/saveimage HTTP/1.1" 200 410 "-" "-"
164.52.206.209 - - [04/Apr/2021:11:43:22 +0530] "GET /psc/upload/wardboundary/ward33.geojson HTTP/1.0" 200 12859 "-" "-"
106.207.59.51 - - [04/Apr/2021:11:43:36 +0530] "POST /psc/mydata/postinfo HTTP/1.1" 200 441 "-" "SIMCOM_MODULE"
106.207.59.51 - - [04/Apr/2021:11:43:52 +0530] "POST /psc/mydata/postinfo HTTP/1.1" 200 441 "-" "SIMCOM_MODULE"
164.52.206.209 - - [04/Apr/2021:11:44:06 +0530] "POST /psc/interserverapi/saveimage HTTP/1.1" 200 410 "-" "-"
106.207.59.51 - - [04/Apr/2021:11:44:08 +0530] "POST /psc/mydata/postinfo HTTP/1.1" 200 441 "-" "SIMCOM_MODULE"
164.52.206.209 - - [04/Apr/2021:11:44:21 +0530] "POST /psc/interserverapi/saveimage HTTP/1.1" 200 410 "-" "-"
106.207.59.51 - - [04/Apr/2021:11:44:26 +0530] "POST /psc/mydata/postinfo HTTP/1.1" 200 441 "-" "SIMCOM_MODULE"
106.207.59.51 - - [04/Apr/2021:11:44:42 +0530] "POST /psc/mydata/postinfo HTTP/1.1" 200 441 "-" "SIMCOM_MODULE"
106.207.59.51 - - [04/Apr/2021:11:44:59 +0530] "POST /psc/mydata/postinfo HTTP/1.1" 200 441 "-" "SIMCOM_MODULE"
164.52.206.209 - - [04/Apr/2021:11:45:00 +0530] "POST /psc/interserverapi/saveimage HTTP/1.1" 200 410 "-" "-"
164.52.206.209 - - [04/Apr/2021:11:45:33 +0530] "POST /psc/interserverapi/saveimage HTTP/1.1" 200 410 "-" "-"
164.52.206.209 - - [04/Apr/2021:11:46:00 +0530] "POST /psc/interserverapi/saveimage HTTP/1.1" 200 410 "-" "-"
164.52.206.209 - - [04/Apr/2021:11:46:01 +0530] "POST /psc/interserverapi/saveimage HTTP/1.1" 200 410 "-" "-"
164.52.207.234 - - [04/Apr/2021:11:46:12 +0530] "GET /psc/upload/wardboundary/ward32.geojson HTTP/1.0" 200 43474 "-" "-"
157.42.8.21 - - [04/Apr/2021:11:46:12 +0530] "GET /psc/dashboard/overallwardinfo/32 HTTP/1.1" 200 115321 "http://164.52.207.234/psc/dashboard" "Mozilla/5.0 (Linux; Android 10; CPH1819) AppleWebKit/537.36 (KHTML, like Gecko) Chrome/89.0.4389.86 Mobile Safari/537.36"
185.153.197.179 - - [04/Apr/2021:11:46:20 +0530] "\x03" 400 0 "-" "-"
164.52.206.209 - - [04/Apr/2021:11:46:21 +0530] "POST /psc/interserverapi/saveimage HTTP/1.1" 200 410 "-" "-"
164.52.207.234 - - [04/Apr/2021:11:46:58 +0530] "GET /psc/upload/wardboundary/allWard.geojson HTTP/1.0" 200 1657006 "-" "-"
164.52.207.234 - - [04/Apr/2021:11:46:59 +0530] "GET /psc/download/weekly_data_2021-04-04.json HTTP/1.0" 200 412 "-" "-"
164.52.206.209 - - [04/Apr/2021:11:47:05 +0530] "POST /psc/interserverapi/saveimage HTTP/1.1" 200 410 "-" "-"
157.42.8.21 - - [04/Apr/2021:11:46:58 +0530] "GET /psc/dashboard HTTP/1.1" 200 563183 "http://164.52.207.234/psc/dashboard/overallwardinfo/32" "Mozilla/5.0 (Linux; Android 10; CPH1819) AppleWebKit/537.36 (KHTML, like Gecko) Chrome/89.0.4389.86 Mobile Safari/537.36"
164.52.206.209 - - [04/Apr/2021:11:47:15 +0530] "POST /psc/interserverapi/saveimage HTTP/1.1" 200 410 "-" "-"
164.52.207.234 - - [04/Apr/2021:11:47:25 +0530] "GET /psc/upload/wardboundary/ward43.geojson HTTP/1.0" 200 14552 "-" "-"
157.42.8.21 - - [04/Apr/2021:11:47:25 +0530] "POST /psc/dashboard/getWardMapDetails/43 HTTP/1.1" 200 5882 "http://164.52.207.234/psc/dashboard" "Mozilla/5.0 (Linux; Android 10; CPH1819) AppleWebKit/537.36 (KHTML, like Gecko) Chrome/89.0.4389.86 Mobile Safari/537.36"
164.52.206.209 - - [04/Apr/2021:11:47:35 +0530] "POST /psc/interserverapi/saveimage HTTP/1.1" 200 410 "-" "-"
164.52.207.234 - - [04/Apr/2021:11:47:45 +0530] "GET /psc/upload/wardboundary/ward43.geojson HTTP/1.0" 200 14552 "-" "-"
157.42.8.21 - - [04/Apr/2021:11:47:45 +0530] "POST /psc/dashboard/getWardMapDetails/43 HTTP/1.1" 200 5882 "http://164.52.207.234/psc/dashboard" "Mozilla/5.0 (Linux; Android 10; CPH1819) AppleWebKit/537.36 (KHTML, like Gecko) Chrome/89.0.4389.86 Mobile Safari/537.36"
164.52.206.209 - - [04/Apr/2021:11:47:58 +0530] "POST /psc/interserverapi/saveimage HTTP/1.1" 200 410 "-" "-"
164.52.206.209 - - [04/Apr/2021:11:48:40 +0530] "POST /psc/interserverapi/saveimage HTTP/1.1" 200 410 "-" "-"
164.52.206.209 - - [04/Apr/2021:11:48:47 +0530] "POST /psc/interserverapi/saveimage HTTP/1.1" 200 410 "-" "-"
164.52.206.209 - - [04/Apr/2021:11:48:52 +0530] "POST /psc/interserverapi/saveimage HTTP/1.1" 200 410 "-" "-"
223.230.155.195 - - [04/Apr/2021:11:48:58 +0530] "GET / HTTP/1.1" 200 3477 "-" "Mozilla/5.0 (Linux; Android 10; RMX1851) AppleWebKit/537.36 (KHTML, like Gecko) Chrome/89.0.4389.105 Mobile Safari/537.36"
157.42.8.21 - - [04/Apr/2021:11:48:58 +0530] "-" 408 0 "-" "-"
157.42.8.21 - - [04/Apr/2021:11:48:58 +0530] "-" 408 0 "-" "-"
223.230.155.195 - - [04/Apr/2021:11:48:58 +0530] "GET /icons/ubuntu-logo.png HTTP/1.1" 200 3623 "http://164.52.207.234/" "Mozilla/5.0 (Linux; Android 10; RMX1851) AppleWebKit/537.36 (KHTML, like Gecko) Chrome/89.0.4389.105 Mobile Safari/537.36"
223.230.155.195 - - [04/Apr/2021:11:48:58 +0530] "GET /favicon.ico HTTP/1.1" 404 492 "http://164.52.207.234/" "Mozilla/5.0 (Linux; Android 10; RMX1851) AppleWebKit/537.36 (KHTML, like Gecko) Chrome/89.0.4389.105 Mobile Safari/537.36"
164.52.207.234 - - [04/Apr/2021:11:49:13 +0530] "GET /psc/upload/wardboundary/ward43.geojson HTTP/1.0" 200 14552 "-" "-"
157.42.8.21 - - [04/Apr/2021:11:49:13 +0530] "POST /psc/dashboard/getWardMapDetails/43 HTTP/1.1" 200 5882 "http://164.52.207.234/psc/dashboard" "Mozilla/5.0 (Linux; Android 10; CPH1819) AppleWebKit/537.36 (KHTML, like Gecko) Chrome/89.0.4389.86 Mobile Safari/537.36"
164.52.207.234 - - [04/Apr/2021:11:49:32 +0530] "GET /psc/upload/wardboundary/ward43.geojson HTTP/1.0" 200 14552 "-" "-"
157.42.8.21 - - [04/Apr/2021:11:49:31 +0530] "GET /psc/dashboard/overallwardinfo/43 HTTP/1.1" 200 14601 "http://164.52.207.234/psc/dashboard" "Mozilla/5.0 (Linux; Android 10; CPH1819) AppleWebKit/537.36 (KHTML, like Gecko) Chrome/89.0.4389.86 Mobile Safari/537.36"
164.52.206.209 - - [04/Apr/2021:11:49:34 +0530] "POST /psc/interserverapi/saveimage HTTP/1.1" 200 410 "-" "-"
164.52.206.209 - - [04/Apr/2021:11:49:44 +0530] "POST /psc/interserverapi/saveimage HTTP/1.1" 200 410 "-" "-"
223.230.155.195 - - [04/Apr/2021:11:49:49 +0530] "-" 408 0 "-" "-"
164.52.206.209 - - [04/Apr/2021:11:50:05 +0530] "POST /psc/interserverapi/saveimage HTTP/1.1" 200 410 "-" "-"
164.52.207.234 - - [04/Apr/2021:11:50:19 +0530] "GET /psc/upload/wardboundary/allWard.geojson HTTP/1.0" 200 1657006 "-" "-"
164.52.207.234 - - [04/Apr/2021:11:50:20 +0530] "GET /psc/download/weekly_data_2021-04-04.json HTTP/1.0" 200 412 "-" "-"
164.52.207.234 - - [04/Apr/2021:11:50:24 +0530] "GET /psc/upload/wardboundary/allWard.geojson HTTP/1.0" 200 1657006 "-" "-"
164.52.207.234 - - [04/Apr/2021:11:50:25 +0530] "GET /psc/download/weekly_data_2021-04-04.json HTTP/1.0" 200 412 "-" "-"
106.210.116.2 - - [04/Apr/2021:11:50:19 +0530] "GET /psc/dashboard HTTP/1.1" 200 56267 "http://164.52.207.234/psc/home" "Mozilla/5.0 (Linux; Android 9; SM-A730F) AppleWebKit/537.36 (KHTML, like Gecko) Chrome/89.0.4389.90 Mobile Safari/537.36"
