45.144.225.96 - - [04/Apr/2021:06:28:27 +0530] "GET / HTTP/1.1" 200 3440 "-" "Linux Gnu (cow)"
40.77.167.68 - - [04/Apr/2021:06:49:54 +0530] "GET / HTTP/1.1" 200 3477 "-" "Mozilla/5.0 (compatible; bingbot/2.0; +http://www.bing.com/bingbot.htm)"
40.77.167.38 - - [04/Apr/2021:06:50:03 +0530] "GET /robots.txt HTTP/1.1" 404 493 "-" "Mozilla/5.0 (compatible; bingbot/2.0; +http://www.bing.com/bingbot.htm)"
89.43.33.181 - - [04/Apr/2021:06:55:59 +0530] "POST /boaform/admin/formLogin HTTP/1.1" 404 493 "http://164.52.207.234:80/admin/login.asp" "Mozilla/5.0 (X11; Ubuntu; Linux x86_64; rv:71.0) Gecko/20100101 Firefox/71.0"
164.52.207.234 - - [04/Apr/2021:07:05:53 +0530] "GET /psc/upload/wardboundary/allWard.geojson HTTP/1.0" 200 1657006 "-" "-"
164.52.207.234 - - [04/Apr/2021:07:05:53 +0530] "GET /psc/download/weekly_data_2021-04-04.json HTTP/1.0" 200 412 "-" "-"
106.210.116.2 - - [04/Apr/2021:07:05:53 +0530] "GET /psc/dashboard HTTP/1.1" 307 506 "http://164.52.207.234/psc/home" "Mozilla/5.0 (Linux; Android 9; SM-A730F) AppleWebKit/537.36 (KHTML, like Gecko) Chrome/89.0.4389.90 Mobile Safari/537.36"
106.210.116.2 - - [04/Apr/2021:07:05:54 +0530] "GET /psc/home/logout HTTP/1.1" 307 370 "http://164.52.207.234/psc/home" "Mozilla/5.0 (Linux; Android 9; SM-A730F) AppleWebKit/537.36 (KHTML, like Gecko) Chrome/89.0.4389.90 Mobile Safari/537.36"
106.210.116.2 - - [04/Apr/2021:07:05:54 +0530] "GET /psc/home HTTP/1.1" 200 1900 "http://164.52.207.234/psc/home" "Mozilla/5.0 (Linux; Android 9; SM-A730F) AppleWebKit/537.36 (KHTML, like Gecko) Chrome/89.0.4389.90 Mobile Safari/537.36"
106.210.116.2 - - [04/Apr/2021:07:05:54 +0530] "GET /psc/css/stylenew.css HTTP/1.1" 200 2997 "http://164.52.207.234/psc/home" "Mozilla/5.0 (Linux; Android 9; SM-A730F) AppleWebKit/537.36 (KHTML, like Gecko) Chrome/89.0.4389.90 Mobile Safari/537.36"
106.210.116.2 - - [04/Apr/2021:07:05:55 +0530] "GET /psc/images/logo.png HTTP/1.1" 200 13263 "http://164.52.207.234/psc/home" "Mozilla/5.0 (Linux; Android 9; SM-A730F) AppleWebKit/537.36 (KHTML, like Gecko) Chrome/89.0.4389.90 Mobile Safari/537.36"
106.210.116.2 - - [04/Apr/2021:07:05:55 +0530] "GET /psc/images/showcase.jpg HTTP/1.1" 200 88237 "http://164.52.207.234/psc/css/stylenew.css" "Mozilla/5.0 (Linux; Android 9; SM-A730F) AppleWebKit/537.36 (KHTML, like Gecko) Chrome/89.0.4389.90 Mobile Safari/537.36"
106.210.116.2 - - [04/Apr/2021:07:05:59 +0530] "POST /psc/home/authorizationnosql HTTP/1.1" 303 366 "http://164.52.207.234/psc/home" "Mozilla/5.0 (Linux; Android 9; SM-A730F) AppleWebKit/537.36 (KHTML, like Gecko) Chrome/89.0.4389.90 Mobile Safari/537.36"
164.52.207.234 - - [04/Apr/2021:07:05:59 +0530] "GET /psc/upload/wardboundary/allWard.geojson HTTP/1.0" 200 1657006 "-" "-"
164.52.207.234 - - [04/Apr/2021:07:05:59 +0530] "GET /psc/download/weekly_data_2021-04-04.json HTTP/1.0" 200 412 "-" "-"
106.210.116.2 - - [04/Apr/2021:07:06:00 +0530] "GET /psc/assets/libs/flot/css/float-chart.css HTTP/1.1" 200 717 "http://164.52.207.234/psc/dashboard" "Mozilla/5.0 (Linux; Android 9; SM-A730F) AppleWebKit/537.36 (KHTML, like Gecko) Chrome/89.0.4389.90 Mobile Safari/537.36"
106.210.116.2 - - [04/Apr/2021:07:06:00 +0530] "GET /psc/dist/css/stylealt.css HTTP/1.1" 200 38604 "http://164.52.207.234/psc/dashboard" "Mozilla/5.0 (Linux; Android 9; SM-A730F) AppleWebKit/537.36 (KHTML, like Gecko) Chrome/89.0.4389.90 Mobile Safari/537.36"
106.210.116.2 - - [04/Apr/2021:07:05:59 +0530] "GET /psc/dashboard HTTP/1.1" 200 563141 "http://164.52.207.234/psc/home" "Mozilla/5.0 (Linux; Android 9; SM-A730F) AppleWebKit/537.36 (KHTML, like Gecko) Chrome/89.0.4389.90 Mobile Safari/537.36"
106.210.116.2 - - [04/Apr/2021:07:06:00 +0530] "GET /psc/dist/css/custom.css HTTP/1.1" 200 764 "http://164.52.207.234/psc/dashboard" "Mozilla/5.0 (Linux; Android 9; SM-A730F) AppleWebKit/537.36 (KHTML, like Gecko) Chrome/89.0.4389.90 Mobile Safari/537.36"
106.210.116.2 - - [04/Apr/2021:07:06:00 +0530] "GET /psc/css/jquery-ui.css HTTP/1.1" 200 8715 "http://164.52.207.234/psc/dashboard" "Mozilla/5.0 (Linux; Android 9; SM-A730F) AppleWebKit/537.36 (KHTML, like Gecko) Chrome/89.0.4389.90 Mobile Safari/537.36"
106.210.116.2 - - [04/Apr/2021:07:06:00 +0530] "GET /psc/assets/fontawesome/css/all.css HTTP/1.1" 200 11406 "http://164.52.207.234/psc/dashboard" "Mozilla/5.0 (Linux; Android 9; SM-A730F) AppleWebKit/537.36 (KHTML, like Gecko) Chrome/89.0.4389.90 Mobile Safari/537.36"
106.210.116.2 - - [04/Apr/2021:07:06:00 +0530] "GET /psc/js/leaflet/leaflet.label.css HTTP/1.1" 200 788 "http://164.52.207.234/psc/dashboard" "Mozilla/5.0 (Linux; Android 9; SM-A730F) AppleWebKit/537.36 (KHTML, like Gecko) Chrome/89.0.4389.90 Mobile Safari/537.36"
106.210.116.2 - - [04/Apr/2021:07:06:00 +0530] "GET /psc/js/leaflet/leaflet.fullscreen.css HTTP/1.1" 200 722 "http://164.52.207.234/psc/dashboard" "Mozilla/5.0 (Linux; Android 9; SM-A730F) AppleWebKit/537.36 (KHTML, like Gecko) Chrome/89.0.4389.90 Mobile Safari/537.36"
106.210.116.2 - - [04/Apr/2021:07:06:01 +0530] "GET /psc/js/jquery.min.js HTTP/1.1" 200 30660 "http://164.52.207.234/psc/dashboard" "Mozilla/5.0 (Linux; Android 9; SM-A730F) AppleWebKit/537.36 (KHTML, like Gecko) Chrome/89.0.4389.90 Mobile Safari/537.36"
106.210.116.2 - - [04/Apr/2021:07:06:01 +0530] "GET /psc/dist/chart/utils.js HTTP/1.1" 200 1776 "http://164.52.207.234/psc/dashboard" "Mozilla/5.0 (Linux; Android 9; SM-A730F) AppleWebKit/537.36 (KHTML, like Gecko) Chrome/89.0.4389.90 Mobile Safari/537.36"
106.210.116.2 - - [04/Apr/2021:07:06:01 +0530] "GET /psc/js/jquery-ui.js HTTP/1.1" 200 108395 "http://164.52.207.234/psc/dashboard" "Mozilla/5.0 (Linux; Android 9; SM-A730F) AppleWebKit/537.36 (KHTML, like Gecko) Chrome/89.0.4389.90 Mobile Safari/537.36"
106.210.116.2 - - [04/Apr/2021:07:06:01 +0530] "GET /psc/js/leaflet/leaflet.label.js HTTP/1.1" 200 2608 "http://164.52.207.234/psc/dashboard" "Mozilla/5.0 (Linux; Android 9; SM-A730F) AppleWebKit/537.36 (KHTML, like Gecko) Chrome/89.0.4389.90 Mobile Safari/537.36"
106.210.116.2 - - [04/Apr/2021:07:06:01 +0530] "GET /psc/dist/css/icons/font-awesome/css/fontawesome-all.css HTTP/1.1" 200 8834 "http://164.52.207.234/psc/dist/css/stylealt.css" "Mozilla/5.0 (Linux; Android 9; SM-A730F) AppleWebKit/537.36 (KHTML, like Gecko) Chrome/89.0.4389.90 Mobile Safari/537.36"
106.210.116.2 - - [04/Apr/2021:07:06:01 +0530] "GET /psc/dist/chart/Chart.js HTTP/1.1" 200 106157 "http://164.52.207.234/psc/dashboard" "Mozilla/5.0 (Linux; Android 9; SM-A730F) AppleWebKit/537.36 (KHTML, like Gecko) Chrome/89.0.4389.90 Mobile Safari/537.36"
106.210.116.2 - - [04/Apr/2021:07:06:01 +0530] "GET /psc/dist/css/icons/themify-icons/themify-icons.css HTTP/1.1" 200 3347 "http://164.52.207.234/psc/dist/css/stylealt.css" "Mozilla/5.0 (Linux; Android 9; SM-A730F) AppleWebKit/537.36 (KHTML, like Gecko) Chrome/89.0.4389.90 Mobile Safari/537.36"
106.210.116.2 - - [04/Apr/2021:07:06:01 +0530] "GET /psc/dist/css/icons/material-design-iconic-font/css/materialdesignicons.min.css HTTP/1.1" 200 14960 "http://164.52.207.234/psc/dist/css/stylealt.css" "Mozilla/5.0 (Linux; Android 9; SM-A730F) AppleWebKit/537.36 (KHTML, like Gecko) Chrome/89.0.4389.90 Mobile Safari/537.36"
106.210.116.2 - - [04/Apr/2021:07:06:01 +0530] "GET /psc/js/leaflet/Leaflet.fullscreen.min.js HTTP/1.1" 200 1431 "http://164.52.207.234/psc/dashboard" "Mozilla/5.0 (Linux; Android 9; SM-A730F) AppleWebKit/537.36 (KHTML, like Gecko) Chrome/89.0.4389.90 Mobile Safari/537.36"
106.210.116.2 - - [04/Apr/2021:07:06:01 +0530] "GET /psc/assets/libs/popper.js/dist/umd/popper.min.js HTTP/1.1" 200 7596 "http://164.52.207.234/psc/dashboard" "Mozilla/5.0 (Linux; Android 9; SM-A730F) AppleWebKit/537.36 (KHTML, like Gecko) Chrome/89.0.4389.90 Mobile Safari/537.36"
106.210.116.2 - - [04/Apr/2021:07:06:01 +0530] "GET /psc/assets/libs/bootstrap/dist/js/bootstrap.min.js HTTP/1.1" 200 14397 "http://164.52.207.234/psc/dashboard" "Mozilla/5.0 (Linux; Android 9; SM-A730F) AppleWebKit/537.36 (KHTML, like Gecko) Chrome/89.0.4389.90 Mobile Safari/537.36"
106.210.116.2 - - [04/Apr/2021:07:06:01 +0530] "GET /psc/assets/libs/perfect-scrollbar/dist/perfect-scrollbar.jquery.min.js HTTP/1.1" 200 9400 "http://164.52.207.234/psc/dashboard" "Mozilla/5.0 (Linux; Android 9; SM-A730F) AppleWebKit/537.36 (KHTML, like Gecko) Chrome/89.0.4389.90 Mobile Safari/537.36"
106.210.116.2 - - [04/Apr/2021:07:06:01 +0530] "GET /psc/dist/js/sidebarmenu.js HTTP/1.1" 200 1000 "http://164.52.207.234/psc/dashboard" "Mozilla/5.0 (Linux; Android 9; SM-A730F) AppleWebKit/537.36 (KHTML, like Gecko) Chrome/89.0.4389.90 Mobile Safari/537.36"
106.210.116.2 - - [04/Apr/2021:07:06:01 +0530] "GET /psc/dist/js/waves.js HTTP/1.1" 200 1870 "http://164.52.207.234/psc/dashboard" "Mozilla/5.0 (Linux; Android 9; SM-A730F) AppleWebKit/537.36 (KHTML, like Gecko) Chrome/89.0.4389.90 Mobile Safari/537.36"
106.210.116.2 - - [04/Apr/2021:07:06:01 +0530] "GET /psc/assets/extra-libs/sparkline/sparkline.js HTTP/1.1" 200 13380 "http://164.52.207.234/psc/dashboard" "Mozilla/5.0 (Linux; Android 9; SM-A730F) AppleWebKit/537.36 (KHTML, like Gecko) Chrome/89.0.4389.90 Mobile Safari/537.36"
106.210.116.2 - - [04/Apr/2021:07:06:01 +0530] "GET /psc/dist/js/custom.min.js HTTP/1.1" 200 1393 "http://164.52.207.234/psc/dashboard" "Mozilla/5.0 (Linux; Android 9; SM-A730F) AppleWebKit/537.36 (KHTML, like Gecko) Chrome/89.0.4389.90 Mobile Safari/537.36"
106.210.116.2 - - [04/Apr/2021:07:06:01 +0530] "GET /psc/assets/libs/flot/excanvas.js HTTP/1.1" 200 12988 "http://164.52.207.234/psc/dashboard" "Mozilla/5.0 (Linux; Android 9; SM-A730F) AppleWebKit/537.36 (KHTML, like Gecko) Chrome/89.0.4389.90 Mobile Safari/537.36"
106.210.116.2 - - [04/Apr/2021:07:06:01 +0530] "GET /psc/assets/libs/flot/jquery.flot.pie.js HTTP/1.1" 200 7488 "http://164.52.207.234/psc/dashboard" "Mozilla/5.0 (Linux; Android 9; SM-A730F) AppleWebKit/537.36 (KHTML, like Gecko) Chrome/89.0.4389.90 Mobile Safari/537.36"
106.210.116.2 - - [04/Apr/2021:07:06:01 +0530] "GET /psc/assets/libs/flot/jquery.flot.js HTTP/1.1" 200 27905 "http://164.52.207.234/psc/dashboard" "Mozilla/5.0 (Linux; Android 9; SM-A730F) AppleWebKit/537.36 (KHTML, like Gecko) Chrome/89.0.4389.90 Mobile Safari/537.36"
106.210.116.2 - - [04/Apr/2021:07:06:01 +0530] "GET /psc/assets/libs/flot/jquery.flot.stack.js HTTP/1.1" 200 2387 "http://164.52.207.234/psc/dashboard" "Mozilla/5.0 (Linux; Android 9; SM-A730F) AppleWebKit/537.36 (KHTML, like Gecko) Chrome/89.0.4389.90 Mobile Safari/537.36"
106.210.116.2 - - [04/Apr/2021:07:06:01 +0530] "GET /psc/assets/libs/flot/jquery.flot.time.js HTTP/1.1" 200 4068 "http://164.52.207.234/psc/dashboard" "Mozilla/5.0 (Linux; Android 9; SM-A730F) AppleWebKit/537.36 (KHTML, like Gecko) Chrome/89.0.4389.90 Mobile Safari/537.36"
106.210.116.2 - - [04/Apr/2021:07:06:01 +0530] "GET /psc/assets/libs/flot/jquery.flot.crosshair.js HTTP/1.1" 200 2118 "http://164.52.207.234/psc/dashboard" "Mozilla/5.0 (Linux; Android 9; SM-A730F) AppleWebKit/537.36 (KHTML, like Gecko) Chrome/89.0.4389.90 Mobile Safari/537.36"
106.210.116.2 - - [04/Apr/2021:07:06:01 +0530] "GET /psc/assets/libs/flot.tooltip/js/jquery.flot.tooltip.min.js HTTP/1.1" 200 3116 "http://164.52.207.234/psc/dashboard" "Mozilla/5.0 (Linux; Android 9; SM-A730F) AppleWebKit/537.36 (KHTML, like Gecko) Chrome/89.0.4389.90 Mobile Safari/537.36"
106.210.116.2 - - [04/Apr/2021:07:06:01 +0530] "GET /psc/dist/js/pages/chart/chart-page-init.js HTTP/1.1" 200 1645 "http://164.52.207.234/psc/dashboard" "Mozilla/5.0 (Linux; Android 9; SM-A730F) AppleWebKit/537.36 (KHTML, like Gecko) Chrome/89.0.4389.90 Mobile Safari/537.36"
106.210.116.2 - - [04/Apr/2021:07:06:01 +0530] "GET /psc/dist/css/icons/themify-icons/fonts/themify.woff HTTP/1.1" 200 56407 "http://164.52.207.234/psc/dist/css/icons/themify-icons/themify-icons.css" "Mozilla/5.0 (Linux; Android 9; SM-A730F) AppleWebKit/537.36 (KHTML, like Gecko) Chrome/89.0.4389.90 Mobile Safari/537.36"
106.210.116.2 - - [04/Apr/2021:07:06:01 +0530] "GET /psc/assets/images/psc.png HTTP/1.1" 200 1782 "http://164.52.207.234/psc/dashboard" "Mozilla/5.0 (Linux; Android 9; SM-A730F) AppleWebKit/537.36 (KHTML, like Gecko) Chrome/89.0.4389.90 Mobile Safari/537.36"
106.210.116.2 - - [04/Apr/2021:07:06:01 +0530] "GET /psc/assets/images/logo-icon.png HTTP/1.1" 200 15359 "http://164.52.207.234/psc/dashboard" "Mozilla/5.0 (Linux; Android 9; SM-A730F) AppleWebKit/537.36 (KHTML, like Gecko) Chrome/89.0.4389.90 Mobile Safari/537.36"
106.210.116.2 - - [04/Apr/2021:07:06:01 +0530] "GET /psc/images/infinity.gif HTTP/1.1" 200 64922 "http://164.52.207.234/psc/dashboard" "Mozilla/5.0 (Linux; Android 9; SM-A730F) AppleWebKit/537.36 (KHTML, like Gecko) Chrome/89.0.4389.90 Mobile Safari/537.36"
106.210.116.2 - - [04/Apr/2021:07:06:01 +0530] "GET /psc/assets/images/users/1.jpg HTTP/1.1" 200 10496 "http://164.52.207.234/psc/dashboard" "Mozilla/5.0 (Linux; Android 9; SM-A730F) AppleWebKit/537.36 (KHTML, like Gecko) Chrome/89.0.4389.90 Mobile Safari/537.36"
106.210.116.2 - - [04/Apr/2021:07:06:01 +0530] "GET /psc/dist/css/icons/material-design-iconic-font//fonts/materialdesignicons-webfont.woff2?v=1.8.36 HTTP/1.1" 200 99999 "http://164.52.207.234/psc/dist/css/icons/material-design-iconic-font/css/materialdesignicons.min.css" "Mozilla/5.0 (Linux; Android 9; SM-A730F) AppleWebKit/537.36 (KHTML, like Gecko) Chrome/89.0.4389.90 Mobile Safari/537.36"
106.210.116.2 - - [04/Apr/2021:07:06:01 +0530] "GET /psc/js/leaflet/fullscreen.svg HTTP/1.1" 200 6322 "http://164.52.207.234/psc/js/leaflet/leaflet.fullscreen.css" "Mozilla/5.0 (Linux; Android 9; SM-A730F) AppleWebKit/537.36 (KHTML, like Gecko) Chrome/89.0.4389.90 Mobile Safari/537.36"
106.210.116.2 - - [04/Apr/2021:07:06:02 +0530] "GET /psc/assets/images/favicon.png HTTP/1.1" 200 15817 "http://164.52.207.234/psc/dashboard" "Mozilla/5.0 (Linux; Android 9; SM-A730F) AppleWebKit/537.36 (KHTML, like Gecko) Chrome/89.0.4389.90 Mobile Safari/537.36"
::1 - - [04/Apr/2021:07:06:10 +0530] "OPTIONS * HTTP/1.0" 200 126 "-" "Apache/2.4.29 (Ubuntu) mod_wsgi/4.5.17 Python/3.6 (internal dummy connection)"
164.52.206.209 - - [04/Apr/2021:07:06:21 +0530] "POST /psc/interserverapi/saveimage HTTP/1.1" 200 410 "-" "-"
164.52.207.234 - - [04/Apr/2021:07:06:23 +0530] "GET /psc/upload/wardboundary/allWard.geojson HTTP/1.0" 200 1657006 "-" "-"
164.52.207.234 - - [04/Apr/2021:07:06:23 +0530] "GET /psc/download/weekly_data_2021-04-04.json HTTP/1.0" 200 412 "-" "-"
106.210.116.2 - - [04/Apr/2021:07:06:23 +0530] "GET /psc/dashboard HTTP/1.1" 200 563146 "http://164.52.207.234/psc/home" "Mozilla/5.0 (Linux; Android 9; SM-A730F) AppleWebKit/537.36 (KHTML, like Gecko) Chrome/89.0.4389.90 Mobile Safari/537.36"
106.210.116.2 - - [04/Apr/2021:07:06:26 +0530] "GET /psc/assets/images/favicon.png HTTP/1.1" 200 15817 "http://164.52.207.234/psc/dashboard" "Mozilla/5.0 (Linux; Android 9; SM-A730F) AppleWebKit/537.36 (KHTML, like Gecko) Chrome/89.0.4389.90 Mobile Safari/537.36"
209.141.34.193 - - [04/Apr/2021:07:06:38 +0530] "POST /boaform/admin/formLogin HTTP/1.1" 404 493 "http://164.52.207.234:80/admin/login.asp" "Mozilla/5.0 (X11; Ubuntu; Linux x86_64; rv:71.0) Gecko/20100101 Firefox/71.0"
106.210.116.2 - - [04/Apr/2021:07:07:15 +0530] "-" 408 0 "-" "-"
164.52.206.209 - - [04/Apr/2021:07:07:16 +0530] "POST /psc/interserverapi/saveimage HTTP/1.1" 200 410 "-" "-"
74.120.14.37 - - [04/Apr/2021:07:07:46 +0530] "GET / HTTP/1.1" 200 11173 "-" "-"
74.120.14.37 - - [04/Apr/2021:07:07:47 +0530] "GET / HTTP/1.1" 200 3421 "-" "Mozilla/5.0 (compatible; CensysInspect/1.1; +https://about.censys.io/)"
89.43.33.181 - - [04/Apr/2021:07:08:25 +0530] "POST /boaform/admin/formLogin HTTP/1.1" 404 493 "http://164.52.207.234:80/admin/login.asp" "Mozilla/5.0 (X11; Ubuntu; Linux x86_64; rv:71.0) Gecko/20100101 Firefox/71.0"
164.52.206.209 - - [04/Apr/2021:07:10:35 +0530] "POST /psc/interserverapi/saveimage HTTP/1.1" 200 410 "-" "-"
164.52.206.209 - - [04/Apr/2021:07:13:11 +0530] "GET /psc/upload/wardboundary/ward8.geojson HTTP/1.0" 200 30726 "-" "-"
164.52.206.209 - - [04/Apr/2021:07:15:05 +0530] "POST /psc/interserverapi/saveimage HTTP/1.1" 200 410 "-" "-"
164.52.206.209 - - [04/Apr/2021:07:15:30 +0530] "GET /psc/upload/wardboundary/ward8.geojson HTTP/1.0" 200 30726 "-" "-"
209.141.34.193 - - [04/Apr/2021:07:16:09 +0530] "POST /boaform/admin/formLogin HTTP/1.1" 404 493 "http://164.52.207.234:80/admin/login.asp" "Mozilla/5.0 (X11; Ubuntu; Linux x86_64; rv:71.0) Gecko/20100101 Firefox/71.0"
164.52.206.209 - - [04/Apr/2021:07:17:20 +0530] "POST /psc/interserverapi/saveimage HTTP/1.1" 200 410 "-" "-"
164.52.206.209 - - [04/Apr/2021:07:17:45 +0530] "POST /psc/interserverapi/saveimage HTTP/1.1" 200 410 "-" "-"
164.52.206.209 - - [04/Apr/2021:07:18:46 +0530] "POST /psc/interserverapi/saveimage HTTP/1.1" 200 410 "-" "-"
164.52.206.209 - - [04/Apr/2021:07:20:46 +0530] "POST /psc/interserverapi/saveimage HTTP/1.1" 200 410 "-" "-"
164.52.206.209 - - [04/Apr/2021:07:23:23 +0530] "POST /psc/interserverapi/saveimage HTTP/1.1" 200 410 "-" "-"
209.141.34.193 - - [04/Apr/2021:07:24:37 +0530] "POST /boaform/admin/formLogin HTTP/1.1" 404 493 "http://164.52.207.234:80/admin/login.asp" "Mozilla/5.0 (X11; Ubuntu; Linux x86_64; rv:71.0) Gecko/20100101 Firefox/71.0"
164.52.206.209 - - [04/Apr/2021:07:28:32 +0530] "POST /psc/interserverapi/saveimage HTTP/1.1" 200 410 "-" "-"
164.52.206.209 - - [04/Apr/2021:07:29:23 +0530] "POST /psc/interserverapi/saveimage HTTP/1.1" 200 410 "-" "-"
164.52.206.209 - - [04/Apr/2021:07:31:12 +0530] "GET /psc/upload/wardboundary/ward8.geojson HTTP/1.0" 200 30726 "-" "-"
164.52.206.209 - - [04/Apr/2021:07:32:13 +0530] "GET /psc/upload/wardboundary/ward8.geojson HTTP/1.0" 200 30726 "-" "-"
164.52.206.209 - - [04/Apr/2021:07:32:59 +0530] "GET /psc/upload/wardboundary/ward8.geojson HTTP/1.0" 200 30726 "-" "-"
164.52.206.209 - - [04/Apr/2021:07:33:56 +0530] "POST /psc/interserverapi/saveimage HTTP/1.1" 200 410 "-" "-"
164.52.206.209 - - [04/Apr/2021:07:34:25 +0530] "POST /psc/interserverapi/saveimage HTTP/1.1" 200 410 "-" "-"
164.52.206.209 - - [04/Apr/2021:07:35:15 +0530] "GET /psc/upload/wardboundary/ward8.geojson HTTP/1.0" 200 30726 "-" "-"
45.85.90.13 - - [04/Apr/2021:07:36:03 +0530] "POST /boaform/admin/formLogin HTTP/1.1" 404 493 "http://164.52.207.234:80/admin/login.asp" "Mozilla/5.0 (X11; Ubuntu; Linux x86_64; rv:71.0) Gecko/20100101 Firefox/71.0"
164.52.206.209 - - [04/Apr/2021:07:37:39 +0530] "POST /psc/interserverapi/saveimage HTTP/1.1" 200 410 "-" "-"
157.42.211.162 - - [04/Apr/2021:07:41:35 +0530] "GET /psc/home HTTP/1.1" 200 2029 "http://164.52.207.234/psc/home" "Mozilla/5.0 (X11; Linux x86_64) AppleWebKit/537.36 (KHTML, like Gecko) Chrome/89.0.4389.105 Safari/537.36"
223.230.142.14 - - [04/Apr/2021:07:41:43 +0530] "GET /psc/ HTTP/1.1" 200 2029 "-" "Mozilla/5.0 (Linux; Android 11; RMX2161) AppleWebKit/537.36 (KHTML, like Gecko) Chrome/87.0.4280.141 Mobile Safari/537.36"
223.230.142.14 - - [04/Apr/2021:07:41:49 +0530] "POST /psc/home/authorizationnosql HTTP/1.1" 303 367 "http://164.52.207.234/psc/" "Mozilla/5.0 (Linux; Android 11; RMX2161) AppleWebKit/537.36 (KHTML, like Gecko) Chrome/87.0.4280.141 Mobile Safari/537.36"
164.52.207.234 - - [04/Apr/2021:07:41:49 +0530] "GET /psc/upload/wardboundary/allWard.geojson HTTP/1.0" 200 1657006 "-" "-"
164.52.207.234 - - [04/Apr/2021:07:41:49 +0530] "GET /psc/download/weekly_data_2021-04-04.json HTTP/1.0" 200 412 "-" "-"
223.230.142.14 - - [04/Apr/2021:07:41:51 +0530] "GET /psc/js/leaflet/leaflet.fullscreen.css HTTP/1.1" 200 723 "http://164.52.207.234/psc/dashboard" "Mozilla/5.0 (Linux; Android 11; RMX2161) AppleWebKit/537.36 (KHTML, like Gecko) Chrome/87.0.4280.141 Mobile Safari/537.36"
223.230.142.14 - - [04/Apr/2021:07:41:49 +0530] "GET /psc/dashboard HTTP/1.1" 200 563149 "http://164.52.207.234/psc/" "Mozilla/5.0 (Linux; Android 11; RMX2161) AppleWebKit/537.36 (KHTML, like Gecko) Chrome/87.0.4280.141 Mobile Safari/537.36"
164.52.206.209 - - [04/Apr/2021:07:42:07 +0530] "POST /psc/interserverapi/saveimage HTTP/1.1" 200 410 "-" "-"
164.52.207.234 - - [04/Apr/2021:07:42:15 +0530] "GET /psc/upload/wardboundary/ward8.geojson HTTP/1.0" 200 30726 "-" "-"
223.230.142.14 - - [04/Apr/2021:07:42:15 +0530] "POST /psc/dashboard/getWardMapDetails/8 HTTP/1.1" 200 11553 "http://164.52.207.234/psc/dashboard" "Mozilla/5.0 (Linux; Android 11; RMX2161) AppleWebKit/537.36 (KHTML, like Gecko) Chrome/87.0.4280.141 Mobile Safari/537.36"
157.42.211.162 - - [04/Apr/2021:07:42:26 +0530] "-" 408 0 "-" "-"
164.52.207.234 - - [04/Apr/2021:07:42:34 +0530] "GET /psc/upload/wardboundary/ward8.geojson HTTP/1.0" 200 30726 "-" "-"
223.230.142.14 - - [04/Apr/2021:07:42:33 +0530] "GET /psc/dashboard/overallwardinfo/8 HTTP/1.1" 200 66111 "http://164.52.207.234/psc/dashboard" "Mozilla/5.0 (Linux; Android 11; RMX2161) AppleWebKit/537.36 (KHTML, like Gecko) Chrome/87.0.4280.141 Mobile Safari/537.36"
164.52.206.209 - - [04/Apr/2021:07:42:36 +0530] "POST /psc/interserverapi/saveimage HTTP/1.1" 200 410 "-" "-"
223.230.142.14 - - [04/Apr/2021:07:43:24 +0530] "-" 408 0 "-" "-"
164.52.207.234 - - [04/Apr/2021:07:43:49 +0530] "GET /psc/upload/wardboundary/allWard.geojson HTTP/1.0" 200 1657006 "-" "-"
164.52.207.234 - - [04/Apr/2021:07:43:49 +0530] "GET /psc/download/weekly_data_2021-04-04.json HTTP/1.0" 200 412 "-" "-"
223.230.142.14 - - [04/Apr/2021:07:43:49 +0530] "GET /psc/dashboard HTTP/1.1" 200 520352 "http://164.52.207.234/psc/" "Mozilla/5.0 (Linux; Android 11; RMX2161) AppleWebKit/537.36 (KHTML, like Gecko) Chrome/87.0.4280.141 Mobile Safari/537.36"
164.52.206.209 - - [04/Apr/2021:07:45:55 +0530] "GET /psc/upload/wardboundary/ward8.geojson HTTP/1.0" 200 30726 "-" "-"
164.52.206.209 - - [04/Apr/2021:07:48:47 +0530] "POST /psc/interserverapi/saveimage HTTP/1.1" 200 410 "-" "-"
13.66.139.60 - - [04/Apr/2021:07:48:48 +0530] "GET /sitemap.xml HTTP/1.1" 404 493 "-" "Mozilla/5.0 (compatible; bingbot/2.0; +http://www.bing.com/bingbot.htm)"
164.52.206.209 - - [04/Apr/2021:07:50:04 +0530] "POST /psc/interserverapi/saveimage HTTP/1.1" 200 410 "-" "-"
164.52.206.209 - - [04/Apr/2021:07:50:25 +0530] "GET /psc/upload/wardboundary/ward8.geojson HTTP/1.0" 200 30726 "-" "-"
45.85.90.13 - - [04/Apr/2021:07:52:22 +0530] "POST /boaform/admin/formLogin HTTP/1.1" 404 493 "http://164.52.207.234:80/admin/login.asp" "Mozilla/5.0 (X11; Ubuntu; Linux x86_64; rv:71.0) Gecko/20100101 Firefox/71.0"
164.52.206.209 - - [04/Apr/2021:07:54:41 +0530] "POST /psc/interserverapi/saveimage HTTP/1.1" 200 410 "-" "-"
104.140.188.38 - - [04/Apr/2021:07:54:51 +0530] "GET / HTTP/1.0" 200 11192 "-" "https://gdnplus.com:Gather Analyze Provide."
164.52.206.209 - - [04/Apr/2021:07:55:03 +0530] "POST /psc/interserverapi/saveimage HTTP/1.1" 200 410 "-" "-"
164.52.206.209 - - [04/Apr/2021:07:55:28 +0530] "POST /psc/interserverapi/saveimage HTTP/1.1" 200 410 "-" "-"
164.52.206.209 - - [04/Apr/2021:07:58:29 +0530] "POST /psc/interserverapi/saveimage HTTP/1.1" 200 410 "-" "-"
164.52.206.209 - - [04/Apr/2021:07:58:53 +0530] "POST /psc/interserverapi/saveimage HTTP/1.1" 200 410 "-" "-"
164.52.206.209 - - [04/Apr/2021:08:00:31 +0530] "POST /psc/interserverapi/saveimage HTTP/1.1" 200 410 "-" "-"
164.52.206.209 - - [04/Apr/2021:08:00:58 +0530] "POST /psc/interserverapi/saveimage HTTP/1.1" 200 410 "-" "-"
164.52.206.209 - - [04/Apr/2021:08:04:44 +0530] "POST /psc/interserverapi/saveimage HTTP/1.1" 200 410 "-" "-"
164.52.206.209 - - [04/Apr/2021:08:05:18 +0530] "POST /psc/interserverapi/saveimage HTTP/1.1" 200 410 "-" "-"
164.52.206.209 - - [04/Apr/2021:08:08:50 +0530] "POST /psc/interserverapi/saveimage HTTP/1.1" 200 410 "-" "-"
164.52.206.209 - - [04/Apr/2021:08:09:20 +0530] "GET /psc/upload/wardboundary/ward8.geojson HTTP/1.0" 200 30726 "-" "-"
164.52.206.209 - - [04/Apr/2021:08:11:12 +0530] "GET /psc/upload/wardboundary/ward8.geojson HTTP/1.0" 200 30726 "-" "-"
164.52.206.209 - - [04/Apr/2021:08:11:49 +0530] "GET /psc/upload/wardboundary/ward32.geojson HTTP/1.0" 200 43474 "-" "-"
164.52.206.209 - - [04/Apr/2021:08:12:37 +0530] "POST /psc/interserverapi/saveimage HTTP/1.1" 200 410 "-" "-"
164.52.206.209 - - [04/Apr/2021:08:12:55 +0530] "POST /psc/interserverapi/saveimage HTTP/1.1" 200 410 "-" "-"
164.52.206.209 - - [04/Apr/2021:08:15:05 +0530] "POST /psc/interserverapi/saveimage HTTP/1.1" 200 410 "-" "-"
164.52.206.209 - - [04/Apr/2021:08:17:46 +0530] "POST /psc/interserverapi/saveimage HTTP/1.1" 200 410 "-" "-"
164.52.206.209 - - [04/Apr/2021:08:19:57 +0530] "POST /psc/interserverapi/saveimage HTTP/1.1" 200 410 "-" "-"
164.52.206.209 - - [04/Apr/2021:08:20:31 +0530] "POST /psc/interserverapi/saveimage HTTP/1.1" 200 410 "-" "-"
164.52.206.209 - - [04/Apr/2021:08:21:02 +0530] "POST /psc/interserverapi/saveimage HTTP/1.1" 200 410 "-" "-"
164.52.206.209 - - [04/Apr/2021:08:21:28 +0530] "POST /psc/interserverapi/saveimage HTTP/1.1" 200 410 "-" "-"
164.52.206.209 - - [04/Apr/2021:08:21:47 +0530] "POST /psc/interserverapi/saveimage HTTP/1.1" 200 410 "-" "-"
164.52.206.209 - - [04/Apr/2021:08:22:33 +0530] "POST /psc/interserverapi/saveimage HTTP/1.1" 200 410 "-" "-"
13.66.139.60 - - [04/Apr/2021:08:23:42 +0530] "GET /sitemap.xml.gz HTTP/1.1" 404 493 "-" "Mozilla/5.0 (compatible; bingbot/2.0; +http://www.bing.com/bingbot.htm)"
164.52.206.209 - - [04/Apr/2021:08:24:39 +0530] "POST /psc/interserverapi/saveimage HTTP/1.1" 200 410 "-" "-"
164.52.206.209 - - [04/Apr/2021:08:26:24 +0530] "POST /psc/interserverapi/saveimage HTTP/1.1" 200 410 "-" "-"
164.52.206.209 - - [04/Apr/2021:08:26:46 +0530] "POST /psc/interserverapi/saveimage HTTP/1.1" 200 410 "-" "-"
164.52.206.209 - - [04/Apr/2021:08:27:57 +0530] "POST /psc/interserverapi/saveimage HTTP/1.1" 200 410 "-" "-"
164.52.206.209 - - [04/Apr/2021:08:28:44 +0530] "POST /psc/interserverapi/saveimage HTTP/1.1" 200 410 "-" "-"
164.52.206.209 - - [04/Apr/2021:08:31:27 +0530] "POST /psc/interserverapi/saveimage HTTP/1.1" 200 410 "-" "-"
164.52.206.209 - - [04/Apr/2021:08:31:32 +0530] "POST /psc/interserverapi/saveimage HTTP/1.1" 200 410 "-" "-"
164.52.206.209 - - [04/Apr/2021:08:31:50 +0530] "POST /psc/interserverapi/saveimage HTTP/1.1" 200 410 "-" "-"
164.52.206.209 - - [04/Apr/2021:08:35:01 +0530] "POST /psc/interserverapi/saveimage HTTP/1.1" 200 410 "-" "-"
164.52.206.209 - - [04/Apr/2021:08:35:06 +0530] "POST /psc/interserverapi/saveimage HTTP/1.1" 200 410 "-" "-"
164.52.206.209 - - [04/Apr/2021:08:36:16 +0530] "POST /psc/interserverapi/saveimage HTTP/1.1" 200 410 "-" "-"
164.52.206.209 - - [04/Apr/2021:08:38:13 +0530] "POST /psc/interserverapi/saveimage HTTP/1.1" 200 410 "-" "-"
164.52.206.209 - - [04/Apr/2021:08:38:53 +0530] "POST /psc/interserverapi/saveimage HTTP/1.1" 200 410 "-" "-"
164.52.206.209 - - [04/Apr/2021:08:39:00 +0530] "POST /psc/interserverapi/saveimage HTTP/1.1" 200 410 "-" "-"
13.66.139.66 - - [04/Apr/2021:08:39:05 +0530] "GET /sitemap.txt HTTP/1.1" 404 493 "-" "Mozilla/5.0 (compatible; bingbot/2.0; +http://www.bing.com/bingbot.htm)"
164.52.206.209 - - [04/Apr/2021:08:39:48 +0530] "POST /psc/interserverapi/saveimage HTTP/1.1" 200 410 "-" "-"
164.52.206.209 - - [04/Apr/2021:08:40:11 +0530] "POST /psc/interserverapi/saveimage HTTP/1.1" 200 410 "-" "-"
138.197.135.135 - - [04/Apr/2021:08:41:18 +0530] "GET / HTTP/1.0" 200 11192 "-" "Mozilla/5.0 (Windows NT 10.0; Win64; x64; rv:82.0) Gecko/20100101 Firefox/82.0"
164.52.206.209 - - [04/Apr/2021:08:44:21 +0530] "POST /psc/interserverapi/saveimage HTTP/1.1" 200 410 "-" "-"
164.52.206.209 - - [04/Apr/2021:08:44:44 +0530] "POST /psc/interserverapi/saveimage HTTP/1.1" 200 410 "-" "-"
164.52.206.209 - - [04/Apr/2021:08:44:44 +0530] "POST /psc/interserverapi/saveimage HTTP/1.1" 200 410 "-" "-"
164.52.206.209 - - [04/Apr/2021:08:45:02 +0530] "POST /psc/interserverapi/saveimage HTTP/1.1" 200 410 "-" "-"
164.52.206.209 - - [04/Apr/2021:08:45:32 +0530] "POST /psc/interserverapi/saveimage HTTP/1.1" 200 410 "-" "-"
164.52.206.209 - - [04/Apr/2021:08:46:40 +0530] "POST /psc/interserverapi/saveimage HTTP/1.1" 200 410 "-" "-"
164.52.206.209 - - [04/Apr/2021:08:46:53 +0530] "POST /psc/interserverapi/saveimage HTTP/1.1" 200 410 "-" "-"
164.52.206.209 - - [04/Apr/2021:08:47:05 +0530] "POST /psc/interserverapi/saveimage HTTP/1.1" 200 410 "-" "-"
164.52.206.209 - - [04/Apr/2021:08:47:47 +0530] "GET /psc/upload/wardboundary/ward8.geojson HTTP/1.0" 200 30726 "-" "-"
164.52.206.209 - - [04/Apr/2021:08:48:17 +0530] "POST /psc/interserverapi/saveimage HTTP/1.1" 200 410 "-" "-"
164.52.206.209 - - [04/Apr/2021:08:50:51 +0530] "POST /psc/interserverapi/saveimage HTTP/1.1" 200 410 "-" "-"
164.52.206.209 - - [04/Apr/2021:08:51:00 +0530] "GET /psc/upload/wardboundary/ward10.geojson HTTP/1.0" 200 31899 "-" "-"
164.52.206.209 - - [04/Apr/2021:08:51:19 +0530] "GET /psc/upload/wardboundary/ward35.geojson HTTP/1.0" 200 12499 "-" "-"
164.52.206.209 - - [04/Apr/2021:08:51:25 +0530] "POST /psc/interserverapi/saveimage HTTP/1.1" 200 410 "-" "-"
164.52.206.209 - - [04/Apr/2021:08:53:33 +0530] "POST /psc/interserverapi/saveimage HTTP/1.1" 200 410 "-" "-"
164.52.206.209 - - [04/Apr/2021:08:53:41 +0530] "POST /psc/interserverapi/saveimage HTTP/1.1" 200 410 "-" "-"
164.52.206.209 - - [04/Apr/2021:08:53:55 +0530] "POST /psc/interserverapi/saveimage HTTP/1.1" 200 410 "-" "-"
13.66.139.66 - - [04/Apr/2021:08:54:47 +0530] "GET /atom.xml HTTP/1.1" 404 493 "-" "Mozilla/5.0 (compatible; bingbot/2.0; +http://www.bing.com/bingbot.htm)"
164.52.206.209 - - [04/Apr/2021:08:55:12 +0530] "POST /psc/interserverapi/saveimage HTTP/1.1" 200 410 "-" "-"
164.52.206.209 - - [04/Apr/2021:08:55:16 +0530] "POST /psc/interserverapi/saveimage HTTP/1.1" 200 410 "-" "-"
164.52.206.209 - - [04/Apr/2021:08:56:42 +0530] "POST /psc/interserverapi/saveimage HTTP/1.1" 200 410 "-" "-"
164.52.206.209 - - [04/Apr/2021:08:57:56 +0530] "POST /psc/interserverapi/saveimage HTTP/1.1" 200 410 "-" "-"
164.52.206.209 - - [04/Apr/2021:08:59:01 +0530] "POST /psc/interserverapi/saveimage HTTP/1.1" 200 410 "-" "-"
13.66.139.60 - - [04/Apr/2021:08:59:35 +0530] "GET /sitemap_index.xml HTTP/1.1" 404 493 "-" "Mozilla/5.0 (compatible; bingbot/2.0; +http://www.bing.com/bingbot.htm)"
164.52.206.209 - - [04/Apr/2021:09:00:43 +0530] "POST /psc/interserverapi/saveimage HTTP/1.1" 200 410 "-" "-"
164.52.206.209 - - [04/Apr/2021:09:01:07 +0530] "POST /psc/interserverapi/saveimage HTTP/1.1" 200 410 "-" "-"
164.52.206.209 - - [04/Apr/2021:09:03:35 +0530] "POST /psc/interserverapi/saveimage HTTP/1.1" 200 410 "-" "-"
164.52.206.209 - - [04/Apr/2021:09:03:53 +0530] "GET /psc/upload/wardboundary/ward58.geojson HTTP/1.0" 200 17111 "-" "-"
164.52.206.209 - - [04/Apr/2021:09:04:45 +0530] "POST /psc/interserverapi/saveimage HTTP/1.1" 200 410 "-" "-"
164.52.206.209 - - [04/Apr/2021:09:05:16 +0530] "POST /psc/interserverapi/saveimage HTTP/1.1" 200 410 "-" "-"
164.52.206.209 - - [04/Apr/2021:09:05:38 +0530] "POST /psc/interserverapi/saveimage HTTP/1.1" 200 410 "-" "-"
164.52.206.209 - - [04/Apr/2021:09:06:20 +0530] "POST /psc/interserverapi/saveimage HTTP/1.1" 200 410 "-" "-"
164.52.206.209 - - [04/Apr/2021:09:07:42 +0530] "POST /psc/interserverapi/saveimage HTTP/1.1" 200 410 "-" "-"
164.52.206.209 - - [04/Apr/2021:09:08:01 +0530] "POST /psc/interserverapi/saveimage HTTP/1.1" 200 410 "-" "-"
164.52.206.209 - - [04/Apr/2021:09:09:03 +0530] "POST /psc/interserverapi/saveimage HTTP/1.1" 200 410 "-" "-"
164.52.206.209 - - [04/Apr/2021:09:10:30 +0530] "POST /psc/interserverapi/saveimage HTTP/1.1" 200 410 "-" "-"
164.52.206.209 - - [04/Apr/2021:09:11:08 +0530] "POST /psc/interserverapi/saveimage HTTP/1.1" 200 410 "-" "-"
164.52.206.209 - - [04/Apr/2021:09:11:16 +0530] "POST /psc/interserverapi/saveimage HTTP/1.1" 200 410 "-" "-"
164.52.206.209 - - [04/Apr/2021:09:13:03 +0530] "POST /psc/interserverapi/saveimage HTTP/1.1" 200 410 "-" "-"
164.52.207.234 - - [04/Apr/2021:09:13:26 +0530] "GET /psc/upload/wardboundary/allWard.geojson HTTP/1.0" 200 1657006 "-" "-"
164.52.207.234 - - [04/Apr/2021:09:13:26 +0530] "GET /psc/download/weekly_data_2021-04-04.json HTTP/1.0" 200 412 "-" "-"
106.210.116.2 - - [04/Apr/2021:09:13:26 +0530] "GET /psc/dashboard HTTP/1.1" 307 506 "http://164.52.207.234/psc/home" "Mozilla/5.0 (Linux; Android 9; SM-A730F) AppleWebKit/537.36 (KHTML, like Gecko) Chrome/89.0.4389.90 Mobile Safari/537.36"
106.210.116.2 - - [04/Apr/2021:09:13:26 +0530] "GET /psc/home/logout HTTP/1.1" 307 370 "http://164.52.207.234/psc/home" "Mozilla/5.0 (Linux; Android 9; SM-A730F) AppleWebKit/537.36 (KHTML, like Gecko) Chrome/89.0.4389.90 Mobile Safari/537.36"
106.210.116.2 - - [04/Apr/2021:09:13:27 +0530] "GET /psc/home HTTP/1.1" 200 1900 "http://164.52.207.234/psc/home" "Mozilla/5.0 (Linux; Android 9; SM-A730F) AppleWebKit/537.36 (KHTML, like Gecko) Chrome/89.0.4389.90 Mobile Safari/537.36"
106.210.116.2 - - [04/Apr/2021:09:13:31 +0530] "POST /psc/home/authorizationnosql HTTP/1.1" 303 366 "http://164.52.207.234/psc/home" "Mozilla/5.0 (Linux; Android 9; SM-A730F) AppleWebKit/537.36 (KHTML, like Gecko) Chrome/89.0.4389.90 Mobile Safari/537.36"
164.52.207.234 - - [04/Apr/2021:09:13:31 +0530] "GET /psc/upload/wardboundary/allWard.geojson HTTP/1.0" 200 1657006 "-" "-"
164.52.207.234 - - [04/Apr/2021:09:13:31 +0530] "GET /psc/download/weekly_data_2021-04-04.json HTTP/1.0" 200 412 "-" "-"
106.210.116.2 - - [04/Apr/2021:09:13:31 +0530] "GET /psc/dashboard HTTP/1.1" 200 563169 "http://164.52.207.234/psc/home" "Mozilla/5.0 (Linux; Android 9; SM-A730F) AppleWebKit/537.36 (KHTML, like Gecko) Chrome/89.0.4389.90 Mobile Safari/537.36"
164.52.206.209 - - [04/Apr/2021:09:13:52 +0530] "POST /psc/interserverapi/saveimage HTTP/1.1" 200 410 "-" "-"
164.52.207.234 - - [04/Apr/2021:09:14:04 +0530] "GET /psc/upload/wardboundary/allWard.geojson HTTP/1.0" 200 1657006 "-" "-"
164.52.207.234 - - [04/Apr/2021:09:14:04 +0530] "GET /psc/download/weekly_data_2021-04-04.json HTTP/1.0" 200 412 "-" "-"
164.52.206.209 - - [04/Apr/2021:09:14:05 +0530] "POST /psc/interserverapi/saveimage HTTP/1.1" 200 410 "-" "-"
106.210.116.2 - - [04/Apr/2021:09:14:04 +0530] "GET /psc/dashboard HTTP/1.1" 200 563170 "http://164.52.207.234/psc/home" "Mozilla/5.0 (Linux; Android 9; SM-A730F) AppleWebKit/537.36 (KHTML, like Gecko) Chrome/89.0.4389.90 Mobile Safari/537.36"
106.210.116.2 - - [04/Apr/2021:09:14:11 +0530] "GET /psc/assets/images/favicon.png HTTP/1.1" 200 15817 "http://164.52.207.234/psc/dashboard" "Mozilla/5.0 (Linux; Android 9; SM-A730F) AppleWebKit/537.36 (KHTML, like Gecko) Chrome/89.0.4389.90 Mobile Safari/537.36"
164.52.206.209 - - [04/Apr/2021:09:14:19 +0530] "POST /psc/interserverapi/saveimage HTTP/1.1" 200 410 "-" "-"
106.210.116.2 - - [04/Apr/2021:09:14:46 +0530] "-" 408 0 "-" "-"
13.66.139.105 - - [04/Apr/2021:09:15:26 +0530] "GET /sitemaps.xml HTTP/1.1" 404 493 "-" "Mozilla/5.0 (compatible; bingbot/2.0; +http://www.bing.com/bingbot.htm)"
164.52.206.209 - - [04/Apr/2021:09:16:12 +0530] "POST /psc/interserverapi/saveimage HTTP/1.1" 200 410 "-" "-"
164.52.206.209 - - [04/Apr/2021:09:16:34 +0530] "POST /psc/interserverapi/saveimage HTTP/1.1" 200 410 "-" "-"
164.52.206.209 - - [04/Apr/2021:09:16:39 +0530] "GET /psc/upload/wardboundary/ward33.geojson HTTP/1.0" 200 12859 "-" "-"
164.52.206.209 - - [04/Apr/2021:09:16:58 +0530] "POST /psc/interserverapi/saveimage HTTP/1.1" 200 410 "-" "-"
164.52.206.209 - - [04/Apr/2021:09:18:51 +0530] "POST /psc/interserverapi/saveimage HTTP/1.1" 200 410 "-" "-"
164.52.206.209 - - [04/Apr/2021:09:19:52 +0530] "POST /psc/interserverapi/saveimage HTTP/1.1" 200 410 "-" "-"
164.52.206.209 - - [04/Apr/2021:09:20:55 +0530] "POST /psc/interserverapi/saveimage HTTP/1.1" 200 410 "-" "-"
164.52.206.209 - - [04/Apr/2021:09:20:59 +0530] "POST /psc/interserverapi/saveimage HTTP/1.1" 200 410 "-" "-"
164.52.206.209 - - [04/Apr/2021:09:21:37 +0530] "POST /psc/interserverapi/saveimage HTTP/1.1" 200 410 "-" "-"
164.52.206.209 - - [04/Apr/2021:09:22:49 +0530] "POST /psc/interserverapi/saveimage HTTP/1.1" 200 410 "-" "-"
164.52.206.209 - - [04/Apr/2021:09:22:52 +0530] "POST /psc/interserverapi/saveimage HTTP/1.1" 200 410 "-" "-"
164.52.206.209 - - [04/Apr/2021:09:23:40 +0530] "POST /psc/interserverapi/saveimage HTTP/1.1" 200 410 "-" "-"
164.52.206.209 - - [04/Apr/2021:09:24:12 +0530] "POST /psc/interserverapi/saveimage HTTP/1.1" 200 410 "-" "-"
164.52.206.209 - - [04/Apr/2021:09:24:16 +0530] "POST /psc/interserverapi/saveimage HTTP/1.1" 200 410 "-" "-"
164.52.206.209 - - [04/Apr/2021:09:25:16 +0530] "GET /psc/upload/wardboundary/ward58.geojson HTTP/1.0" 200 17111 "-" "-"
164.52.206.209 - - [04/Apr/2021:09:25:31 +0530] "POST /psc/interserverapi/saveimage HTTP/1.1" 200 410 "-" "-"
164.52.206.209 - - [04/Apr/2021:09:25:35 +0530] "POST /psc/interserverapi/saveimage HTTP/1.1" 200 410 "-" "-"
164.52.206.209 - - [04/Apr/2021:09:25:49 +0530] "POST /psc/interserverapi/saveimage HTTP/1.1" 200 410 "-" "-"
164.52.206.209 - - [04/Apr/2021:09:26:31 +0530] "POST /psc/interserverapi/saveimage HTTP/1.1" 200 410 "-" "-"
164.52.206.209 - - [04/Apr/2021:09:27:52 +0530] "POST /psc/interserverapi/saveimage HTTP/1.1" 200 410 "-" "-"
47.9.244.47 - - [04/Apr/2021:09:28:07 +0530] "GET /psc/ HTTP/1.1" 200 2029 "-" "Mozilla/5.0 (Linux; Android 10; CPH1931) AppleWebKit/537.36 (KHTML, like Gecko) Chrome/89.0.4389.105 Mobile Safari/537.36"
47.9.244.47 - - [04/Apr/2021:09:28:12 +0530] "POST /psc/home/authorizationnosql HTTP/1.1" 303 367 "http://164.52.207.234/psc/" "Mozilla/5.0 (Linux; Android 10; CPH1931) AppleWebKit/537.36 (KHTML, like Gecko) Chrome/89.0.4389.105 Mobile Safari/537.36"
164.52.207.234 - - [04/Apr/2021:09:28:12 +0530] "GET /psc/upload/wardboundary/allWard.geojson HTTP/1.0" 200 1657006 "-" "-"
164.52.207.234 - - [04/Apr/2021:09:28:12 +0530] "GET /psc/download/weekly_data_2021-04-04.json HTTP/1.0" 200 412 "-" "-"
47.9.244.47 - - [04/Apr/2021:09:28:17 +0530] "GET /psc/dist/css/custom.css HTTP/1.1" 200 764 "http://164.52.207.234/psc/dashboard" "Mozilla/5.0 (Linux; Android 10; CPH1931) AppleWebKit/537.36 (KHTML, like Gecko) Chrome/89.0.4389.105 Mobile Safari/537.36"
47.9.244.47 - - [04/Apr/2021:09:28:17 +0530] "GET /psc/js/leaflet/leaflet.fullscreen.css HTTP/1.1" 200 723 "http://164.52.207.234/psc/dashboard" "Mozilla/5.0 (Linux; Android 10; CPH1931) AppleWebKit/537.36 (KHTML, like Gecko) Chrome/89.0.4389.105 Mobile Safari/537.36"
47.9.244.47 - - [04/Apr/2021:09:28:12 +0530] "GET /psc/dashboard HTTP/1.1" 200 563164 "http://164.52.207.234/psc/" "Mozilla/5.0 (Linux; Android 10; CPH1931) AppleWebKit/537.36 (KHTML, like Gecko) Chrome/89.0.4389.105 Mobile Safari/537.36"
164.52.207.234 - - [04/Apr/2021:09:28:26 +0530] "GET /psc/upload/wardboundary/ward16.geojson HTTP/1.0" 200 15307 "-" "-"
47.9.244.47 - - [04/Apr/2021:09:28:26 +0530] "POST /psc/dashboard/getWardMapDetails/16 HTTP/1.1" 200 6109 "http://164.52.207.234/psc/dashboard" "Mozilla/5.0 (Linux; Android 10; CPH1931) AppleWebKit/537.36 (KHTML, like Gecko) Chrome/89.0.4389.105 Mobile Safari/537.36"
164.52.206.209 - - [04/Apr/2021:09:28:29 +0530] "POST /psc/interserverapi/saveimage HTTP/1.1" 200 410 "-" "-"
164.52.207.234 - - [04/Apr/2021:09:28:37 +0530] "GET /psc/upload/wardboundary/ward11.geojson HTTP/1.0" 200 50769 "-" "-"
47.9.244.47 - - [04/Apr/2021:09:28:37 +0530] "POST /psc/dashboard/getWardMapDetails/11 HTTP/1.1" 200 16668 "http://164.52.207.234/psc/dashboard" "Mozilla/5.0 (Linux; Android 10; CPH1931) AppleWebKit/537.36 (KHTML, like Gecko) Chrome/89.0.4389.105 Mobile Safari/537.36"
164.52.207.234 - - [04/Apr/2021:09:28:41 +0530] "GET /psc/upload/wardboundary/ward15.geojson HTTP/1.0" 200 26766 "-" "-"
47.9.244.47 - - [04/Apr/2021:09:28:41 +0530] "POST /psc/dashboard/getWardMapDetails/15 HTTP/1.1" 200 8888 "http://164.52.207.234/psc/dashboard" "Mozilla/5.0 (Linux; Android 10; CPH1931) AppleWebKit/537.36 (KHTML, like Gecko) Chrome/89.0.4389.105 Mobile Safari/537.36"
164.52.207.234 - - [04/Apr/2021:09:28:50 +0530] "GET /psc/upload/wardboundary/ward17.geojson HTTP/1.0" 200 16333 "-" "-"
47.9.244.47 - - [04/Apr/2021:09:28:50 +0530] "POST /psc/dashboard/getWardMapDetails/17 HTTP/1.1" 200 5617 "http://164.52.207.234/psc/dashboard" "Mozilla/5.0 (Linux; Android 10; CPH1931) AppleWebKit/537.36 (KHTML, like Gecko) Chrome/89.0.4389.105 Mobile Safari/537.36"
164.52.207.234 - - [04/Apr/2021:09:28:51 +0530] "GET /psc/upload/wardboundary/ward18.geojson HTTP/1.0" 200 17568 "-" "-"
47.9.244.47 - - [04/Apr/2021:09:28:51 +0530] "POST /psc/dashboard/getWardMapDetails/18 HTTP/1.1" 200 6027 "http://164.52.207.234/psc/dashboard" "Mozilla/5.0 (Linux; Android 10; CPH1931) AppleWebKit/537.36 (KHTML, like Gecko) Chrome/89.0.4389.105 Mobile Safari/537.36"
47.9.244.47 - - [04/Apr/2021:09:29:26 +0530] "GET /psc/ HTTP/1.1" 200 1901 "-" "Mozilla/5.0 (Linux; Android 10; CPH1931) AppleWebKit/537.36 (KHTML, like Gecko) Chrome/89.0.4389.105 Mobile Safari/537.36"
164.52.206.209 - - [04/Apr/2021:09:29:35 +0530] "POST /psc/interserverapi/saveimage HTTP/1.1" 200 410 "-" "-"
164.52.206.209 - - [04/Apr/2021:09:29:41 +0530] "POST /psc/interserverapi/saveimage HTTP/1.1" 200 410 "-" "-"
47.9.244.47 - - [04/Apr/2021:09:30:10 +0530] "-" 408 0 "-" "-"
164.52.206.209 - - [04/Apr/2021:09:30:12 +0530] "POST /psc/interserverapi/saveimage HTTP/1.1" 200 410 "-" "-"
164.52.206.209 - - [04/Apr/2021:09:30:58 +0530] "POST /psc/interserverapi/saveimage HTTP/1.1" 200 410 "-" "-"
164.52.206.209 - - [04/Apr/2021:09:31:10 +0530] "POST /psc/interserverapi/saveimage HTTP/1.1" 200 410 "-" "-"
164.52.206.209 - - [04/Apr/2021:09:31:27 +0530] "GET /psc/upload/wardboundary/ward8.geojson HTTP/1.0" 200 30726 "-" "-"
164.52.206.209 - - [04/Apr/2021:09:31:37 +0530] "POST /psc/interserverapi/saveimage HTTP/1.1" 200 410 "-" "-"
164.52.206.209 - - [04/Apr/2021:09:31:40 +0530] "POST /psc/interserverapi/saveimage HTTP/1.1" 200 410 "-" "-"
164.52.206.209 - - [04/Apr/2021:09:32:01 +0530] "POST /psc/interserverapi/saveimage HTTP/1.1" 200 410 "-" "-"
121.46.25.189 - - [04/Apr/2021:09:33:41 +0530] "GET / HTTP/1.1" 200 11192 "-" "-"
121.46.25.189 - - [04/Apr/2021:09:33:42 +0530] "GET /favicon.ico HTTP/1.1" 404 456 "-" "-"
164.52.206.209 - - [04/Apr/2021:09:33:45 +0530] "POST /psc/interserverapi/saveimage HTTP/1.1" 200 410 "-" "-"
164.52.206.209 - - [04/Apr/2021:09:34:01 +0530] "POST /psc/interserverapi/saveimage HTTP/1.1" 200 410 "-" "-"
164.52.206.209 - - [04/Apr/2021:09:34:20 +0530] "POST /psc/interserverapi/saveimage HTTP/1.1" 200 410 "-" "-"
164.52.206.209 - - [04/Apr/2021:09:34:31 +0530] "GET /psc/upload/wardboundary/ward8.geojson HTTP/1.0" 200 30726 "-" "-"
164.52.206.209 - - [04/Apr/2021:09:35:34 +0530] "POST /psc/interserverapi/saveimage HTTP/1.1" 200 410 "-" "-"
164.52.206.209 - - [04/Apr/2021:09:36:39 +0530] "POST /psc/interserverapi/saveimage HTTP/1.1" 200 410 "-" "-"
164.52.206.209 - - [04/Apr/2021:09:37:35 +0530] "POST /psc/interserverapi/saveimage HTTP/1.1" 200 410 "-" "-"
45.85.90.131 - - [04/Apr/2021:09:38:53 +0530] "POST /boaform/admin/formLogin HTTP/1.1" 404 493 "http://164.52.207.234:80/admin/login.asp" "Mozilla/5.0 (X11; Ubuntu; Linux x86_64; rv:71.0) Gecko/20100101 Firefox/71.0"
164.52.206.209 - - [04/Apr/2021:09:38:55 +0530] "POST /psc/interserverapi/saveimage HTTP/1.1" 200 410 "-" "-"
164.52.206.209 - - [04/Apr/2021:09:39:05 +0530] "POST /psc/interserverapi/saveimage HTTP/1.1" 200 410 "-" "-"
164.52.206.209 - - [04/Apr/2021:09:39:44 +0530] "POST /psc/interserverapi/saveimage HTTP/1.1" 200 410 "-" "-"
164.52.206.209 - - [04/Apr/2021:09:39:55 +0530] "POST /psc/interserverapi/saveimage HTTP/1.1" 200 410 "-" "-"
164.52.206.209 - - [04/Apr/2021:09:40:17 +0530] "POST /psc/interserverapi/saveimage HTTP/1.1" 200 410 "-" "-"
164.52.206.209 - - [04/Apr/2021:09:41:31 +0530] "POST /psc/interserverapi/saveimage HTTP/1.1" 200 410 "-" "-"
164.52.206.209 - - [04/Apr/2021:09:43:24 +0530] "POST /psc/interserverapi/saveimage HTTP/1.1" 200 410 "-" "-"
164.52.206.209 - - [04/Apr/2021:09:43:50 +0530] "POST /psc/interserverapi/saveimage HTTP/1.1" 200 410 "-" "-"
164.52.206.209 - - [04/Apr/2021:09:43:55 +0530] "POST /psc/interserverapi/saveimage HTTP/1.1" 200 410 "-" "-"
164.52.206.209 - - [04/Apr/2021:09:44:02 +0530] "POST /psc/interserverapi/saveimage HTTP/1.1" 200 410 "-" "-"
164.52.206.209 - - [04/Apr/2021:09:44:12 +0530] "POST /psc/interserverapi/saveimage HTTP/1.1" 200 410 "-" "-"
164.52.206.209 - - [04/Apr/2021:09:44:16 +0530] "POST /psc/interserverapi/saveimage HTTP/1.1" 200 410 "-" "-"
164.52.206.209 - - [04/Apr/2021:09:44:34 +0530] "POST /psc/interserverapi/saveimage HTTP/1.1" 200 410 "-" "-"
164.52.206.209 - - [04/Apr/2021:09:44:40 +0530] "GET /psc/upload/wardboundary/ward8.geojson HTTP/1.0" 200 30726 "-" "-"
164.52.206.209 - - [04/Apr/2021:09:44:42 +0530] "GET /psc/upload/wardboundary/ward8.geojson HTTP/1.0" 200 30726 "-" "-"
164.52.206.209 - - [04/Apr/2021:09:46:31 +0530] "POST /psc/interserverapi/saveimage HTTP/1.1" 200 410 "-" "-"
164.52.206.209 - - [04/Apr/2021:09:46:31 +0530] "POST /psc/interserverapi/saveimage HTTP/1.1" 200 410 "-" "-"
164.52.206.209 - - [04/Apr/2021:09:46:53 +0530] "POST /psc/interserverapi/saveimage HTTP/1.1" 200 410 "-" "-"
164.52.206.209 - - [04/Apr/2021:09:46:59 +0530] "POST /psc/interserverapi/saveimage HTTP/1.1" 200 410 "-" "-"
164.52.206.209 - - [04/Apr/2021:09:47:07 +0530] "POST /psc/interserverapi/saveimage HTTP/1.1" 200 410 "-" "-"
164.52.206.209 - - [04/Apr/2021:09:47:22 +0530] "POST /psc/interserverapi/saveimage HTTP/1.1" 200 410 "-" "-"
164.52.206.209 - - [04/Apr/2021:09:47:56 +0530] "GET /psc/upload/wardboundary/ward8.geojson HTTP/1.0" 200 30726 "-" "-"
164.52.206.209 - - [04/Apr/2021:09:48:00 +0530] "POST /psc/interserverapi/saveimage HTTP/1.1" 200 410 "-" "-"
164.52.206.209 - - [04/Apr/2021:09:48:04 +0530] "GET /psc/upload/wardboundary/ward34.geojson HTTP/1.0" 200 14589 "-" "-"
164.52.206.209 - - [04/Apr/2021:09:49:13 +0530] "POST /psc/interserverapi/saveimage HTTP/1.1" 200 410 "-" "-"
164.52.206.209 - - [04/Apr/2021:09:49:36 +0530] "POST /psc/interserverapi/saveimage HTTP/1.1" 200 410 "-" "-"
164.52.206.209 - - [04/Apr/2021:09:49:49 +0530] "POST /psc/interserverapi/saveimage HTTP/1.1" 200 410 "-" "-"
164.52.206.209 - - [04/Apr/2021:09:49:51 +0530] "POST /psc/interserverapi/saveimage HTTP/1.1" 200 410 "-" "-"
164.52.206.209 - - [04/Apr/2021:09:50:39 +0530] "GET /psc/upload/wardboundary/ward8.geojson HTTP/1.0" 200 30726 "-" "-"
164.52.206.209 - - [04/Apr/2021:09:50:54 +0530] "POST /psc/interserverapi/saveimage HTTP/1.1" 200 410 "-" "-"
164.52.206.209 - - [04/Apr/2021:09:51:40 +0530] "POST /psc/interserverapi/saveimage HTTP/1.1" 200 410 "-" "-"
164.52.206.209 - - [04/Apr/2021:09:52:04 +0530] "POST /psc/interserverapi/saveimage HTTP/1.1" 200 410 "-" "-"
164.52.206.209 - - [04/Apr/2021:09:52:27 +0530] "POST /psc/interserverapi/saveimage HTTP/1.1" 200 410 "-" "-"
164.52.206.209 - - [04/Apr/2021:09:52:31 +0530] "POST /psc/interserverapi/saveimage HTTP/1.1" 200 410 "-" "-"
164.52.206.209 - - [04/Apr/2021:09:53:09 +0530] "POST /psc/interserverapi/saveimage HTTP/1.1" 200 410 "-" "-"
164.52.206.209 - - [04/Apr/2021:09:54:11 +0530] "POST /psc/interserverapi/saveimage HTTP/1.1" 200 410 "-" "-"
164.52.206.209 - - [04/Apr/2021:09:54:29 +0530] "POST /psc/interserverapi/saveimage HTTP/1.1" 200 410 "-" "-"
164.52.206.209 - - [04/Apr/2021:09:54:59 +0530] "POST /psc/interserverapi/saveimage HTTP/1.1" 200 410 "-" "-"
164.52.206.209 - - [04/Apr/2021:09:55:25 +0530] "POST /psc/interserverapi/saveimage HTTP/1.1" 200 410 "-" "-"
164.52.206.209 - - [04/Apr/2021:09:55:41 +0530] "POST /psc/interserverapi/saveimage HTTP/1.1" 200 410 "-" "-"
164.52.206.209 - - [04/Apr/2021:09:55:44 +0530] "POST /psc/interserverapi/saveimage HTTP/1.1" 200 410 "-" "-"
164.52.206.209 - - [04/Apr/2021:09:56:41 +0530] "POST /psc/interserverapi/saveimage HTTP/1.1" 200 410 "-" "-"
164.52.206.209 - - [04/Apr/2021:09:56:52 +0530] "POST /psc/interserverapi/saveimage HTTP/1.1" 200 410 "-" "-"
164.52.207.234 - - [04/Apr/2021:09:57:29 +0530] "GET /psc/upload/wardboundary/allWard.geojson HTTP/1.0" 200 1657006 "-" "-"
164.52.207.234 - - [04/Apr/2021:09:57:29 +0530] "GET /psc/download/weekly_data_2021-04-04.json HTTP/1.0" 200 412 "-" "-"
164.52.207.234 - - [04/Apr/2021:09:57:32 +0530] "GET /psc/upload/wardboundary/allWard.geojson HTTP/1.0" 200 1657006 "-" "-"
164.52.207.234 - - [04/Apr/2021:09:57:32 +0530] "GET /psc/download/weekly_data_2021-04-04.json HTTP/1.0" 200 412 "-" "-"
106.210.116.2 - - [04/Apr/2021:09:57:29 +0530] "GET /psc/dashboard HTTP/1.1" 200 56267 "http://164.52.207.234/psc/home" "Mozilla/5.0 (Linux; Android 9; SM-A730F) AppleWebKit/537.36 (KHTML, like Gecko) Chrome/89.0.4389.90 Mobile Safari/537.36"
106.210.116.2 - - [04/Apr/2021:09:57:32 +0530] "GET /psc/dashboard HTTP/1.1" 200 563158 "http://164.52.207.234/psc/home" "Mozilla/5.0 (Linux; Android 9; SM-A730F) AppleWebKit/537.36 (KHTML, like Gecko) Chrome/89.0.4389.90 Mobile Safari/537.36"
106.210.116.2 - - [04/Apr/2021:09:57:36 +0530] "GET /psc/assets/images/favicon.png HTTP/1.1" 200 15817 "http://164.52.207.234/psc/dashboard" "Mozilla/5.0 (Linux; Android 9; SM-A730F) AppleWebKit/537.36 (KHTML, like Gecko) Chrome/89.0.4389.90 Mobile Safari/537.36"
164.52.206.209 - - [04/Apr/2021:09:57:51 +0530] "POST /psc/interserverapi/saveimage HTTP/1.1" 200 410 "-" "-"
164.52.206.209 - - [04/Apr/2021:09:57:57 +0530] "POST /psc/interserverapi/saveimage HTTP/1.1" 200 410 "-" "-"
164.52.206.209 - - [04/Apr/2021:09:58:05 +0530] "POST /psc/interserverapi/saveimage HTTP/1.1" 200 410 "-" "-"
106.210.116.2 - - [04/Apr/2021:09:58:25 +0530] "-" 408 0 "-" "-"
164.52.206.209 - - [04/Apr/2021:09:58:47 +0530] "POST /psc/interserverapi/saveimage HTTP/1.1" 200 410 "-" "-"
164.52.206.209 - - [04/Apr/2021:09:59:11 +0530] "POST /psc/interserverapi/saveimage HTTP/1.1" 200 410 "-" "-"
164.52.206.209 - - [04/Apr/2021:10:00:18 +0530] "POST /psc/interserverapi/saveimage HTTP/1.1" 200 410 "-" "-"
164.52.206.209 - - [04/Apr/2021:10:00:26 +0530] "POST /psc/interserverapi/saveimage HTTP/1.1" 200 410 "-" "-"
164.52.206.209 - - [04/Apr/2021:10:00:31 +0530] "POST /psc/interserverapi/saveimage HTTP/1.1" 200 410 "-" "-"
164.52.206.209 - - [04/Apr/2021:10:01:13 +0530] "POST /psc/interserverapi/saveimage HTTP/1.1" 200 410 "-" "-"
